
> knossos-field@0.2.0-beta.2 test
> npm run assets:audit && node server/test/security.test.mjs && node server/test/body.test.mjs && node server/test/markdown-security.test.mjs && node server/test/browser-url.test.mjs && node server/test/workspace-path.test.mjs && node server/test/terminal-policy.test.mjs && node server/test/child-env.test.mjs && node server/test/glob.test.mjs && node server/test/tools.test.mjs && node server/test/campaign.test.mjs && node server/test/transitions.test.mjs && node server/test/graph.test.mjs && node server/test/director.test.mjs && node server/test/reports.test.mjs && node server/test/knossos-session.test.mjs && node server/test/acp-session.test.mjs && node server/test/adapter-contract.test.mjs && node server/test/event-schema.test.mjs && node server/test/session-usage.test.mjs && node server/test/process-generation.test.mjs && node server/test/budget-ledger.test.mjs && node server/test/permission-policy.test.mjs && node server/test/scenario-matrix.test.mjs && node server/test/edge-cases.test.mjs && node server/test/registry-resilience.test.mjs && node server/test/routines.test.mjs && node server/test/routine-queue-recovery.test.mjs && node server/test/git-state.test.mjs && node server/test/eventlog.test.mjs && node server/test/api-pagination.test.mjs && node server/test/replay.test.mjs && node server/test/ws.test.mjs && node server/test/simulation.test.mjs && node server/test/world.test.mjs && node server/test/projection-focus.test.mjs && node server/test/stress.test.mjs


> knossos-field@0.2.0-beta.2 assets:audit
> node scripts/audit-assets.mjs

asset audit passed: 6 referenced files, 5137924 bytes, hashes verified
security: bootstrap, split authority, loopback, host, origin, cookie, and websocket gates passed
body: byte cap, JSON errors, empty bodies, and ingestion deadline passed
markdown: CommonMark parsing and strict HTML/URL sanitization passed
browser URL: protocols, credentials, complete URLs, and configured domains enforced
workspace paths: canonical roots, secrets, gitignore, writes, and link/junction containment passed
terminal policy: validation, credential redaction, byte cap, and line cap passed
child env: base allowlist, provider isolation, explicit credentials, and canary scrubbing passed
glob: 24 assertions passed
FAIL Read => ws=undefined dir="undefined" (want outer "core/placement/src")
FAIL Grep => ws=undefined dir="undefined" (want outer "core/placement/src")
FAIL Grep => ws=undefined dir="undefined" (want outer "core/placement/src")
FAIL Glob => ws=undefined dir="undefined" (want outer "core")
FAIL Bash => ws=undefined dir="undefined" (want outer "")
FAIL nested => ws=undefined dir="undefined"

tools: 6 failed
