=== phase build 12:20:09
[1m[92m   Compiling[0m proc-macro2 v1.0.107
[1m[92m   Compiling[0m unicode-ident v1.0.24
[1m[92m   Compiling[0m quote v1.0.47
[1m[92m   Compiling[0m libc v0.2.189
[1m[92m   Compiling[0m syn v2.0.119
[1m[92m   Compiling[0m jobserver v0.1.35
[1m[92m   Compiling[0m find-msvc-tools v0.1.9
[1m[92m   Compiling[0m shlex v2.0.1
[1m[92m   Compiling[0m cc v1.4.0
[1m[92m   Compiling[0m log v0.4.33
[1m[92m   Compiling[0m itoa v1.0.18
[1m[92m   Compiling[0m bytes v1.12.1
[1m[92m   Compiling[0m pin-project-lite v0.2.17
[1m[92m   Compiling[0m synstructure v0.13.2
[1m[92m   Compiling[0m once_cell v1.21.4
[1m[92m   Compiling[0m pkg-config v0.3.33
[1m[92m   Compiling[0m syn v3.0.3
[1m[92m   Compiling[0m zerofrom-derive v0.1.7
[1m[92m   Compiling[0m zerofrom v0.1.8
[1m[92m   Compiling[0m yoke-derive v0.8.2
[1m[92m   Compiling[0m stable_deref_trait v1.2.1
[1m[92m   Compiling[0m futures-core v0.3.33
[1m[92m   Compiling[0m yoke v0.8.3
[1m[92m   Compiling[0m cfg-if v1.0.4
[1m[92m   Compiling[0m zerovec-derive v0.11.3
[1m[92m   Compiling[0m mio v1.2.2
[1m[92m   Compiling[0m errno v0.3.14
[1m[92m   Compiling[0m equivalent v1.0.2
[1m[92m   Compiling[0m signal-hook-registry v1.4.8
[1m[92m   Compiling[0m zerovec v0.11.6
[1m[92m   Compiling[0m tokio-macros v2.7.1
[1m[92m   Compiling[0m displaydoc v0.2.6
[1m[92m   Compiling[0m tracing-core v0.1.36
[1m[92m   Compiling[0m http v1.4.2
[1m[92m   Compiling[0m cmake v0.1.58
[1m[92m   Compiling[0m socket2 v0.6.5
[1m[92m   Compiling[0m smallvec v1.15.2
[1m[92m   Compiling[0m memchr v2.8.3
[1m[92m   Compiling[0m dunce v1.0.5
[1m[92m   Compiling[0m fs_extra v1.3.0
[1m[92m   Compiling[0m aws-lc-sys v0.43.0
[1m[92m   Compiling[0m tokio v1.53.1
[1m[92m   Compiling[0m tracing-attributes v0.1.31
[1m[92m   Compiling[0m version_check v0.9.5
[1m[92m   Compiling[0m foldhash v0.2.0
[1m[92m   Compiling[0m futures-sink v0.3.33
[1m[92m   Compiling[0m hashbrown v0.17.1
[1m[92m   Compiling[0m generic-array v0.14.7
[1m[92m   Compiling[0m tracing v0.1.44
[1m[92m   Compiling[0m serde_core v1.0.229
[1m[92m   Compiling[0m slab v0.4.12
[1m[92m   Compiling[0m tinystr v0.8.3
[1m[92m   Compiling[0m zeroize v1.9.0
[1m[92m   Compiling[0m litemap v0.8.2
[1m[92m   Compiling[0m httparse v1.10.1
[1m[92m   Compiling[0m zmij v1.0.23
[1m[92m   Compiling[0m typenum v1.20.1
[1m[92m   Compiling[0m writeable v0.6.3
[1m[92m   Compiling[0m aws-lc-rs v1.17.3
[1m[92m   Compiling[0m icu_locale_core v2.2.0
[1m[92m   Compiling[0m http-body v1.1.0
[1m[92m   Compiling[0m zerotrie v0.2.4
[1m[92m   Compiling[0m potential_utf v0.1.5
[1m[92m   Compiling[0m futures-macro v0.3.33
[1m[92m   Compiling[0m futures-task v0.3.33
[1m[92m   Compiling[0m icu_normalizer_data v2.2.0
[1m[92m   Compiling[0m icu_properties_data v2.2.0
[1m[92m   Compiling[0m getrandom v0.3.4
[1m[92m   Compiling[0m percent-encoding v2.3.2
[1m[92m   Compiling[0m zerocopy v0.8.57
[1m[92m   Compiling[0m utf8_iter v1.0.4
[1m[92m   Compiling[0m icu_collections v2.2.0
[1m[92m   Compiling[0m futures-util v0.3.33
[1m[92m   Compiling[0m icu_provider v2.2.0
[1m[92m   Compiling[0m rustls-pki-types v1.15.1
[1m[92m   Compiling[0m indexmap v2.14.0
[1m[92m   Compiling[0m aho-corasick v1.1.4
[1m[92m   Compiling[0m regex-syntax v0.8.11
[1m[92m   Compiling[0m tower-service v0.3.3
[1m[92m   Compiling[0m serde v1.0.229
[1m[92m   Compiling[0m regex-automata v0.4.16
[1m[92m   Compiling[0m block-buffer v0.10.4
[1m[92m   Compiling[0m crypto-common v0.1.7
[1m[92m   Compiling[0m tokio-util v0.7.19
[1m[92m   Compiling[0m serde_derive v1.0.229
[1m[92m   Compiling[0m untrusted v0.9.0
[1m[92m   Compiling[0m atomic-waker v1.1.2
[1m[92m   Compiling[0m fnv v1.0.7
[1m[92m   Compiling[0m tree-sitter-language v0.1.7
[1m[92m   Compiling[0m bitflags v2.13.1
[1m[92m   Compiling[0m try-lock v0.2.5
[1m[92m   Compiling[0m thiserror v2.0.19
[1m[92m   Compiling[0m rustls v0.23.42
[1m[92m   Compiling[0m want v0.3.1
[1m[92m   Compiling[0m h2 v0.4.15
=== progress at 12:20:34, 25s into the step
    PID    PPID    PGID     ELAPSED STAT   RSS COMMAND
   1914    1895    1822       01:17 Sl   201508 /home/runner/actions-runner/cached/2.337.0/bin/Runner.Worker spawnclient 142 145
   7506    5545    1822       00:00 Sl   153588 /home/runner/.rustup/toolchains/stable-x86_64-unknown-linux-gnu/bin/rustc --crate-name h2 --edition=2021 /home/runner/.cargo/registry/src/index.crates.io-1949cf8c6b5b557f/h2-0.4.15/src/lib.rs --error-format=json --json=diagnostic-rendered-ansi,artifacts,future-incompat --crate-type lib --emit=dep-info,metadata,link -C embed-bitcode=no --warn=unexpected_cfgs --check-cfg cfg(fuzzing) --check-cfg cfg(docsrs,test) --check-cfg cfg(feature, values("stream", "unstable")) -C metadata=9c9e6397899db481 -C extra-filename=-34725cd5e7845c8c --out-dir /home/runner/work/Knossos-Harness/Knossos-Harness/knossos-rs/target/debug/deps -C strip=debuginfo -L dependency=/home/runner/work/Knossos-Harness/Knossos-Harness/knossos-rs/target/debug/deps --extern atomic_waker=/home/runner/work/Knossos-Harness/Knossos-Harness/knossos-rs/target/debug/deps/libatomic_waker-e5215113ebe843a0.rmeta --extern bytes=/home/runner/work/Knossos-Harness/Knossos-Harness/knossos-rs/target/debug/deps/libbytes-98b9db333d3aad57.rmeta --extern fnv=/home/runner/work/Knossos-Harness/Knossos-Harness/knossos-rs/target/debug/deps/libfnv-aa65d4096dc0a9b1.rmeta --extern futures_core=/home/runner/work/Knossos-Harness/Knossos-Harness/knossos-rs/target/debug/deps/libfutures_core-b964196e8f6f58cd.rmeta --extern futures_sink=/home/runner/work/Knossos-Harness/Knossos-Harness/knossos-rs/target/debug/deps/libfutures_sink-54ad2e8ec5f00a5b.rmeta --extern http=/home/runner/work/Knossos-Harness/Knossos-Harness/knossos-rs/target/debug/deps/libhttp-c85b6ab178bdaf64.rmeta --extern indexmap=/home/runner/work/Knossos-Harness/Knossos-Harness/knossos-rs/target/debug/deps/libindexmap-254c5268b03dc543.rmeta --extern slab=/home/runner/work/Knossos-Harness/Knossos-Harness/knossos-rs/target/debug/deps/libslab-23ba86673fd0d7a7.rmeta --extern tokio=/home/runner/work/Knossos-Harness/Knossos-Harness/knossos-rs/target/debug/deps/libtokio-fcf8d8c00d2f34a1.rmeta --extern tokio_util=/home/runner/work/Knossos-Harness/Knossos-Harness/knossos-rs/target/debug/deps/libtokio_util-a65b305016c9ac4e.rmeta --extern tracing=/home/runner/work/Knossos-Harness/Knossos-Harness/knossos-rs/target/debug/deps/libtracing-17d360482eafb033.rmeta --cap-lints allow
   1860    1858    1822       01:19 Sl   130776 /tmp/provjobd393468614
   1895    1822    1822       01:18 Sl   97440 /home/runner/actions-runner/cached/2.337.0/bin/Runner.Listener run
   5545    5540    1822       00:25 Sl   82252 /home/runner/.rustup/toolchains/stable-x86_64-unknown-linux-gnu/bin/cargo build --locked --bin knossos
   1048       1    1048       01:35 Ssl  72108 /usr/bin/dockerd -H fd:// --containerd=/run/containerd/containerd.sock
    768       1     768       01:35 Ss   51580 php-fpm: master process (/etc/php/8.3/fpm/php-fpm.conf)
    853       1     853       01:35 Ssl  45716 /usr/bin/containerd
    221       1     221       01:42 SLsl 43680 /sbin/multipathd -d -s
   1195     811     811       01:34 Sl   38324 /usr/bin/python3 -u bin/WALinuxAgent-2.16.0.2-py3.12.egg -run-exthandlers
    811       1     811       01:35 Ss   31904 /usr/bin/python3 -u /usr/sbin/waagent -daemon
   1010     768     768       01:35 S    21548 php-fpm: pool www
   1011     768     768       01:35 S    21548 php-fpm: pool www
    766       1     766       01:35 Ss   20908 /usr/bin/python3 /usr/bin/networkd-dispatcher --run-startup-triggers
   1822       1    1822       01:19 Ssl  17600 /opt/hca/hosted-compute-agent
    156       1     156       01:42 S<s  16324 /usr/lib/systemd/systemd-journald
      1       0       1       01:44 Ss   14424 /sbin/init
    805       1     805       01:35 Ssl  13756 /usr/libexec/udisks2/udisksd
    402       1     402       01:42 Ss   13328 /usr/lib/systemd/systemd-resolved
    969       1     969       01:35 Ssl  12964 /usr/sbin/ModemManager
    909       1     909       01:35 Ss   11692 /usr/lib/systemd/systemd --user
    792       1     792       01:35 Ss    9984 /usr/lib/systemd/systemd-logind
    641       1     641       01:39 Ss    9824 /usr/lib/systemd/systemd-networkd
    773       1     773       01:35 Ssl   8120 /usr/lib/polkit-1/polkitd --no-debug
    226       1     226       01:42 Ss    8084 /usr/lib/systemd/systemd-udevd
   1858    1822    1822       01:19 S     7140 sudo -n PROVJOBD_E2E=1 /tmp/provjobd393468614
    491       1     491       01:42 Ss    6660 /usr/sbin/haveged --Foreground --verbose=1
    956       1     956       01:35 Ssl   6268 /usr/sbin/rsyslogd -n -iNONE
    761       1     761       01:35 Ss    5556 @dbus-daemon --system --address=systemd: --nofork --nopidfile --systemd-activation --syslog-only
   6253    5545    1822       00:16 S     4344 /home/runner/work/Knossos-Harness/Knossos-Harness/knossos-rs/target/debug/build/aws-lc-sys-f2d7c36df383d263/build-script-main
   7516    5539    1822       00:00 R     4332 ps -eo pid,ppid,pgid,etime,stat,rss,args --sort=-rss
    887       1     886       01:35 S     3824 /usr/sbin/chronyd -F 1
   5539    1914    1822       00:25 S     3680 /usr/bin/bash --noprofile --norc -e -o pipefail /home/runner/work/_temp/666769e8-c3dc-42e7-a5fc-2852bb2edfdf.sh
    917     909     909       01:35 S     3640 (sd-pam)
    308       1     308       01:42 Ss    2968 /usr/lib/linux-tools/6.17.0-1022-azure/hv_kvp_daemon -n
    826       1     826       01:35 Ss    2864 /usr/sbin/cron -f -P
   5541    5539    1822       00:25 S     2404 /usr/bin/bash --noprofile --norc -e -o pipefail /home/runner/work/_temp/666769e8-c3dc-42e7-a5fc-2852bb2edfdf.sh
   5540    5539    1822       00:25 S     2244 /usr/bin/bash --noprofile --norc -e -o pipefail /home/runner/work/_temp/666769e8-c3dc-42e7-a5fc-2852bb2edfdf.sh
    879       1     879       01:35 Ss+   2220 /sbin/agetty -o -p -- \u --keep-baud 115200,57600,38400,9600 - vt220
               total        used        free      shared  buff/cache   available
Mem:           15988        1347       10817          48        4218       14640
Swap:           3071           0        3071
Filesystem      Size  Used Avail Use% Mounted on
/dev/root       145G   60G   85G  42% /
/dev/root       145G   60G   85G  42% /
[    3.645592] pci 7870:00:00.0: BAR 0 [mem 0xfc2000000-0xfc3ffffff 64bit pref]: assigned
[    3.647387] pci 7870:00:00.0: BAR 4 [mem 0xfc4000000-0xfc4007fff 64bit pref]: assigned
[    3.649014] mana 7870:00:00.0: enabling device (0000 -> 0002)
[    3.658611] mana 7870:00:00.0: Microsoft Azure Network Adapter protocol version: 0.1.1
[    3.659740] hv_netvsc f8615163-0000-1000-2000-6045bd33684c eth0: VF registering: eth1
[    3.659770] mana 7870:00:00.0 eth1: joined to eth0
[    3.661902] mana 7870:00:00.0 ens1: renamed from eth1
[    3.768050] mana 7870:00:00.0 ens1: Configured vPort 0 PD 18 DB 16
[    3.772238] mana 7870:00:00.0 ens1: Configured steering vPort 0 entries 64
[    3.772742] hv_netvsc f8615163-0000-1000-2000-6045bd33684c eth0: Data path switched to VF: ens1
[    5.356021] hv_netvsc f8615163-0000-1000-2000-6045bd33684c eth0: Data path switched from VF: ens1
[    5.356177] mana 7870:00:00.0 ens1: Configured steering vPort 0 entries 64
[    5.816869] mana 7870:00:00.0 ens1: Configured vPort 0 PD 18 DB 16
[    5.821573] mana 7870:00:00.0 ens1: Configured steering vPort 0 entries 64
[    5.822061] hv_netvsc f8615163-0000-1000-2000-6045bd33684c eth0: Data path switched to VF: ens1
[    5.822198] mana 7870:00:00.0 mana_0: Port: 1 Link ACTIVE
[    7.763850] EXT4-fs (nvme0n1p1): resizing filesystem from 19398395 to 39059195 blocks
[    8.716043] EXT4-fs (nvme0n1p1): resized filesystem to 39059195
[    9.416266] block nvme0n1: No UUID available providing old NGUID
[    9.637503] evm: overlay not supported
[    9.739929] kauditd_printk_skb: 113 callbacks suppressed
[    9.739933] audit: type=1400 audit(1789993138.959:124): apparmor="STATUS" operation="profile_replace" info="same as current profile, skipping" profile="unconfined" name="rsyslogd" pid=819 comm="apparmor_parser"
[    9.929804] systemd-journald[156]: /var/log/journal/58b34b8c91a94400a52c175421986a53/user-1001.journal: Journal file uses a different sequence number ID, rotating.
[    9.930940] loop0: detected capacity change from 0 to 8
[   10.098293] audit: type=1400 audit(1789993139.317:125): apparmor="STATUS" operation="profile_replace" info="same as current profile, skipping" profile="unconfined" name="/usr/lib/snapd/snap-confine" pid=1058 comm="apparmor_parser"
[   10.267615] audit: type=1400 audit(1789993139.486:126): apparmor="STATUS" operation="profile_load" profile="unconfined" name="docker-default" pid=1210 comm="apparmor_parser"
[   10.463985] Initializing XFRM netlink socket
[   10.583923] bridge: filtering via arp/ip/ip6tables is no longer available by default. Update your scripts to load br_netfilter if you need this.
[   13.907077] Adding 3145724k swap on /swapfile.  Priority:-2 extents:66 across:56459260k SS
[   49.602561] hv_balloon: Max. dynamic memory size: 16384 MB
