[1m[92m   Compiling[0m proc-macro2 v1.0.107
[1m[92m   Compiling[0m unicode-ident v1.0.24
[1m[92m   Compiling[0m quote v1.0.47
[1m[92m   Compiling[0m libc v0.2.189
[1m[92m   Compiling[0m syn v2.0.119
[1m[92m   Compiling[0m jobserver v0.1.35
[1m[92m   Compiling[0m find-msvc-tools v0.1.9
[1m[92m   Compiling[0m shlex v2.0.1
[1m[92m   Compiling[0m cc v1.4.0
[1m[92m   Compiling[0m log v0.4.33
[1m[92m   Compiling[0m itoa v1.0.18
[1m[92m   Compiling[0m bytes v1.12.1
[1m[92m   Compiling[0m once_cell v1.21.4
[1m[92m   Compiling[0m pin-project-lite v0.2.17
[1m[92m   Compiling[0m synstructure v0.13.2
[1m[92m   Compiling[0m pkg-config v0.3.33
[1m[92m   Compiling[0m syn v3.0.3
[1m[92m   Compiling[0m zerofrom-derive v0.1.7
[1m[92m   Compiling[0m zerofrom v0.1.8
[1m[92m   Compiling[0m yoke-derive v0.8.2
[1m[92m   Compiling[0m futures-core v0.3.33
[1m[92m   Compiling[0m stable_deref_trait v1.2.1
[1m[92m   Compiling[0m cfg-if v1.0.4
[1m[92m   Compiling[0m yoke v0.8.3
[1m[92m   Compiling[0m zerovec-derive v0.11.3
[1m[92m   Compiling[0m mio v1.2.2
[1m[92m   Compiling[0m errno v0.3.14
[1m[92m   Compiling[0m equivalent v1.0.2
[1m[92m   Compiling[0m signal-hook-registry v1.4.8
[1m[92m   Compiling[0m zerovec v0.11.6
[1m[92m   Compiling[0m displaydoc v0.2.6
[1m[92m   Compiling[0m tokio-macros v2.7.1
[1m[92m   Compiling[0m tracing-core v0.1.36
[1m[92m   Compiling[0m http v1.4.2
[1m[92m   Compiling[0m cmake v0.1.58
[1m[92m   Compiling[0m socket2 v0.6.5
[1m[92m   Compiling[0m memchr v2.8.3
[1m[92m   Compiling[0m dunce v1.0.5
[1m[92m   Compiling[0m fs_extra v1.3.0
[1m[92m   Compiling[0m smallvec v1.15.2
[1m[92m   Compiling[0m aws-lc-sys v0.43.0
[1m[92m   Compiling[0m tokio v1.53.1
[1m[92m   Compiling[0m tracing-attributes v0.1.31
[1m[92m   Compiling[0m version_check v0.9.5
[1m[92m   Compiling[0m futures-sink v0.3.33
[1m[92m   Compiling[0m foldhash v0.2.0
[1m[92m   Compiling[0m hashbrown v0.17.1
[1m[92m   Compiling[0m generic-array v0.14.7
[1m[92m   Compiling[0m tracing v0.1.44
[1m[92m   Compiling[0m slab v0.4.12
[1m[92m   Compiling[0m serde_core v1.0.229
[1m[92m   Compiling[0m tinystr v0.8.3
[1m[92m   Compiling[0m litemap v0.8.2
[1m[92m   Compiling[0m zeroize v1.9.0
[1m[92m   Compiling[0m httparse v1.10.1
[1m[92m   Compiling[0m zmij v1.0.23
[1m[92m   Compiling[0m writeable v0.6.3
[1m[92m   Compiling[0m aws-lc-rs v1.17.3
[1m[92m   Compiling[0m typenum v1.20.1
[1m[92m   Compiling[0m icu_locale_core v2.2.0
[1m[92m   Compiling[0m http-body v1.1.0
[1m[92m   Compiling[0m zerotrie v0.2.4
[1m[92m   Compiling[0m potential_utf v0.1.5
[1m[92m   Compiling[0m futures-macro v0.3.33
[1m[92m   Compiling[0m bitflags v2.13.1
[1m[92m   Compiling[0m icu_normalizer_data v2.2.0
[1m[92m   Compiling[0m futures-task v0.3.33
[1m[92m   Compiling[0m icu_properties_data v2.2.0
[1m[92m   Compiling[0m getrandom v0.3.4
[1m[92m   Compiling[0m utf8_iter v1.0.4
[1m[92m   Compiling[0m zerocopy v0.8.57
[1m[92m   Compiling[0m percent-encoding v2.3.2
[1m[92m   Compiling[0m icu_collections v2.2.0
[1m[92m   Compiling[0m futures-util v0.3.33
[1m[92m   Compiling[0m icu_provider v2.2.0
[1m[92m   Compiling[0m rustls-pki-types v1.15.1
[1m[92m   Compiling[0m indexmap v2.14.0
[1m[92m   Compiling[0m aho-corasick v1.1.4
[1m[92m   Compiling[0m tower-service v0.3.3
[1m[92m   Compiling[0m serde v1.0.229
[1m[92m   Compiling[0m regex-syntax v0.8.11
[1m[92m   Compiling[0m regex-automata v0.4.16
=== progress at 07:57:59, 25s into the step
    PID    PPID    PGID     ELAPSED STAT   RSS COMMAND
   7273    5696    2013       00:01 Sl   286964 /home/runner/.rustup/toolchains/stable-x86_64-unknown-linux-gnu/bin/rustc --crate-name regex_automata --edition=2021 /home/runner/.cargo/registry/src/index.crates.io-1949cf8c6b5b557f/regex-automata-0.4.16/src/lib.rs --error-format=json --json=diagnostic-rendered-ansi,artifacts,future-incompat --crate-type lib --emit=dep-info,metadata,link -C embed-bitcode=no --allow=unexpected_cfgs --check-cfg cfg(docsrs_regex) --cfg feature="alloc" --cfg feature="dfa-build" --cfg feature="dfa-onepass" --cfg feature="dfa-search" --cfg feature="hybrid" --cfg feature="meta" --cfg feature="nfa" --cfg feature="nfa-backtrack" --cfg feature="nfa-pikevm" --cfg feature="nfa-thompson" --cfg feature="perf" --cfg feature="perf-inline" --cfg feature="perf-literal" --cfg feature="perf-literal-multisubstring" --cfg feature="perf-literal-substring" --cfg feature="std" --cfg feature="syntax" --cfg feature="unicode" --cfg feature="unicode-age" --cfg feature="unicode-bool" --cfg feature="unicode-case" --cfg feature="unicode-gencat" --cfg feature="unicode-perl" --cfg feature="unicode-script" --cfg feature="unicode-segment" --cfg feature="unicode-word-boundary" --check-cfg cfg(docsrs,test) --check-cfg cfg(feature, values("alloc", "default", "dfa", "dfa-build", "dfa-onepass", "dfa-search", "hybrid", "internal-instrument", "internal-instrument-pikevm", "logging", "meta", "nfa", "nfa-backtrack", "nfa-pikevm", "nfa-thompson", "perf", "perf-inline", "perf-literal", "perf-literal-multisubstring", "perf-literal-substring", "std", "syntax", "unicode", "unicode-age", "unicode-bool", "unicode-case", "unicode-gencat", "unicode-perl", "unicode-script", "unicode-segment", "unicode-word-boundary")) -C metadata=85dc6c17a9fb8b79 -C extra-filename=-e395964135d88009 --out-dir /home/runner/work/Knossos-Harness/Knossos-Harness/knossos-rs/target/debug/deps -C strip=debuginfo -L dependency=/home/runner/work/Knossos-Harness/Knossos-Harness/knossos-rs/target/debug/deps --extern aho_corasick=/home/runner/work/Knossos-Harness/Knossos-Harness/knossos-rs/target/debug/deps/libaho_corasick-14a51e478d192376.rmeta --extern memchr=/home/runner/work/Knossos-Harness/Knossos-Harness/knossos-rs/target/debug/deps/libmemchr-43aded205edce545.rmeta --extern regex_syntax=/home/runner/work/Knossos-Harness/Knossos-Harness/knossos-rs/target/debug/deps/libregex_syntax-808f6e5efba22395.rmeta --cap-lints allow
   2086    2066    2013       01:42 Sl   131160 /home/runner/actions-runner/cached/2.337.0/bin/Runner.Worker spawnclient 142 145
   2027    2025    2013       01:45 Sl   129576 /tmp/provjobd1997485736
   2066    2013    2013       01:45 Sl   96360 /home/runner/actions-runner/cached/2.337.0/bin/Runner.Listener run
   5696    5695    2013       00:25 Sl   86108 /home/runner/.rustup/toolchains/stable-x86_64-unknown-linux-gnu/bin/cargo test --all-targets --locked
   1166       1    1166       02:00 Ssl  71760 /usr/bin/dockerd -H fd:// --containerd=/run/containerd/containerd.sock
    966       1     966       02:01 Ss   51736 php-fpm: master process (/etc/php/8.3/fpm/php-fpm.conf)
   1073       1    1073       02:01 Ssl  46044 /usr/bin/containerd
    224       1     224       02:10 SLsl 43712 /sbin/multipathd -d -s
   1359    1002    1002       02:00 Sl   37264 /usr/bin/python3 -u bin/WALinuxAgent-2.16.0.2-py3.12.egg -run-exthandlers
   1002       1    1002       02:01 Ss   31204 /usr/bin/python3 -u /usr/sbin/waagent -daemon
   1173     966     966       02:00 S    21428 php-fpm: pool www
   1177     966     966       02:00 S    21428 php-fpm: pool www
    963       1     963       02:01 Ss   21040 /usr/bin/python3 /usr/bin/networkd-dispatcher --run-startup-triggers
    156       1     156       02:10 S<s  17872 /usr/lib/systemd/systemd-journald
   2013       1    2013       01:45 Ssl  17864 /opt/hca/hosted-compute-agent
      1       0       1       02:11 Ss   14312 /sbin/init
   1001       1    1001       02:01 Ssl  13812 /usr/libexec/udisks2/udisksd
    562       1     562       02:08 Ss   13236 /usr/lib/systemd/systemd-resolved
   1149       1    1149       02:00 Ssl  13020 /usr/sbin/ModemManager
   1163       1    1163       02:00 Ss   11432 /usr/lib/systemd/systemd --user
    999       1     999       02:01 Ss    9932 /usr/lib/systemd/systemd-logind
    722       1     722       02:05 Ss    9716 /usr/lib/systemd/systemd-networkd
    970       1     970       02:01 Ssl   8164 /usr/lib/polkit-1/polkitd --no-debug
    229       1     229       02:10 Ss    8024 /usr/lib/systemd/systemd-udevd
   2025    2013    2013       01:45 S     7076 sudo -n PROVJOBD_E2E=1 /tmp/provjobd1997485736
    582       1     582       02:08 Ss    6564 /usr/sbin/haveged --Foreground --verbose=1
   1067       1    1067       02:01 Ssl   6360 /usr/sbin/rsyslogd -n -iNONE
    958       1     958       02:01 Ss    5548 @dbus-daemon --system --address=systemd: --nofork --nopidfile --systemd-activation --syslog-only
   7315    5695    2013       00:00 R     4236 ps -eo pid,ppid,pgid,etime,stat,rss,args --sort=-rss
   6399    5696    2013       00:13 D     4204 /home/runner/work/Knossos-Harness/Knossos-Harness/knossos-rs/target/debug/build/aws-lc-sys-f2d7c36df383d263/build-script-main
   1100       1    1099       02:01 S     3656 /usr/sbin/chronyd -F 1
   5695    2086    2013       00:25 S     3604 /usr/bin/bash --noprofile --norc -e -o pipefail /home/runner/work/_temp/dca11731-2b7f-4d60-bd45-a5ede7225b55.sh
   1169    1163    1163       02:00 S     3596 (sd-pam)
    387       1     387       02:08 Ss    2912 /usr/lib/linux-tools/6.17.0-1022-azure/hv_kvp_daemon -n
   1028       1    1028       02:01 Ss    2756 /usr/sbin/cron -f -P
   5697    5695    2013       00:25 S     2420 /usr/bin/bash --noprofile --norc -e -o pipefail /home/runner/work/_temp/dca11731-2b7f-4d60-bd45-a5ede7225b55.sh
   1057       1    1057       02:01 Ss+   2160 /sbin/agetty -o -p -- \u --keep-baud 115200,57600,38400,9600 - vt220
   1075       1    1075       02:01 Ss+   2048 /sbin/agetty -o -p -- \u --noclear - linux
               total        used        free      shared  buff/cache   available
Mem:           15993        1213       11028          46        4145       14780
Swap:           3071           0        3071
Filesystem      Size  Used Avail Use% Mounted on
/dev/root       145G   60G   85G  42% /
/dev/root       145G   60G   85G  42% /
[   11.905883] loop0: detected capacity change from 0 to 8
[   12.017423] systemd-journald[156]: /var/log/journal/58b34b8c91a94400a52c175421986a53/user-1001.journal: Journal file uses a different sequence number ID, rotating.
[   12.140590] audit: type=1400 audit(1789977358.926:125): apparmor="STATUS" operation="profile_replace" info="same as current profile, skipping" profile="unconfined" name="/usr/lib/snapd/snap-confine" pid=1328 comm="apparmor_parser"
[   12.229128] audit: type=1400 audit(1789977359.015:126): apparmor="STATUS" operation="profile_load" profile="unconfined" name="docker-default" pid=1418 comm="apparmor_parser"
[   12.299240] Adding 3145724k swap on /swapfile.  Priority:-2 extents:110 across:54919164k 
[   12.742679] Initializing XFRM netlink socket
[   12.905577] bridge: filtering via arp/ip/ip6tables is no longer available by default. Update your scripts to load br_netfilter if you need this.
[   37.682114] hv_netvsc 6045bd08-0d4f-6045-bd08-0d4f6045bd08 eth0: VF slot 1 added
[   37.683193] hv_pci e88142f0-461b-4935-84f2-d91c87635fb8: PCI VMBus probing: Using version 0x10004
[   37.684737] hv_pci e88142f0-461b-4935-84f2-d91c87635fb8: PCI host bridge to bus 461b:00
[   37.684743] pci_bus 461b:00: root bus resource [mem 0xfc0000000-0xfc00fffff window]
[   37.684748] pci_bus 461b:00: No busn resource found for root bus, will use [bus 00-ff]
[   37.687749] pci 461b:00:02.0: [15b3:1016] type 00 class 0x020000 PCIe Endpoint
[   37.692418] pci 461b:00:02.0: BAR 0 [mem 0xfc0000000-0xfc00fffff 64bit pref]
[   37.693039] pci 461b:00:02.0: enabling Extended Tags
[   37.701325] pci 461b:00:02.0: 0.000 Gb/s available PCIe bandwidth, limited by Unknown x0 link at 461b:00:02.0 (capable of 63.008 Gb/s with 8.0 GT/s PCIe x8 link)
[   37.708604] pci_bus 461b:00: busn_res: [bus 00-ff] end is updated to 00
[   37.708618] pci 461b:00:02.0: BAR 0 [mem 0xfc0000000-0xfc00fffff 64bit pref]: assigned
[   37.981618] mlx5_core 461b:00:02.0: enabling device (0000 -> 0002)
[   37.984673] mlx5_core 461b:00:02.0: firmware version: 14.30.5026
[   38.122241] mlx5_core 461b:00:02.0: Flow counters bulk query buffer size increased, bulk_query_len(8)
[   38.215281] hv_netvsc 6045bd08-0d4f-6045-bd08-0d4f6045bd08 eth0: VF registering: eth1
[   38.215324] mlx5_core 461b:00:02.0 eth1: joined to eth0
[   38.215955] mlx5_core 461b:00:02.0: MLX5E: StrdRq(0) RqSz(1024) StrdSz(256) RxCqeCmprss(0 basic)
[   38.229550] mlx5_core 461b:00:02.0 enP17947s1: renamed from eth1
[   38.258904] MACsec IEEE 802.1AE
[   38.380200] mlx5_core 461b:00:02.0 enP17947s1: Link up
[   38.408003] hv_netvsc 6045bd08-0d4f-6045-bd08-0d4f6045bd08 eth0: Data path switched to VF: enP17947s1
[   38.408297] mlx5_core 461b:00:02.0 mlx5_0: Port: 1 Link ACTIVE
[   49.147181] hv_balloon: Max. dynamic memory size: 16384 MB
