=== phase build 14:09:30
[1m[92m   Compiling[0m proc-macro2 v1.0.107
[1m[92m   Compiling[0m unicode-ident v1.0.24
[1m[92m   Compiling[0m quote v1.0.47
[1m[92m   Compiling[0m libc v0.2.189
[1m[92m   Compiling[0m syn v2.0.119
[1m[92m   Compiling[0m jobserver v0.1.35
[1m[92m   Compiling[0m find-msvc-tools v0.1.9
[1m[92m   Compiling[0m shlex v2.0.1
[1m[92m   Compiling[0m cc v1.4.0
[1m[92m   Compiling[0m log v0.4.33
[1m[92m   Compiling[0m itoa v1.0.18
[1m[92m   Compiling[0m synstructure v0.13.2
[1m[92m   Compiling[0m bytes v1.12.1
[1m[92m   Compiling[0m pin-project-lite v0.2.17
[1m[92m   Compiling[0m zerofrom-derive v0.1.7
[1m[92m   Compiling[0m once_cell v1.21.4
[1m[92m   Compiling[0m pkg-config v0.3.33
[1m[92m   Compiling[0m zerofrom v0.1.8
[1m[92m   Compiling[0m yoke-derive v0.8.2
[1m[92m   Compiling[0m syn v3.0.3
[1m[92m   Compiling[0m futures-core v0.3.33
[1m[92m   Compiling[0m stable_deref_trait v1.2.1
[1m[92m   Compiling[0m yoke v0.8.3
[1m[92m   Compiling[0m cfg-if v1.0.4
[1m[92m   Compiling[0m mio v1.2.2
[1m[92m   Compiling[0m zerovec-derive v0.11.3
[1m[92m   Compiling[0m errno v0.3.14
[1m[92m   Compiling[0m equivalent v1.0.2
[1m[92m   Compiling[0m signal-hook-registry v1.4.8
[1m[92m   Compiling[0m zerovec v0.11.6
[1m[92m   Compiling[0m tracing-core v0.1.36
[1m[92m   Compiling[0m http v1.4.2
[1m[92m   Compiling[0m cmake v0.1.58
[1m[92m   Compiling[0m displaydoc v0.2.6
[1m[92m   Compiling[0m tokio-macros v2.7.1
[1m[92m   Compiling[0m socket2 v0.6.5
[1m[92m   Compiling[0m dunce v1.0.5
[1m[92m   Compiling[0m fs_extra v1.3.0
[1m[92m   Compiling[0m memchr v2.8.3
[1m[92m   Compiling[0m smallvec v1.15.2
[1m[92m   Compiling[0m aws-lc-sys v0.43.0
[1m[92m   Compiling[0m tokio v1.53.1
[1m[92m   Compiling[0m tracing-attributes v0.1.31
[1m[92m   Compiling[0m version_check v0.9.5
[1m[92m   Compiling[0m foldhash v0.2.0
[1m[92m   Compiling[0m futures-sink v0.3.33
[1m[92m   Compiling[0m hashbrown v0.17.1
[1m[92m   Compiling[0m generic-array v0.14.7
[1m[92m   Compiling[0m tracing v0.1.44
[1m[92m   Compiling[0m serde_core v1.0.229
[1m[92m   Compiling[0m slab v0.4.12
[1m[92m   Compiling[0m tinystr v0.8.3
[1m[92m   Compiling[0m writeable v0.6.3
[1m[92m   Compiling[0m aws-lc-rs v1.17.3
[1m[92m   Compiling[0m litemap v0.8.2
[1m[92m   Compiling[0m zeroize v1.9.0
[1m[92m   Compiling[0m typenum v1.20.1
[1m[92m   Compiling[0m zmij v1.0.23
[1m[92m   Compiling[0m httparse v1.10.1
[1m[92m   Compiling[0m icu_locale_core v2.2.0
[1m[92m   Compiling[0m zerotrie v0.2.4
[1m[92m   Compiling[0m http-body v1.1.0
[1m[92m   Compiling[0m potential_utf v0.1.5
[1m[92m   Compiling[0m futures-macro v0.3.33
[1m[92m   Compiling[0m icu_normalizer_data v2.2.0
[1m[92m   Compiling[0m futures-task v0.3.33
[1m[92m   Compiling[0m percent-encoding v2.3.2
[1m[92m   Compiling[0m getrandom v0.3.4
[1m[92m   Compiling[0m zerocopy v0.8.57
[1m[92m   Compiling[0m icu_properties_data v2.2.0
[1m[92m   Compiling[0m utf8_iter v1.0.4
[1m[92m   Compiling[0m icu_collections v2.2.0
[1m[92m   Compiling[0m futures-util v0.3.33
[1m[92m   Compiling[0m icu_provider v2.2.0
[1m[92m   Compiling[0m rustls-pki-types v1.15.1
[1m[92m   Compiling[0m indexmap v2.14.0
[1m[92m   Compiling[0m aho-corasick v1.1.4
[1m[92m   Compiling[0m tower-service v0.3.3
[1m[92m   Compiling[0m regex-syntax v0.8.11
[1m[92m   Compiling[0m serde v1.0.229
[1m[92m   Compiling[0m regex-automata v0.4.16
[1m[92m   Compiling[0m crypto-common v0.1.7
[1m[92m   Compiling[0m block-buffer v0.10.4
[1m[92m   Compiling[0m tokio-util v0.7.19
[1m[92m   Compiling[0m serde_derive v1.0.229
[1m[92m   Compiling[0m tree-sitter-language v0.1.7
[1m[92m   Compiling[0m try-lock v0.2.5
[1m[92m   Compiling[0m bitflags v2.13.1
[1m[92m   Compiling[0m untrusted v0.9.0
[1m[92m   Compiling[0m rustls v0.23.42
[1m[92m   Compiling[0m atomic-waker v1.1.2
[1m[92m   Compiling[0m thiserror v2.0.19
[1m[92m   Compiling[0m fnv v1.0.7
[1m[92m   Compiling[0m h2 v0.4.15
[1m[92m   Compiling[0m rustls-webpki v0.103.13
[1m[92m   Compiling[0m want v0.3.1
[1m[92m   Compiling[0m digest v0.10.7
[1m[92m   Compiling[0m icu_properties v2.2.0
[1m[92m   Compiling[0m ppv-lite86 v0.2.21
[1m[92m   Compiling[0m rand_core v0.9.5
[1m[92m   Compiling[0m icu_normalizer v2.2.0
[1m[92m   Compiling[0m form_urlencoded v1.2.2
[1m[92m   Compiling[0m sync_wrapper v1.0.2
[1m[92m   Compiling[0m futures-channel v0.3.33
[1m[92m   Compiling[0m thiserror-impl v2.0.19
[1m[92m   Compiling[0m subtle v2.6.1
[1m[92m   Compiling[0m cpufeatures v0.2.17
[1m[92m   Compiling[0m crossbeam-utils v0.8.22
[1m[92m   Compiling[0m httpdate v1.0.3
[1m[92m   Compiling[0m serde_json v1.0.151
[1m[92m   Compiling[0m tower-layer v0.3.3
[1m[92m   Compiling[0m hyper v1.11.0
[1m[92m   Compiling[0m idna_adapter v1.2.2
[1m[92m   Compiling[0m rand_chacha v0.9.0
[1m[92m   Compiling[0m ipnet v2.12.0
[1m[92m   Compiling[0m inotify-sys v0.1.8
[1m[92m   Compiling[0m crossbeam-epoch v0.9.20
[1m[92m   Compiling[0m vcpkg v0.2.15
[1m[92m   Compiling[0m base64 v0.22.1
[1m[92m   Compiling[0m utf8parse v0.2.2
[1m[92m   Compiling[0m autocfg v1.5.1
[1m[92m   Compiling[0m num-traits v0.2.19
[1m[92m   Compiling[0m anstyle-parse v1.0.0
[1m[92m   Compiling[0m hyper-util v0.1.20
[1m[92m   Compiling[0m libsqlite3-sys v0.38.2
[1m[92m   Compiling[0m rand v0.9.5
[1m[92m   Compiling[0m idna v1.1.0
[1m[92m   Compiling[0m tower v0.5.3
[1m[92m   Compiling[0m sha1 v0.10.7
[1m[92m   Compiling[0m http-body-util v0.1.4
[1m[92m   Compiling[0m crossbeam-deque v0.8.7
[1m[92m   Compiling[0m is_terminal_polyfill v1.70.2
[1m[92m   Compiling[0m anstyle v1.0.14
[1m[92m   Compiling[0m openssl-probe v0.2.1
[1m[92m   Compiling[0m mime v0.3.17
[1m[92m   Compiling[0m ryu v1.0.23
[1m[92m   Compiling[0m same-file v1.0.6
[1m[92m   Compiling[0m colorchoice v1.0.5
[1m[92m   Compiling[0m anstyle-query v1.1.5
[1m[92m   Compiling[0m data-encoding v2.11.1
[1m[92m   Compiling[0m tungstenite v0.29.0
[1m[92m   Compiling[0m anstream v1.0.0
[1m[92m   Compiling[0m walkdir v2.5.0
[1m[92m   Compiling[0m rustls-native-certs v0.8.4
[1m[92m   Compiling[0m url v2.5.8
[1m[92m   Compiling[0m tree-sitter v0.26.11
[1m[92m   Compiling[0m tokio-rustls v0.26.4
[1m[92m   Compiling[0m bstr v1.13.0
[1m[92m   Compiling[0m tree-sitter-rust v0.24.2
[1m[92m   Compiling[0m enumflags2_derive v0.7.12
[1m[92m   Compiling[0m heck v0.5.0
[1m[92m   Compiling[0m strsim v0.11.1
[1m[92m   Compiling[0m clap_lex v1.1.0
[1m[92m   Compiling[0m getrandom v0.4.3
[1m[92m   Compiling[0m lazy_static v1.5.0
[1m[92m   Compiling[0m anyhow v1.0.104
[1m[92m   Compiling[0m sharded-slab v0.1.7
[1m[92m   Compiling[0m clap_builder v4.6.2
=== progress at 14:11:27, 117s into the step
    PID    PPID    PGID     ELAPSED STAT   RSS COMMAND
   9746    5812    2014       00:01 SNl  312696 /home/runner/.rustup/toolchains/stable-x86_64-unknown-linux-gnu/bin/rustc --crate-name clap_builder --edition=2024 /home/runner/.cargo/registry/src/index.crates.io-1949cf8c6b5b557f/clap_builder-4.6.2/src/lib.rs --error-format=json --json=diagnostic-rendered-ansi,artifacts,future-incompat --crate-type lib --emit=dep-info,metadata,link -C embed-bitcode=no --warn=rust_2018_idioms --warn=clippy::zero_sized_map_values --warn=clippy::verbose_file_reads --warn=unused_qualifications --warn=unused_macro_rules --warn=unused_lifetimes --warn=unsafe_op_in_unsafe_fn --warn=unreachable_pub --allow=unnameable_types --warn=clippy::uninlined_format_args --warn=clippy::trait_duplication_in_bounds --warn=clippy::todo --warn=clippy::string_lit_as_bytes --warn=clippy::string_add_assign --warn=clippy::string_add --warn=clippy::str_to_string --warn=clippy::semicolon_if_nothing_returned --warn=clippy::self_named_module_files --warn=clippy::same_functions_in_if_condition --allow=clippy::result_large_err --warn=clippy::rest_pat_in_fully_bound_structs --warn=clippy::ref_option_ref --warn=clippy::redundant_feature_names --warn=clippy::rc_mutex --warn=clippy::ptr_as_ptr --warn=clippy::path_buf_push_overwrite --warn=clippy::negative_feature_names --warn=clippy::needless_for_each --allow=clippy::needless_continue --warn=clippy::mutex_integer --allow=clippy::multiple_bound_locations --warn=clippy::mem_forget --warn=clippy::macro_use_imports --warn=clippy::lossy_float_literal --warn=clippy::linkedlist --allow=clippy::let_and_return --warn=clippy::large_types_passed_by_value --warn=clippy::large_stack_arrays --warn=clippy::large_digit_groups --warn=clippy::invalid_upcast_comparisons --warn=clippy::infinite_loop --warn=clippy::inefficient_to_string --warn=clippy::inconsistent_struct_constructor --warn=clippy::imprecise_flops --warn=clippy::implicit_clone --allow=clippy::if_same_then_else --warn=clippy::from_iter_instead_of_collect --warn=clippy::fn_params_excessive_bools --warn=clippy::float_cmp_const --warn=clippy::flat_map_option --warn=clippy::filter_map_next --warn=clippy::fallible_impl_from --warn=clippy::explicit_into_iter_loop --warn=clippy::explicit_deref_methods --warn=clippy::expl_impl_clone_on_copy --warn=clippy::enum_glob_use --warn=clippy::empty_enums --warn=clippy::doc_markdown --warn=clippy::debug_assert_with_mut_call --warn=clippy::dbg_macro --warn=clippy::create_dir --allow=clippy::collapsible_else_if --warn=clippy::checked_conversions --allow=clippy::branches_sharing_code --allow=clippy::bool_assert_comparison --allow=clippy::blocks_in_conditions --allow=clippy::assigning_clones --cfg feature="color" --cfg feature="error-context" --cfg feature="help" --cfg feature="std" --cfg feature="suggestions" --cfg feature="usage" --check-cfg cfg(docsrs,test) --check-cfg cfg(feature, values("cargo", "color", "debug", "default", "deprecated", "env", "error-context", "help", "std", "string", "suggestions", "unicode", "unstable-doc", "unstable-ext", "unstable-styles", "unstable-v5", "usage", "wrap_help")) -C metadata=366d1e10137dfd5b -C extra-filename=-e1c58fe22485f3f9 --out-dir /mnt/knossos-target/debug/deps -C strip=debuginfo -L dependency=/mnt/knossos-target/debug/deps --extern anstream=/mnt/knossos-target/debug/deps/libanstream-a5dc45d549a79787.rmeta --extern anstyle=/mnt/knossos-target/debug/deps/libanstyle-c6f9ece2ea0c278a.rmeta --extern clap_lex=/mnt/knossos-target/debug/deps/libclap_lex-dae333023f523f4b.rmeta --extern strsim=/mnt/knossos-target/debug/deps/libstrsim-b2da5ee2df556953.rmeta --cap-lints allow
   2034    2031    2014       05:20 Sl   135380 /tmp/provjobd265032768
   2121    2103    2014       03:04 Sl   134820 /home/runner/actions-runner/cached/2.337.0/bin/Runner.Worker spawnclient 142 145
   2103    2014    2014       03:05 Sl   98808 /home/runner/actions-runner/cached/2.337.0/bin/Runner.Listener run
   5812    5807    2014       01:57 SNl  82576 /home/runner/.rustup/toolchains/stable-x86_64-unknown-linux-gnu/bin/cargo build --locked --bin knossos
   1184       1    1184       05:34 Ssl  71144 /usr/bin/dockerd -H fd:// --containerd=/run/containerd/containerd.sock
    963       1     963       05:35 Ss   51716 php-fpm: master process (/etc/php/8.3/fpm/php-fpm.conf)
   1082       1    1082       05:34 Ssl  47672 /usr/bin/containerd
    221       1     221       05:44 SLsl 43712 /sbin/multipathd -d -s
   1449     997     997       05:33 Sl   37404 /usr/bin/python3 -u bin/WALinuxAgent-2.16.0.2-py3.12.egg -run-exthandlers
    997       1     997       05:35 Ss   31608 /usr/bin/python3 -u /usr/sbin/waagent -daemon
   1287     963     963       05:34 S    21492 php-fpm: pool www
   1292     963     963       05:34 S    21492 php-fpm: pool www
    961       1     961       05:35 Ss   21348 /usr/bin/python3 /usr/bin/networkd-dispatcher --run-startup-triggers
    156       1     156       05:44 S<s  17904 /usr/lib/systemd/systemd-journald
   2014       1    2014       05:20 Ssl  17176 /opt/hca/hosted-compute-agent
      1       0       1       05:46 Ss   14392 /sbin/init
    996       1     996       05:35 Ssl  13768 /usr/libexec/udisks2/udisksd
    498       1     498       05:42 Ss   13272 /usr/lib/systemd/systemd-resolved
   1131       1    1131       05:34 Ssl  12872 /usr/sbin/ModemManager
   1143       1    1143       05:34 Ss   11448 /usr/lib/systemd/systemd --user
    994       1     994       05:35 Ss    9880 /usr/lib/systemd/systemd-logind
    720       1     720       05:39 Ss    9756 /usr/lib/systemd/systemd-networkd
    968       1     968       05:35 Ssl   8168 /usr/lib/polkit-1/polkitd --no-debug
    227       1     227       05:44 Ss    8024 /usr/lib/systemd/systemd-udevd
   2031    2014    2014       05:20 S     6988 sudo -n PROVJOBD_E2E=1 /tmp/provjobd265032768
   1129       1    1129       05:34 Ssl   6068 /usr/sbin/rsyslogd -n -iNONE
    956       1     956       05:35 Ss    5600 @dbus-daemon --system --address=systemd: --nofork --nopidfile --systemd-activation --syslog-only
    581       1     581       05:42 Ss    5036 /usr/sbin/haveged --Foreground --verbose=1
   9769    5800    2014       00:00 R     4236 ps -eo pid,ppid,pgid,etime,stat,rss,args --sort=-rss
   1086       1    1085       05:34 S     3684 /usr/sbin/chronyd -F 1
   5800    2121    2014       01:57 S     3624 /usr/bin/bash --noprofile --norc -e -o pipefail /home/runner/work/_temp/86be8a51-a06c-4fe3-a8fd-6d04f8c774c5.sh
   1153    1143    1143       05:34 S     3588 (sd-pam)
    390       1     390       05:42 Ss    2904 /usr/lib/linux-tools/6.17.0-1022-azure/hv_kvp_daemon -n
   1019       1    1019       05:35 Ss    2760 /usr/sbin/cron -f -P
   5808    5800    2014       01:57 S     2452 /usr/bin/bash --noprofile --norc -e -o pipefail /home/runner/work/_temp/86be8a51-a06c-4fe3-a8fd-6d04f8c774c5.sh
   5807    5800    2014       01:57 S     2284 /usr/bin/bash --noprofile --norc -e -o pipefail /home/runner/work/_temp/86be8a51-a06c-4fe3-a8fd-6d04f8c774c5.sh
   1059       1    1059       05:34 Ss+   2140 /sbin/agetty -o -p -- \u --keep-baud 115200,57600,38400,9600 - vt220
   1076       1    1076       05:34 Ss+   2024 /sbin/agetty -o -p -- \u --noclear - linux
               total        used        free      shared  buff/cache   available
Mem:           15993        1299       10671          46        4416       14694
Swap:           3071           0        3071
Filesystem      Size  Used Avail Use% Mounted on
/dev/root       145G   60G   85G  42% /
/dev/root       145G   60G   85G  42% /
[   12.311681] systemd-journald[156]: /var/log/journal/58b34b8c91a94400a52c175421986a53/user-1001.journal: Journal file uses a different sequence number ID, rotating.
[   12.570320] audit: type=1400 audit(1789999553.689:125): apparmor="STATUS" operation="profile_replace" info="same as current profile, skipping" profile="unconfined" name="/usr/lib/snapd/snap-confine" pid=1301 comm="apparmor_parser"
[   12.614541] audit: type=1400 audit(1789999553.731:126): apparmor="STATUS" operation="profile_load" profile="unconfined" name="docker-default" pid=1379 comm="apparmor_parser"
[   12.673837] Adding 3145724k swap on /swapfile.  Priority:-2 extents:110 across:54919164k 
[   13.005758] Initializing XFRM netlink socket
[   13.236115] bridge: filtering via arp/ip/ip6tables is no longer available by default. Update your scripts to load br_netfilter if you need this.
[   16.602845] workqueue: drm_fb_helper_damage_work hogged CPU for >10000us 11 times, consider switching to WQ_UNBOUND
[   30.192531] hv_netvsc 3833c5ec-e971-3833-c5ec-e9713833c5ec eth0: VF slot 1 added
[   30.193649] hv_pci 63b2b88a-5cde-4002-b3b5-91a1ab38eac5: PCI VMBus probing: Using version 0x10004
[   30.195054] hv_pci 63b2b88a-5cde-4002-b3b5-91a1ab38eac5: PCI host bridge to bus 5cde:00
[   30.195060] pci_bus 5cde:00: root bus resource [mem 0xfc0000000-0xfc00fffff window]
[   30.195065] pci_bus 5cde:00: No busn resource found for root bus, will use [bus 00-ff]
[   30.197453] pci 5cde:00:02.0: [15b3:1016] type 00 class 0x020000 PCIe Endpoint
[   30.202453] pci 5cde:00:02.0: BAR 0 [mem 0xfc0000000-0xfc00fffff 64bit pref]
[   30.203157] pci 5cde:00:02.0: enabling Extended Tags
[   30.210803] pci 5cde:00:02.0: 0.000 Gb/s available PCIe bandwidth, limited by Unknown x0 link at 5cde:00:02.0 (capable of 63.008 Gb/s with 8.0 GT/s PCIe x8 link)
[   30.218355] pci_bus 5cde:00: busn_res: [bus 00-ff] end is updated to 00
[   30.218363] pci 5cde:00:02.0: BAR 0 [mem 0xfc0000000-0xfc00fffff 64bit pref]: assigned
[   30.452028] mlx5_core 5cde:00:02.0: enabling device (0000 -> 0002)
[   30.455642] mlx5_core 5cde:00:02.0: firmware version: 14.30.5032
[   30.596933] mlx5_core 5cde:00:02.0: Flow counters bulk query buffer size increased, bulk_query_len(8)
[   30.675685] hv_netvsc 3833c5ec-e971-3833-c5ec-e9713833c5ec eth0: VF registering: eth1
[   30.675724] mlx5_core 5cde:00:02.0 eth1: joined to eth0
[   30.676442] mlx5_core 5cde:00:02.0: MLX5E: StrdRq(0) RqSz(1024) StrdSz(256) RxCqeCmprss(0 basic)
[   30.689734] mlx5_core 5cde:00:02.0 enP23774s1: renamed from eth1
[   30.722562] MACsec IEEE 802.1AE
[   30.845252] mlx5_core 5cde:00:02.0 enP23774s1: Link up
[   30.873388] hv_netvsc 3833c5ec-e971-3833-c5ec-e9713833c5ec eth0: Data path switched to VF: enP23774s1
[   30.873652] mlx5_core 5cde:00:02.0 mlx5_0: Port: 1 Link ACTIVE
[   49.131098] hv_balloon: Max. dynamic memory size: 16384 MB
