[1m[92m   Compiling[0m proc-macro2 v1.0.107
[1m[92m   Compiling[0m quote v1.0.47
[1m[92m   Compiling[0m unicode-ident v1.0.24
[1m[92m   Compiling[0m libc v0.2.189
[1m[92m   Compiling[0m syn v2.0.119
[1m[92m   Compiling[0m jobserver v0.1.35
[1m[92m   Compiling[0m find-msvc-tools v0.1.9
[1m[92m   Compiling[0m shlex v2.0.1
[1m[92m   Compiling[0m cc v1.4.0
[1m[92m   Compiling[0m log v0.4.33
[1m[92m   Compiling[0m itoa v1.0.18
[1m[92m   Compiling[0m bytes v1.12.1
[1m[92m   Compiling[0m pin-project-lite v0.2.17
[1m[92m   Compiling[0m once_cell v1.21.4
[1m[92m   Compiling[0m synstructure v0.13.2
[1m[92m   Compiling[0m pkg-config v0.3.33
[1m[92m   Compiling[0m syn v3.0.3
[1m[92m   Compiling[0m zerofrom-derive v0.1.7
[1m[92m   Compiling[0m zerofrom v0.1.8
[1m[92m   Compiling[0m yoke-derive v0.8.2
[1m[92m   Compiling[0m stable_deref_trait v1.2.1
[1m[92m   Compiling[0m futures-core v0.3.33
[1m[92m   Compiling[0m cfg-if v1.0.4
[1m[92m   Compiling[0m yoke v0.8.3
[1m[92m   Compiling[0m zerovec-derive v0.11.3
[1m[92m   Compiling[0m mio v1.2.2
[1m[92m   Compiling[0m errno v0.3.14
[1m[92m   Compiling[0m equivalent v1.0.2
[1m[92m   Compiling[0m signal-hook-registry v1.4.8
[1m[92m   Compiling[0m zerovec v0.11.6
[1m[92m   Compiling[0m displaydoc v0.2.6
[1m[92m   Compiling[0m tokio-macros v2.7.1
[1m[92m   Compiling[0m tracing-core v0.1.36
[1m[92m   Compiling[0m http v1.4.2
[1m[92m   Compiling[0m cmake v0.1.58
[1m[92m   Compiling[0m socket2 v0.6.5
[1m[92m   Compiling[0m smallvec v1.15.2
[1m[92m   Compiling[0m memchr v2.8.3
[1m[92m   Compiling[0m fs_extra v1.3.0
[1m[92m   Compiling[0m dunce v1.0.5
[1m[92m   Compiling[0m aws-lc-sys v0.43.0
[1m[92m   Compiling[0m tokio v1.53.1
[1m[92m   Compiling[0m tracing-attributes v0.1.31
[1m[92m   Compiling[0m foldhash v0.2.0
[1m[92m   Compiling[0m version_check v0.9.5
[1m[92m   Compiling[0m futures-sink v0.3.33
[1m[92m   Compiling[0m generic-array v0.14.7
[1m[92m   Compiling[0m hashbrown v0.17.1
[1m[92m   Compiling[0m tracing v0.1.44
[1m[92m   Compiling[0m slab v0.4.12
[1m[92m   Compiling[0m serde_core v1.0.229
[1m[92m   Compiling[0m tinystr v0.8.3
[1m[92m   Compiling[0m writeable v0.6.3
[1m[92m   Compiling[0m typenum v1.20.1
[1m[92m   Compiling[0m litemap v0.8.2
[1m[92m   Compiling[0m zmij v1.0.23
[1m[92m   Compiling[0m zeroize v1.9.0
[1m[92m   Compiling[0m httparse v1.10.1
[1m[92m   Compiling[0m aws-lc-rs v1.17.3
[1m[92m   Compiling[0m icu_locale_core v2.2.0
[1m[92m   Compiling[0m http-body v1.1.0
[1m[92m   Compiling[0m zerotrie v0.2.4
[1m[92m   Compiling[0m potential_utf v0.1.5
[1m[92m   Compiling[0m futures-macro v0.3.33
[1m[92m   Compiling[0m futures-task v0.3.33
[1m[92m   Compiling[0m getrandom v0.3.4
[1m[92m   Compiling[0m utf8_iter v1.0.4
[1m[92m   Compiling[0m icu_properties_data v2.2.0
[1m[92m   Compiling[0m zerocopy v0.8.57
[1m[92m   Compiling[0m icu_normalizer_data v2.2.0
[1m[92m   Compiling[0m bitflags v2.13.1
[1m[92m   Compiling[0m percent-encoding v2.3.2
[1m[92m   Compiling[0m icu_collections v2.2.0
[1m[92m   Compiling[0m futures-util v0.3.33
[1m[92m   Compiling[0m icu_provider v2.2.0
[1m[92m   Compiling[0m rustls-pki-types v1.15.1
[1m[92m   Compiling[0m indexmap v2.14.0
[1m[92m   Compiling[0m aho-corasick v1.1.4
[1m[92m   Compiling[0m serde v1.0.229
[1m[92m   Compiling[0m regex-syntax v0.8.11
[1m[92m   Compiling[0m tower-service v0.3.3
[1m[92m   Compiling[0m regex-automata v0.4.16
[1m[92m   Compiling[0m crypto-common v0.1.7
[1m[92m   Compiling[0m block-buffer v0.10.4
[1m[92m   Compiling[0m tokio-util v0.7.19
[1m[92m   Compiling[0m serde_derive v1.0.229
[1m[92m   Compiling[0m rustls v0.23.42
[1m[92m   Compiling[0m try-lock v0.2.5
[1m[92m   Compiling[0m fnv v1.0.7
[1m[92m   Compiling[0m atomic-waker v1.1.2
[1m[92m   Compiling[0m thiserror v2.0.19
[1m[92m   Compiling[0m untrusted v0.9.0
[1m[92m   Compiling[0m tree-sitter-language v0.1.7
[1m[92m   Compiling[0m h2 v0.4.15
=== progress at 07:50:39, 25s into the step
    PID    PPID    PGID     ELAPSED STAT   RSS COMMAND
   7359    5472    1822       00:01 Sl   357820 /home/runner/.rustup/toolchains/stable-x86_64-unknown-linux-gnu/bin/rustc --crate-name h2 --edition=2021 /home/runner/.cargo/registry/src/index.crates.io-1949cf8c6b5b557f/h2-0.4.15/src/lib.rs --error-format=json --json=diagnostic-rendered-ansi,artifacts,future-incompat --crate-type lib --emit=dep-info,metadata,link -C embed-bitcode=no --warn=unexpected_cfgs --check-cfg cfg(fuzzing) --check-cfg cfg(docsrs,test) --check-cfg cfg(feature, values("stream", "unstable")) -C metadata=9c9e6397899db481 -C extra-filename=-34725cd5e7845c8c --out-dir /home/runner/work/Knossos-Harness/Knossos-Harness/knossos-rs/target/debug/deps -C strip=debuginfo -L dependency=/home/runner/work/Knossos-Harness/Knossos-Harness/knossos-rs/target/debug/deps --extern atomic_waker=/home/runner/work/Knossos-Harness/Knossos-Harness/knossos-rs/target/debug/deps/libatomic_waker-e5215113ebe843a0.rmeta --extern bytes=/home/runner/work/Knossos-Harness/Knossos-Harness/knossos-rs/target/debug/deps/libbytes-98b9db333d3aad57.rmeta --extern fnv=/home/runner/work/Knossos-Harness/Knossos-Harness/knossos-rs/target/debug/deps/libfnv-aa65d4096dc0a9b1.rmeta --extern futures_core=/home/runner/work/Knossos-Harness/Knossos-Harness/knossos-rs/target/debug/deps/libfutures_core-b964196e8f6f58cd.rmeta --extern futures_sink=/home/runner/work/Knossos-Harness/Knossos-Harness/knossos-rs/target/debug/deps/libfutures_sink-54ad2e8ec5f00a5b.rmeta --extern http=/home/runner/work/Knossos-Harness/Knossos-Harness/knossos-rs/target/debug/deps/libhttp-c85b6ab178bdaf64.rmeta --extern indexmap=/home/runner/work/Knossos-Harness/Knossos-Harness/knossos-rs/target/debug/deps/libindexmap-254c5268b03dc543.rmeta --extern slab=/home/runner/work/Knossos-Harness/Knossos-Harness/knossos-rs/target/debug/deps/libslab-23ba86673fd0d7a7.rmeta --extern tokio=/home/runner/work/Knossos-Harness/Knossos-Harness/knossos-rs/target/debug/deps/libtokio-fcf8d8c00d2f34a1.rmeta --extern tokio_util=/home/runner/work/Knossos-Harness/Knossos-Harness/knossos-rs/target/debug/deps/libtokio_util-a65b305016c9ac4e.rmeta --extern tracing=/home/runner/work/Knossos-Harness/Knossos-Harness/knossos-rs/target/debug/deps/libtracing-17d360482eafb033.rmeta --cap-lints allow
   1895    1874    1822       01:27 Sl   136548 /home/runner/actions-runner/cached/2.337.0/bin/Runner.Worker spawnclient 142 145
   1838    1835    1822       01:29 Sl   129124 /tmp/provjobd2123193258
   1874    1822    1822       01:28 Sl   97964 /home/runner/actions-runner/cached/2.337.0/bin/Runner.Listener run
   5472    5471    1822       00:25 Sl   86204 /home/runner/.rustup/toolchains/stable-x86_64-unknown-linux-gnu/bin/cargo test --all-targets --locked
   1017       1    1017       01:42 Ssl  71864 /usr/bin/dockerd -H fd:// --containerd=/run/containerd/containerd.sock
    768       1     768       01:42 Ss   51868 php-fpm: master process (/etc/php/8.3/fpm/php-fpm.conf)
    839       1     839       01:42 Ssl  45828 /usr/bin/containerd
    219       1     219       01:48 SLsl 43680 /sbin/multipathd -d -s
   1244     801     801       01:41 Sl   38220 /usr/bin/python3 -u bin/WALinuxAgent-2.16.0.2-py3.12.egg -run-exthandlers
    801       1     801       01:42 Ss   30932 /usr/bin/python3 -u /usr/sbin/waagent -daemon
   1072     768     768       01:42 S    21528 php-fpm: pool www
   1078     768     768       01:42 S    21528 php-fpm: pool www
    765       1     765       01:42 Ss   20980 /usr/bin/python3 /usr/bin/networkd-dispatcher --run-startup-triggers
   1822       1    1822       01:29 Ssl  19760 /opt/hca/hosted-compute-agent
    157       1     157       01:49 S<s  17884 /usr/lib/systemd/systemd-journald
      1       0       1       01:50 Ss   14436 /sbin/init
   7404    7403    1822       00:00 R    14192 /usr/libexec/gcc/x86_64-linux-gnu/13/cc1 -quiet -I /home/runner/.cargo/registry/src/index.crates.io-1949cf8c6b5b557f/aws-lc-sys-0.43.0/generated-include -I /home/runner/.cargo/registry/src/index.crates.io-1949cf8c6b5b557f/aws-lc-sys-0.43.0/include -I /home/runner/.cargo/registry/src/index.crates.io-1949cf8c6b5b557f/aws-lc-sys-0.43.0/aws-lc/include -I /home/runner/.cargo/registry/src/index.crates.io-1949cf8c6b5b557f/aws-lc-sys-0.43.0/aws-lc/third_party/s2n-bignum/include -I /home/runner/.cargo/registry/src/index.crates.io-1949cf8c6b5b557f/aws-lc-sys-0.43.0/aws-lc/third_party/s2n-bignum/s2n-bignum-imported/include -I /home/runner/.cargo/registry/src/index.crates.io-1949cf8c6b5b557f/aws-lc-sys-0.43.0/aws-lc/third_party/jitterentropy/jitterentropy-library -I /home/runner/.cargo/registry/src/index.crates.io-1949cf8c6b5b557f/aws-lc-sys-0.43.0/aws-lc/third_party/jitterentropy/jitterentropy-library/src -imultiarch x86_64-linux-gnu -D_REENTRANT -D _XOPEN_SOURCE=700 -D BORINGSSL_IMPLEMENTATION=1 -D BORINGSSL_PREFIX=aws_lc_0_43_0 -D AWS_LC_STDALIGN_AVAILABLE=1 -D AWS_LC_BUILTIN_SWAP_SUPPORTED=1 -D HAVE_LINUX_RANDOM_H=1 /home/runner/.cargo/registry/src/index.crates.io-1949cf8c6b5b557f/aws-lc-sys-0.43.0/aws-lc/crypto/evp_extra/p_methods.c -quiet -dumpdir /home/runner/work/Knossos-Harness/Knossos-Harness/knossos-rs/target/debug/build/aws-lc-sys-26b2865d50ad3e38/out/ -dumpbase 7510312e0f5aa0be-p_methods.c -dumpbase-ext .c -m64 -mtune=generic -march=x86-64 -O0 -Wall -Wextra -Wno-unused-parameter -std=c11 -ffunction-sections -fdata-sections -fPIC -fasynchronous-unwind-tables -fstack-protector-strong -Wformat-security -fstack-clash-protection -fcf-protection -o /tmp/cc6Tp6fE.s
    800       1     800       01:42 Ssl  13856 /usr/libexec/udisks2/udisksd
    389       1     389       01:48 Ss   13348 /usr/lib/systemd/systemd-resolved
    986       1     986       01:42 Ssl  13068 /usr/sbin/ModemManager
   1039       1    1039       01:42 Ss   11456 /usr/lib/systemd/systemd --user
    783       1     783       01:42 Ss   10092 /usr/lib/systemd/systemd-logind
    640       1     640       01:46 Ss    9804 /usr/lib/systemd/systemd-networkd
    772       1     772       01:42 Ssl   8240 /usr/lib/polkit-1/polkitd --no-debug
    224       1     224       01:48 Ss    8068 /usr/lib/systemd/systemd-udevd
   1835    1822    1822       01:29 S     7108 sudo -n PROVJOBD_E2E=1 /tmp/provjobd2123193258
    882       1     882       01:42 Ssl   5980 /usr/sbin/rsyslogd -n -iNONE
    760       1     760       01:42 Ss    5548 @dbus-daemon --system --address=systemd: --nofork --nopidfile --systemd-activation --syslog-only
    489       1     489       01:48 Ss    5128 /usr/sbin/haveged --Foreground --verbose=1
   7401    5471    1822       00:00 R     4320 ps -eo pid,ppid,pgid,etime,stat,rss,args --sort=-rss
   6172    5472    1822       00:16 S     4276 /home/runner/work/Knossos-Harness/Knossos-Harness/knossos-rs/target/debug/build/aws-lc-sys-f2d7c36df383d263/build-script-main
    915       1     914       01:42 S     3784 /usr/sbin/chronyd -F 1
   1048    1039    1039       01:42 S     3644 (sd-pam)
   5471    1895    1822       00:25 S     3628 /usr/bin/bash --noprofile --norc -e -o pipefail /home/runner/work/_temp/63c83d5b-769c-4a09-ac36-7498429986c7.sh
    351       1     351       01:48 Ss    2968 /usr/lib/linux-tools/6.17.0-1022-azure/hv_kvp_daemon -n
    829       1     829       01:42 Ss    2884 /usr/sbin/cron -f -P
   7403    6172    1822       00:00 S     2736 cc -O0 -ffunction-sections -fdata-sections -fPIC -m64 -std=c11 -I /home/runner/.cargo/registry/src/index.crates.io-1949cf8c6b5b557f/aws-lc-sys-0.43.0/generated-include -I /home/runner/.cargo/registry/src/index.crates.io-1949cf8c6b5b557f/aws-lc-sys-0.43.0/include -I /home/runner/.cargo/registry/src/index.crates.io-1949cf8c6b5b557f/aws-lc-sys-0.43.0/aws-lc/include -I /home/runner/.cargo/registry/src/index.crates.io-1949cf8c6b5b557f/aws-lc-sys-0.43.0/aws-lc/third_party/s2n-bignum/include -I /home/runner/.cargo/registry/src/index.crates.io-1949cf8c6b5b557f/aws-lc-sys-0.43.0/aws-lc/third_party/s2n-bignum/s2n-bignum-imported/include -I /home/runner/.cargo/registry/src/index.crates.io-1949cf8c6b5b557f/aws-lc-sys-0.43.0/aws-lc/third_party/jitterentropy/jitterentropy-library -I /home/runner/.cargo/registry/src/index.crates.io-1949cf8c6b5b557f/aws-lc-sys-0.43.0/aws-lc/third_party/jitterentropy/jitterentropy-library/src -Wall -Wextra -Wno-unused-parameter -pthread -D_XOPEN_SOURCE=700 -DBORINGSSL_IMPLEMENTATION=1 -DBORINGSSL_PREFIX=aws_lc_0_43_0 -DAWS_LC_STDALIGN_AVAILABLE=1 -DAWS_LC_BUILTIN_SWAP_SUPPORTED=1 -DHAVE_LINUX_RANDOM_H=1 -o /home/runner/work/Knossos-Harness/Knossos-Harness/knossos-rs/target/debug/build/aws-lc-sys-26b2865d50ad3e38/out/7510312e0f5aa0be-p_methods.o -c /home/runner/.cargo/registry/src/index.crates.io-1949cf8c6b5b557f/aws-lc-sys-0.43.0/aws-lc/crypto/evp_extra/p_methods.c
   5473    5471    1822       00:25 S     2392 /usr/bin/bash --noprofile --norc -e -o pipefail /home/runner/work/_temp/63c83d5b-769c-4a09-ac36-7498429986c7.sh
               total        used        free      shared  buff/cache   available
Mem:           15989        1292       10892          46        4197       14697
Swap:           3071           0        3071
Filesystem      Size  Used Avail Use% Mounted on
/dev/root       145G   60G   85G  42% /
/dev/root       145G   60G   85G  42% /
[    3.632392] pci 7870:00:00.0: BAR 0 [mem 0xfc2000000-0xfc3ffffff 64bit pref]: assigned
[    3.633990] pci 7870:00:00.0: BAR 4 [mem 0xfc4000000-0xfc4007fff 64bit pref]: assigned
[    3.635547] mana 7870:00:00.0: enabling device (0000 -> 0002)
[    3.646352] mana 7870:00:00.0: Microsoft Azure Network Adapter protocol version: 0.1.1
[    3.647765] hv_netvsc f8615163-0000-1000-2000-002248446d75 eth0: VF registering: eth1
[    3.647820] mana 7870:00:00.0 eth1: joined to eth0
[    3.650260] mana 7870:00:00.0 ens1: renamed from eth1
[    3.748359] mana 7870:00:00.0 ens1: Configured vPort 0 PD 18 DB 16
[    3.752717] mana 7870:00:00.0 ens1: Configured steering vPort 0 entries 64
[    3.753382] hv_netvsc f8615163-0000-1000-2000-002248446d75 eth0: Data path switched to VF: ens1
[    4.026508] hv_netvsc f8615163-0000-1000-2000-002248446d75 eth0: Data path switched from VF: ens1
[    4.026676] mana 7870:00:00.0 ens1: Configured steering vPort 0 entries 64
[    4.494749] mana 7870:00:00.0 ens1: Configured vPort 0 PD 18 DB 16
[    4.499543] mana 7870:00:00.0 ens1: Configured steering vPort 0 entries 64
[    4.500045] hv_netvsc f8615163-0000-1000-2000-002248446d75 eth0: Data path switched to VF: ens1
[    4.500222] mana 7870:00:00.0 mana_0: Port: 1 Link ACTIVE
[    6.910900] EXT4-fs (nvme0n1p1): resizing filesystem from 19398395 to 39059195 blocks
[    7.891450] EXT4-fs (nvme0n1p1): resized filesystem to 39059195
[    8.419516] block nvme0n1: No UUID available providing old NGUID
[    8.617922] kauditd_printk_skb: 113 callbacks suppressed
[    8.617926] audit: type=1400 audit(1789976936.713:124): apparmor="STATUS" operation="profile_replace" info="same as current profile, skipping" profile="unconfined" name="rsyslogd" pid=821 comm="apparmor_parser"
[    8.721312] evm: overlay not supported
[    8.897435] loop0: detected capacity change from 0 to 8
[    9.081647] audit: type=1400 audit(1789976937.177:125): apparmor="STATUS" operation="profile_replace" info="same as current profile, skipping" profile="unconfined" name="/usr/lib/snapd/snap-confine" pid=1044 comm="apparmor_parser"
[    9.139639] systemd-journald[157]: /var/log/journal/58b34b8c91a94400a52c175421986a53/user-1001.journal: Journal file uses a different sequence number ID, rotating.
[    9.291092] audit: type=1400 audit(1789976937.386:126): apparmor="STATUS" operation="profile_load" profile="unconfined" name="docker-default" pid=1216 comm="apparmor_parser"
[    9.501823] Initializing XFRM netlink socket
[    9.617728] bridge: filtering via arp/ip/ip6tables is no longer available by default. Update your scripts to load br_netfilter if you need this.
[   12.882329] Adding 3145724k swap on /swapfile.  Priority:-2 extents:66 across:56459260k SS
[   49.440847] hv_balloon: Max. dynamic memory size: 16384 MB
