=== phase build 14:22:48
[1m[92m   Compiling[0m proc-macro2 v1.0.107
[1m[92m   Compiling[0m quote v1.0.47
[1m[92m   Compiling[0m unicode-ident v1.0.24
[1m[92m   Compiling[0m libc v0.2.189
[1m[92m   Compiling[0m syn v2.0.119
[1m[92m   Compiling[0m jobserver v0.1.35
[1m[92m   Compiling[0m find-msvc-tools v0.1.9
[1m[92m   Compiling[0m shlex v2.0.1
[1m[92m   Compiling[0m cc v1.4.0
[1m[92m   Compiling[0m log v0.4.33
[1m[92m   Compiling[0m itoa v1.0.18
[1m[92m   Compiling[0m synstructure v0.13.2
[1m[92m   Compiling[0m pin-project-lite v0.2.17
[1m[92m   Compiling[0m bytes v1.12.1
[1m[92m   Compiling[0m zerofrom-derive v0.1.7
[1m[92m   Compiling[0m once_cell v1.21.4
[1m[92m   Compiling[0m pkg-config v0.3.33
[1m[92m   Compiling[0m zerofrom v0.1.8
[1m[92m   Compiling[0m yoke-derive v0.8.2
[1m[92m   Compiling[0m syn v3.0.3
[1m[92m   Compiling[0m stable_deref_trait v1.2.1
[1m[92m   Compiling[0m futures-core v0.3.33
[1m[92m   Compiling[0m yoke v0.8.3
[1m[92m   Compiling[0m cfg-if v1.0.4
[1m[92m   Compiling[0m mio v1.2.2
[1m[92m   Compiling[0m zerovec-derive v0.11.3
[1m[92m   Compiling[0m errno v0.3.14
[1m[92m   Compiling[0m equivalent v1.0.2
[1m[92m   Compiling[0m signal-hook-registry v1.4.8
[1m[92m   Compiling[0m zerovec v0.11.6
[1m[92m   Compiling[0m tracing-core v0.1.36
[1m[92m   Compiling[0m http v1.4.2
[1m[92m   Compiling[0m cmake v0.1.58
[1m[92m   Compiling[0m displaydoc v0.2.6
[1m[92m   Compiling[0m tokio-macros v2.7.1
[1m[92m   Compiling[0m socket2 v0.6.5
[1m[92m   Compiling[0m fs_extra v1.3.0
[1m[92m   Compiling[0m smallvec v1.15.2
[1m[92m   Compiling[0m memchr v2.8.3
[1m[92m   Compiling[0m dunce v1.0.5
[1m[92m   Compiling[0m aws-lc-sys v0.43.0
[1m[92m   Compiling[0m tokio v1.53.1
[1m[92m   Compiling[0m tracing-attributes v0.1.31
[1m[92m   Compiling[0m foldhash v0.2.0
[1m[92m   Compiling[0m version_check v0.9.5
[1m[92m   Compiling[0m futures-sink v0.3.33
[1m[92m   Compiling[0m generic-array v0.14.7
[1m[92m   Compiling[0m hashbrown v0.17.1
[1m[92m   Compiling[0m tracing v0.1.44
=== progress at 14:23:13, 25s into the step
    PID    PPID    PGID     ELAPSED STAT   RSS COMMAND
   2084    2063    2012       01:40 Sl   140264 /home/runner/actions-runner/cached/2.337.0/bin/Runner.Worker spawnclient 142 145
   2031    2029    2012       01:42 Sl   130280 /tmp/provjobd2036778222
   2063    2012    2012       01:42 Sl   96656 /home/runner/actions-runner/cached/2.337.0/bin/Runner.Listener run
   5871    5866    2012       00:25 SNl  82600 /home/runner/.rustup/toolchains/1.97.0-x86_64-unknown-linux-gnu/bin/cargo build --locked --bin knossos
   1218       1    1218       01:55 Ssl  71724 /usr/bin/dockerd -H fd:// --containerd=/run/containerd/containerd.sock
    963       1     963       01:55 Ss   51524 php-fpm: master process (/etc/php/8.3/fpm/php-fpm.conf)
   1061       1    1061       01:55 Ssl  46020 /usr/bin/containerd
    223       1     223       02:05 SLsl 43712 /sbin/multipathd -d -s
   1438    1000    1000       01:54 Sl   37596 /usr/bin/python3 -u bin/WALinuxAgent-2.16.0.2-py3.12.egg -run-exthandlers
   1000       1    1000       01:55 Ss   30796 /usr/bin/python3 -u /usr/sbin/waagent -daemon
   1183     963     963       01:55 S    21392 php-fpm: pool www
   1184     963     963       01:55 S    21392 php-fpm: pool www
    961       1     961       01:55 Ss   20948 /usr/bin/python3 /usr/bin/networkd-dispatcher --run-startup-triggers
   2012       1    2012       01:42 Ssl  19804 /opt/hca/hosted-compute-agent
    157       1     157       02:05 S<s  17640 /usr/lib/systemd/systemd-journald
      1       0       1       02:06 Ss   14364 /sbin/init
    998       1     998       01:55 Ssl  13700 /usr/libexec/udisks2/udisksd
    571       1     571       02:03 Ss   13224 /usr/lib/systemd/systemd-resolved
   1214       1    1214       01:55 Ssl  12860 /usr/sbin/ModemManager
   1276       1    1276       01:55 Ss   11396 /usr/lib/systemd/systemd --user
    996       1     996       01:55 Ss    9828 /usr/lib/systemd/systemd-logind
    720       1     720       02:00 Ss    9756 /usr/lib/systemd/systemd-networkd
    968       1     968       01:55 Ssl   8180 /usr/lib/polkit-1/polkitd --no-debug
    229       1     229       02:05 Ss    7992 /usr/lib/systemd/systemd-udevd
   2029    2012    2012       01:42 S     7060 sudo -n PROVJOBD_E2E=1 /tmp/provjobd2036778222
   1065       1    1065       01:55 Ssl   5996 /usr/sbin/rsyslogd -n -iNONE
    956       1     956       01:55 Ss    5528 @dbus-daemon --system --address=systemd: --nofork --nopidfile --systemd-activation --syslog-only
    581       1     581       02:03 Ss    5032 /usr/sbin/haveged --Foreground --verbose=1
   6877    5859    2012       00:00 R     4240 ps -eo pid,ppid,pgid,etime,stat,rss,args --sort=-rss
   6645    5871    2012       00:05 SN    4096 /mnt/knossos-target/debug/build/aws-lc-sys-6aa2686c2912e9b1/build-script-main
   1093       1    1092       01:55 S     3620 /usr/sbin/chronyd -F 1
   5859    2084    2012       00:25 S     3616 /usr/bin/bash --noprofile --norc -e -o pipefail /home/runner/work/_temp/74dd982b-78df-4237-a8ab-b0e142e582a2.sh
   1289    1276    1276       01:54 S     3572 (sd-pam)
    329       1     329       02:04 Ss    2908 /usr/lib/linux-tools/6.17.0-1022-azure/hv_kvp_daemon -n
   1033       1    1033       01:55 Ss    2760 /usr/sbin/cron -f -P
   5867    5859    2012       00:25 S     2448 /usr/bin/bash --noprofile --norc -e -o pipefail /home/runner/work/_temp/74dd982b-78df-4237-a8ab-b0e142e582a2.sh
   5866    5859    2012       00:25 S     2284 /usr/bin/bash --noprofile --norc -e -o pipefail /home/runner/work/_temp/74dd982b-78df-4237-a8ab-b0e142e582a2.sh
   1107       1    1107       01:55 Ss+   2116 /sbin/agetty -o -p -- \u --keep-baud 115200,57600,38400,9600 - vt220
   1139       1    1139       01:55 Ss+   2008 /sbin/agetty -o -p -- \u --noclear - linux
               total        used        free      shared  buff/cache   available
Mem:           15989        1105       10778          47        4499       14884
Swap:           3071           0        3071
Filesystem      Size  Used Avail Use% Mounted on
/dev/root       145G   60G   85G  42% /
/dev/root       145G   60G   85G  42% /
[   12.012411] evm: overlay not supported
[   12.277172] loop0: detected capacity change from 0 to 8
[   12.595389] audit: type=1400 audit(1790000478.522:125): apparmor="STATUS" operation="profile_replace" info="same as current profile, skipping" profile="unconfined" name="/usr/lib/snapd/snap-confine" pid=1204 comm="apparmor_parser"
[   12.613719] Adding 3145724k swap on /swapfile.  Priority:-2 extents:110 across:58449916k 
[   12.794280] systemd-journald[157]: /var/log/journal/58b34b8c91a94400a52c175421986a53/user-1001.journal: Journal file uses a different sequence number ID, rotating.
[   12.924857] audit: type=1400 audit(1790000478.852:126): apparmor="STATUS" operation="profile_load" profile="unconfined" name="docker-default" pid=1421 comm="apparmor_parser"
[   13.500777] Initializing XFRM netlink socket
[   13.680764] bridge: filtering via arp/ip/ip6tables is no longer available by default. Update your scripts to load br_netfilter if you need this.
[   49.105795] hv_balloon: Max. dynamic memory size: 16384 MB
[   62.021093] hv_netvsc 00224821-ea95-0022-4821-ea9500224821 eth0: VF slot 1 added
[   62.050179] hv_pci 242a076c-6a1a-4ada-ac7d-06e49b270d56: PCI VMBus probing: Using version 0x10004
[   62.051959] hv_pci 242a076c-6a1a-4ada-ac7d-06e49b270d56: PCI host bridge to bus 6a1a:00
[   62.051965] pci_bus 6a1a:00: root bus resource [mem 0xfc0000000-0xfc00fffff window]
[   62.051972] pci_bus 6a1a:00: No busn resource found for root bus, will use [bus 00-ff]
[   62.054798] pci 6a1a:00:02.0: [15b3:1016] type 00 class 0x020000 PCIe Endpoint
[   62.059402] pci 6a1a:00:02.0: BAR 0 [mem 0xfc0000000-0xfc00fffff 64bit pref]
[   62.060297] pci 6a1a:00:02.0: enabling Extended Tags
[   62.073018] pci 6a1a:00:02.0: 0.000 Gb/s available PCIe bandwidth, limited by Unknown x0 link at 6a1a:00:02.0 (capable of 63.008 Gb/s with 8.0 GT/s PCIe x8 link)
[   62.084742] pci_bus 6a1a:00: busn_res: [bus 00-ff] end is updated to 00
[   62.084756] pci 6a1a:00:02.0: BAR 0 [mem 0xfc0000000-0xfc00fffff 64bit pref]: assigned
[   62.508595] mlx5_core 6a1a:00:02.0: enabling device (0000 -> 0002)
[   62.513012] mlx5_core 6a1a:00:02.0: firmware version: 14.30.5032
[   62.652985] mlx5_core 6a1a:00:02.0: Flow counters bulk query buffer size increased, bulk_query_len(8)
[   62.736122] hv_netvsc 00224821-ea95-0022-4821-ea9500224821 eth0: VF registering: eth1
[   62.736177] mlx5_core 6a1a:00:02.0 eth1: joined to eth0
[   62.736686] mlx5_core 6a1a:00:02.0: MLX5E: StrdRq(0) RqSz(1024) StrdSz(256) RxCqeCmprss(0 basic)
[   62.780713] mlx5_core 6a1a:00:02.0 enP27162s1: renamed from eth1
[   62.819551] MACsec IEEE 802.1AE
[   62.903857] mlx5_core 6a1a:00:02.0 enP27162s1: Link up
[   62.932653] hv_netvsc 00224821-ea95-0022-4821-ea9500224821 eth0: Data path switched to VF: enP27162s1
