=== phase build 13:11:45
[1m[92m   Compiling[0m proc-macro2 v1.0.107
[1m[92m   Compiling[0m quote v1.0.47
[1m[92m   Compiling[0m unicode-ident v1.0.24
[1m[92m   Compiling[0m libc v0.2.189
[1m[92m   Compiling[0m syn v2.0.119
[1m[92m   Compiling[0m jobserver v0.1.35
[1m[92m   Compiling[0m find-msvc-tools v0.1.9
[1m[92m   Compiling[0m shlex v2.0.1
[1m[92m   Compiling[0m cc v1.4.0
[1m[92m   Compiling[0m log v0.4.33
[1m[92m   Compiling[0m itoa v1.0.18
[1m[92m   Compiling[0m bytes v1.12.1
[1m[92m   Compiling[0m pin-project-lite v0.2.17
[1m[92m   Compiling[0m once_cell v1.21.4
[1m[92m   Compiling[0m pkg-config v0.3.33
[1m[92m   Compiling[0m synstructure v0.13.2
[1m[92m   Compiling[0m syn v3.0.3
[1m[92m   Compiling[0m zerofrom-derive v0.1.7
[1m[92m   Compiling[0m zerofrom v0.1.8
[1m[92m   Compiling[0m yoke-derive v0.8.2
[1m[92m   Compiling[0m futures-core v0.3.33
[1m[92m   Compiling[0m stable_deref_trait v1.2.1
[1m[92m   Compiling[0m yoke v0.8.3
[1m[92m   Compiling[0m cfg-if v1.0.4
[1m[92m   Compiling[0m zerovec-derive v0.11.3
[1m[92m   Compiling[0m mio v1.2.2
[1m[92m   Compiling[0m errno v0.3.14
[1m[92m   Compiling[0m equivalent v1.0.2
[1m[92m   Compiling[0m signal-hook-registry v1.4.8
[1m[92m   Compiling[0m zerovec v0.11.6
[1m[92m   Compiling[0m tokio-macros v2.7.1
[1m[92m   Compiling[0m displaydoc v0.2.6
[1m[92m   Compiling[0m tracing-core v0.1.36
[1m[92m   Compiling[0m http v1.4.2
[1m[92m   Compiling[0m cmake v0.1.58
[1m[92m   Compiling[0m socket2 v0.6.5
[1m[92m   Compiling[0m dunce v1.0.5
[1m[92m   Compiling[0m memchr v2.8.3
[1m[92m   Compiling[0m fs_extra v1.3.0
[1m[92m   Compiling[0m smallvec v1.15.2
[1m[92m   Compiling[0m aws-lc-sys v0.43.0
[1m[92m   Compiling[0m tokio v1.53.1
[1m[92m   Compiling[0m tracing-attributes v0.1.31
[1m[92m   Compiling[0m version_check v0.9.5
[1m[92m   Compiling[0m futures-sink v0.3.33
[1m[92m   Compiling[0m foldhash v0.2.0
[1m[92m   Compiling[0m hashbrown v0.17.1
[1m[92m   Compiling[0m generic-array v0.14.7
[1m[92m   Compiling[0m tracing v0.1.44
[1m[92m   Compiling[0m serde_core v1.0.229
[1m[92m   Compiling[0m slab v0.4.12
[1m[92m   Compiling[0m tinystr v0.8.3
[1m[92m   Compiling[0m zmij v1.0.23
[1m[92m   Compiling[0m httparse v1.10.1
[1m[92m   Compiling[0m zeroize v1.9.0
[1m[92m   Compiling[0m typenum v1.20.1
[1m[92m   Compiling[0m aws-lc-rs v1.17.3
[1m[92m   Compiling[0m writeable v0.6.3
[1m[92m   Compiling[0m litemap v0.8.2
[1m[92m   Compiling[0m icu_locale_core v2.2.0
[1m[92m   Compiling[0m http-body v1.1.0
[1m[92m   Compiling[0m zerotrie v0.2.4
[1m[92m   Compiling[0m potential_utf v0.1.5
[1m[92m   Compiling[0m futures-macro v0.3.33
[1m[92m   Compiling[0m icu_normalizer_data v2.2.0
[1m[92m   Compiling[0m futures-task v0.3.33
[1m[92m   Compiling[0m zerocopy v0.8.57
[1m[92m   Compiling[0m getrandom v0.3.4
[1m[92m   Compiling[0m percent-encoding v2.3.2
[1m[92m   Compiling[0m icu_properties_data v2.2.0
[1m[92m   Compiling[0m utf8_iter v1.0.4
[1m[92m   Compiling[0m icu_collections v2.2.0
[1m[92m   Compiling[0m futures-util v0.3.33
[1m[92m   Compiling[0m icu_provider v2.2.0
[1m[92m   Compiling[0m rustls-pki-types v1.15.1
[1m[92m   Compiling[0m indexmap v2.14.0
[1m[92m   Compiling[0m aho-corasick v1.1.4
[1m[92m   Compiling[0m tower-service v0.3.3
[1m[92m   Compiling[0m regex-syntax v0.8.11
[1m[92m   Compiling[0m serde v1.0.229
[1m[92m   Compiling[0m regex-automata v0.4.16
=== progress at 13:12:10, 25s into the step
    PID    PPID    PGID     ELAPSED STAT   RSS COMMAND
   7385    5740    2007       00:01 Sl   278632 /home/runner/.rustup/toolchains/stable-x86_64-unknown-linux-gnu/bin/rustc --crate-name regex_automata --edition=2021 /home/runner/.cargo/registry/src/index.crates.io-1949cf8c6b5b557f/regex-automata-0.4.16/src/lib.rs --error-format=json --json=diagnostic-rendered-ansi,artifacts,future-incompat --crate-type lib --emit=dep-info,metadata,link -C embed-bitcode=no --allow=unexpected_cfgs --check-cfg cfg(docsrs_regex) --cfg feature="alloc" --cfg feature="dfa-build" --cfg feature="dfa-onepass" --cfg feature="dfa-search" --cfg feature="hybrid" --cfg feature="meta" --cfg feature="nfa" --cfg feature="nfa-backtrack" --cfg feature="nfa-pikevm" --cfg feature="nfa-thompson" --cfg feature="perf" --cfg feature="perf-inline" --cfg feature="perf-literal" --cfg feature="perf-literal-multisubstring" --cfg feature="perf-literal-substring" --cfg feature="std" --cfg feature="syntax" --cfg feature="unicode" --cfg feature="unicode-age" --cfg feature="unicode-bool" --cfg feature="unicode-case" --cfg feature="unicode-gencat" --cfg feature="unicode-perl" --cfg feature="unicode-script" --cfg feature="unicode-segment" --cfg feature="unicode-word-boundary" --check-cfg cfg(docsrs,test) --check-cfg cfg(feature, values("alloc", "default", "dfa", "dfa-build", "dfa-onepass", "dfa-search", "hybrid", "internal-instrument", "internal-instrument-pikevm", "logging", "meta", "nfa", "nfa-backtrack", "nfa-pikevm", "nfa-thompson", "perf", "perf-inline", "perf-literal", "perf-literal-multisubstring", "perf-literal-substring", "std", "syntax", "unicode", "unicode-age", "unicode-bool", "unicode-case", "unicode-gencat", "unicode-perl", "unicode-script", "unicode-segment", "unicode-word-boundary")) -C metadata=85dc6c17a9fb8b79 -C extra-filename=-e395964135d88009 --out-dir /home/runner/work/Knossos-Harness/Knossos-Harness/knossos-rs/target/debug/deps -C strip=debuginfo -L dependency=/home/runner/work/Knossos-Harness/Knossos-Harness/knossos-rs/target/debug/deps --extern aho_corasick=/home/runner/work/Knossos-Harness/Knossos-Harness/knossos-rs/target/debug/deps/libaho_corasick-14a51e478d192376.rmeta --extern memchr=/home/runner/work/Knossos-Harness/Knossos-Harness/knossos-rs/target/debug/deps/libmemchr-43aded205edce545.rmeta --extern regex_syntax=/home/runner/work/Knossos-Harness/Knossos-Harness/knossos-rs/target/debug/deps/libregex_syntax-808f6e5efba22395.rmeta --cap-lints allow
   2080    2059    2007       01:32 Sl   134088 /home/runner/actions-runner/cached/2.337.0/bin/Runner.Worker spawnclient 142 145
   2031    2029    2007       01:42 Sl   131528 /tmp/provjobd2040429476
   2059    2007    2007       01:33 Sl   96312 /home/runner/actions-runner/cached/2.337.0/bin/Runner.Listener run
   5740    5735    2007       00:25 Sl   81980 /home/runner/.rustup/toolchains/stable-x86_64-unknown-linux-gnu/bin/cargo build --locked --bin knossos
   1196       1    1196       01:55 Ssl  72028 /usr/bin/dockerd -H fd:// --containerd=/run/containerd/containerd.sock
    964       1     964       01:55 Ss   51512 php-fpm: master process (/etc/php/8.3/fpm/php-fpm.conf)
   1047       1    1047       01:55 Ssl  44372 /usr/bin/containerd
    222       1     222       02:04 SLsl 43712 /sbin/multipathd -d -s
   1419     998     998       01:54 Sl   38012 /usr/bin/python3 -u bin/WALinuxAgent-2.16.0.2-py3.12.egg -run-exthandlers
    998       1     998       01:55 Ss   31428 /usr/bin/python3 -u /usr/sbin/waagent -daemon
   1270     964     964       01:54 S    21464 php-fpm: pool www
   1273     964     964       01:54 S    21464 php-fpm: pool www
    962       1     962       01:55 Ss   21020 /usr/bin/python3 /usr/bin/networkd-dispatcher --run-startup-triggers
    156       1     156       02:05 S<s  17532 /usr/lib/systemd/systemd-journald
   2007       1    2007       01:43 Ssl  17212 /opt/hca/hosted-compute-agent
      1       0       1       02:06 Ss   14392 /sbin/init
    997       1     997       01:55 Ssl  13764 /usr/libexec/udisks2/udisksd
    519       1     519       02:02 Ss   13248 /usr/lib/systemd/systemd-resolved
   1170       1    1170       01:55 Ssl  13024 /usr/sbin/ModemManager
   1133       1    1133       01:55 Ss   11408 /usr/lib/systemd/systemd --user
    990       1     990       01:55 Ss    9960 /usr/lib/systemd/systemd-logind
    719       1     719       02:00 Ss    9748 /usr/lib/systemd/systemd-networkd
    969       1     969       01:55 Ssl   8148 /usr/lib/polkit-1/polkitd --no-debug
    227       1     227       02:04 Ss    8004 /usr/lib/systemd/systemd-udevd
   2029    2007    2007       01:42 S     6956 sudo -n PROVJOBD_E2E=1 /tmp/provjobd2040429476
   1095       1    1095       01:55 Ssl   6104 /usr/sbin/rsyslogd -n -iNONE
    957       1     957       01:55 Ss    5584 @dbus-daemon --system --address=systemd: --nofork --nopidfile --systemd-activation --syslog-only
    580       1     580       02:02 Ss    5036 /usr/sbin/haveged --Foreground --verbose=1
   7424    5734    2007       00:00 R     4272 ps -eo pid,ppid,pgid,etime,stat,rss,args --sort=-rss
   6506    5740    2007       00:13 S     4176 /home/runner/work/Knossos-Harness/Knossos-Harness/knossos-rs/target/debug/build/aws-lc-sys-f2d7c36df383d263/build-script-main
   1112       1    1111       01:55 S     3660 /usr/sbin/chronyd -F 1
   5734    2080    2007       00:25 S     3592 /usr/bin/bash --noprofile --norc -e -o pipefail /home/runner/work/_temp/a2707d99-53e0-494f-879a-72242fbb8c45.sh
   1207    1133    1133       01:55 S     3588 (sd-pam)
    386       1     386       02:03 Ss    2904 /usr/lib/linux-tools/6.17.0-1022-azure/hv_kvp_daemon -n
   1019       1    1019       01:55 Ss    2756 /usr/sbin/cron -f -P
   5736    5734    2007       00:25 S     2436 /usr/bin/bash --noprofile --norc -e -o pipefail /home/runner/work/_temp/a2707d99-53e0-494f-879a-72242fbb8c45.sh
   5735    5734    2007       00:25 S     2284 /usr/bin/bash --noprofile --norc -e -o pipefail /home/runner/work/_temp/a2707d99-53e0-494f-879a-72242fbb8c45.sh
   1051       1    1051       01:55 Ss+   2160 /sbin/agetty -o -p -- \u --keep-baud 115200,57600,38400,9600 - vt220
               total        used        free      shared  buff/cache   available
Mem:           15989        1279       10946          46        4157       14710
Swap:           3071           0        3071
Filesystem      Size  Used Avail Use% Mounted on
/dev/root       145G   60G   85G  42% /
/dev/root       145G   60G   85G  42% /
[   11.863335] audit: type=1400 audit(1789996214.614:124): apparmor="STATUS" operation="profile_replace" info="same as current profile, skipping" profile="unconfined" name="rsyslogd" pid=1045 comm="apparmor_parser"
[   12.255265] loop0: detected capacity change from 0 to 8
[   12.492118] systemd-journald[156]: /var/log/journal/58b34b8c91a94400a52c175421986a53/user-1001.journal: Journal file uses a different sequence number ID, rotating.
[   12.535383] audit: type=1400 audit(1789996215.286:125): apparmor="STATUS" operation="profile_replace" info="same as current profile, skipping" profile="unconfined" name="/usr/lib/snapd/snap-confine" pid=1292 comm="apparmor_parser"
[   12.560535] Adding 3145724k swap on /swapfile.  Priority:-2 extents:110 across:58449916k 
[   12.669664] audit: type=1400 audit(1789996215.421:126): apparmor="STATUS" operation="profile_load" profile="unconfined" name="docker-default" pid=1400 comm="apparmor_parser"
[   13.188877] Initializing XFRM netlink socket
[   13.420748] bridge: filtering via arp/ip/ip6tables is no longer available by default. Update your scripts to load br_netfilter if you need this.
[   49.295704] hv_balloon: Max. dynamic memory size: 16384 MB
[   51.267248] hv_netvsc 7c1e52a8-8390-7c1e-52a8-83907c1e52a8 eth0: VF slot 1 added
[   51.269181] hv_pci 362256bf-9a40-4eee-b765-d37e25a58dd9: PCI VMBus probing: Using version 0x10004
[   51.270649] hv_pci 362256bf-9a40-4eee-b765-d37e25a58dd9: PCI host bridge to bus 9a40:00
[   51.270656] pci_bus 9a40:00: root bus resource [mem 0xfc0000000-0xfc00fffff window]
[   51.270661] pci_bus 9a40:00: No busn resource found for root bus, will use [bus 00-ff]
[   51.273867] pci 9a40:00:02.0: [15b3:1016] type 00 class 0x020000 PCIe Endpoint
[   51.283953] pci 9a40:00:02.0: BAR 0 [mem 0xfc0000000-0xfc00fffff 64bit pref]
[   51.284829] pci 9a40:00:02.0: enabling Extended Tags
[   51.301660] pci 9a40:00:02.0: 0.000 Gb/s available PCIe bandwidth, limited by Unknown x0 link at 9a40:00:02.0 (capable of 63.008 Gb/s with 8.0 GT/s PCIe x8 link)
[   51.313207] pci_bus 9a40:00: busn_res: [bus 00-ff] end is updated to 00
[   51.313223] pci 9a40:00:02.0: BAR 0 [mem 0xfc0000000-0xfc00fffff 64bit pref]: assigned
[   51.727466] mlx5_core 9a40:00:02.0: enabling device (0000 -> 0002)
[   51.731198] mlx5_core 9a40:00:02.0: firmware version: 14.30.5026
[   51.872321] mlx5_core 9a40:00:02.0: Flow counters bulk query buffer size increased, bulk_query_len(8)
[   51.957387] hv_netvsc 7c1e52a8-8390-7c1e-52a8-83907c1e52a8 eth0: VF registering: eth1
[   51.957455] mlx5_core 9a40:00:02.0 eth1: joined to eth0
[   51.957963] mlx5_core 9a40:00:02.0: MLX5E: StrdRq(0) RqSz(1024) StrdSz(256) RxCqeCmprss(0 basic)
[   51.985723] mlx5_core 9a40:00:02.0 enP39488s1: renamed from eth1
[   52.054357] MACsec IEEE 802.1AE
[   52.131257] mlx5_core 9a40:00:02.0 enP39488s1: Link up
[   52.158858] hv_netvsc 7c1e52a8-8390-7c1e-52a8-83907c1e52a8 eth0: Data path switched to VF: enP39488s1
