=== phase build 12:05:15
[1m[92m   Compiling[0m proc-macro2 v1.0.107
[1m[92m   Compiling[0m unicode-ident v1.0.24
[1m[92m   Compiling[0m quote v1.0.47
[1m[92m   Compiling[0m libc v0.2.189
[1m[92m   Compiling[0m syn v2.0.119
[1m[92m   Compiling[0m jobserver v0.1.35
[1m[92m   Compiling[0m find-msvc-tools v0.1.9
[1m[92m   Compiling[0m shlex v2.0.1
[1m[92m   Compiling[0m cc v1.4.0
[1m[92m   Compiling[0m log v0.4.33
[1m[92m   Compiling[0m itoa v1.0.18
[1m[92m   Compiling[0m bytes v1.12.1
[1m[92m   Compiling[0m pin-project-lite v0.2.17
[1m[92m   Compiling[0m once_cell v1.21.4
[1m[92m   Compiling[0m pkg-config v0.3.33
[1m[92m   Compiling[0m synstructure v0.13.2
[1m[92m   Compiling[0m syn v3.0.3
[1m[92m   Compiling[0m zerofrom-derive v0.1.7
[1m[92m   Compiling[0m zerofrom v0.1.8
[1m[92m   Compiling[0m yoke-derive v0.8.2
[1m[92m   Compiling[0m futures-core v0.3.33
[1m[92m   Compiling[0m stable_deref_trait v1.2.1
[1m[92m   Compiling[0m yoke v0.8.3
[1m[92m   Compiling[0m cfg-if v1.0.4
[1m[92m   Compiling[0m zerovec-derive v0.11.3
[1m[92m   Compiling[0m mio v1.2.2
[1m[92m   Compiling[0m errno v0.3.14
[1m[92m   Compiling[0m equivalent v1.0.2
[1m[92m   Compiling[0m signal-hook-registry v1.4.8
[1m[92m   Compiling[0m zerovec v0.11.6
[1m[92m   Compiling[0m displaydoc v0.2.6
[1m[92m   Compiling[0m tokio-macros v2.7.1
[1m[92m   Compiling[0m tracing-core v0.1.36
[1m[92m   Compiling[0m http v1.4.2
[1m[92m   Compiling[0m cmake v0.1.58
[1m[92m   Compiling[0m socket2 v0.6.5
[1m[92m   Compiling[0m fs_extra v1.3.0
[1m[92m   Compiling[0m smallvec v1.15.2
[1m[92m   Compiling[0m memchr v2.8.3
[1m[92m   Compiling[0m dunce v1.0.5
[1m[92m   Compiling[0m aws-lc-sys v0.43.0
[1m[92m   Compiling[0m tokio v1.53.1
[1m[92m   Compiling[0m tracing-attributes v0.1.31
[1m[92m   Compiling[0m version_check v0.9.5
[1m[92m   Compiling[0m futures-sink v0.3.33
[1m[92m   Compiling[0m foldhash v0.2.0
[1m[92m   Compiling[0m hashbrown v0.17.1
[1m[92m   Compiling[0m generic-array v0.14.7
[1m[92m   Compiling[0m tracing v0.1.44
[1m[92m   Compiling[0m serde_core v1.0.229
[1m[92m   Compiling[0m slab v0.4.12
[1m[92m   Compiling[0m tinystr v0.8.3
[1m[92m   Compiling[0m aws-lc-rs v1.17.3
[1m[92m   Compiling[0m zeroize v1.9.0
[1m[92m   Compiling[0m httparse v1.10.1
[1m[92m   Compiling[0m zmij v1.0.23
[1m[92m   Compiling[0m writeable v0.6.3
[1m[92m   Compiling[0m litemap v0.8.2
[1m[92m   Compiling[0m typenum v1.20.1
[1m[92m   Compiling[0m icu_locale_core v2.2.0
[1m[92m   Compiling[0m http-body v1.1.0
[1m[92m   Compiling[0m zerotrie v0.2.4
[1m[92m   Compiling[0m potential_utf v0.1.5
[1m[92m   Compiling[0m futures-macro v0.3.33
[1m[92m   Compiling[0m icu_normalizer_data v2.2.0
[1m[92m   Compiling[0m percent-encoding v2.3.2
[1m[92m   Compiling[0m icu_properties_data v2.2.0
[1m[92m   Compiling[0m zerocopy v0.8.57
[1m[92m   Compiling[0m futures-task v0.3.33
[1m[92m   Compiling[0m getrandom v0.3.4
[1m[92m   Compiling[0m utf8_iter v1.0.4
[1m[92m   Compiling[0m icu_collections v2.2.0
[1m[92m   Compiling[0m futures-util v0.3.33
[1m[92m   Compiling[0m icu_provider v2.2.0
[1m[92m   Compiling[0m rustls-pki-types v1.15.1
[1m[92m   Compiling[0m indexmap v2.14.0
[1m[92m   Compiling[0m aho-corasick v1.1.4
[1m[92m   Compiling[0m tower-service v0.3.3
[1m[92m   Compiling[0m regex-syntax v0.8.11
[1m[92m   Compiling[0m serde v1.0.229
[1m[92m   Compiling[0m regex-automata v0.4.16
[1m[92m   Compiling[0m crypto-common v0.1.7
[1m[92m   Compiling[0m block-buffer v0.10.4
[1m[92m   Compiling[0m tokio-util v0.7.19
[1m[92m   Compiling[0m serde_derive v1.0.229
=== progress at 12:05:40, 25s into the step
    PID    PPID    PGID     ELAPSED STAT   RSS COMMAND
   7253    5477    1821       00:01 Sl   287036 /home/runner/.rustup/toolchains/stable-x86_64-unknown-linux-gnu/bin/rustc --crate-name serde_derive --edition=2021 /home/runner/.cargo/registry/src/index.crates.io-1949cf8c6b5b557f/serde_derive-1.0.229/src/lib.rs --error-format=json --json=diagnostic-rendered-ansi,artifacts,future-incompat --crate-type proc-macro --emit=dep-info,link -C prefer-dynamic -C embed-bitcode=no --cfg feature="default" --check-cfg cfg(docsrs,test) --check-cfg cfg(feature, values("default", "deserialize_in_place")) -C metadata=e8f4a7338dc52976 -C extra-filename=-52e5a9a1556cd065 --out-dir /home/runner/work/Knossos-Harness/Knossos-Harness/knossos-rs/target/debug/deps -C strip=debuginfo -L dependency=/home/runner/work/Knossos-Harness/Knossos-Harness/knossos-rs/target/debug/deps --extern proc_macro2=/home/runner/work/Knossos-Harness/Knossos-Harness/knossos-rs/target/debug/deps/libproc_macro2-82888eec6465a4a2.rlib --extern quote=/home/runner/work/Knossos-Harness/Knossos-Harness/knossos-rs/target/debug/deps/libquote-bd21582042094722.rlib --extern syn=/home/runner/work/Knossos-Harness/Knossos-Harness/knossos-rs/target/debug/deps/libsyn-ba7aec76547f9b86.rlib --extern proc_macro --cap-lints allow
   1841    1838    1821       02:30 Sl   147848 /tmp/provjobd1380298464
   1897    1877    1821       01:26 Sl   136812 /home/runner/actions-runner/cached/2.337.0/bin/Runner.Worker spawnclient 142 145
   1877    1821    1821       01:27 Sl   97784 /home/runner/actions-runner/cached/2.337.0/bin/Runner.Listener run
   5477    5472    1821       00:25 Sl   81992 /home/runner/.rustup/toolchains/stable-x86_64-unknown-linux-gnu/bin/cargo build --locked --bin knossos
    994       1     994       02:44 Ssl  70724 /usr/bin/dockerd -H fd:// --containerd=/run/containerd/containerd.sock
    765       1     765       02:44 Ss   51824 php-fpm: master process (/etc/php/8.3/fpm/php-fpm.conf)
    849       1     849       02:44 Ssl  45916 /usr/bin/containerd
    220       1     220       02:52 SLsl 43680 /sbin/multipathd -d -s
   1085     799     799       02:43 Sl   38292 /usr/bin/python3 -u bin/WALinuxAgent-2.16.0.2-py3.12.egg -run-exthandlers
    799       1     799       02:44 Ss   31336 /usr/bin/python3 -u /usr/sbin/waagent -daemon
   7291    7290    1821       00:00 R    26820 /usr/libexec/gcc/x86_64-linux-gnu/13/cc1 -quiet -I /home/runner/.cargo/registry/src/index.crates.io-1949cf8c6b5b557f/aws-lc-sys-0.43.0/generated-include -I /home/runner/.cargo/registry/src/index.crates.io-1949cf8c6b5b557f/aws-lc-sys-0.43.0/include -I /home/runner/.cargo/registry/src/index.crates.io-1949cf8c6b5b557f/aws-lc-sys-0.43.0/aws-lc/include -I /home/runner/.cargo/registry/src/index.crates.io-1949cf8c6b5b557f/aws-lc-sys-0.43.0/aws-lc/third_party/s2n-bignum/include -I /home/runner/.cargo/registry/src/index.crates.io-1949cf8c6b5b557f/aws-lc-sys-0.43.0/aws-lc/third_party/s2n-bignum/s2n-bignum-imported/include -I /home/runner/.cargo/registry/src/index.crates.io-1949cf8c6b5b557f/aws-lc-sys-0.43.0/aws-lc/third_party/jitterentropy/jitterentropy-library -I /home/runner/.cargo/registry/src/index.crates.io-1949cf8c6b5b557f/aws-lc-sys-0.43.0/aws-lc/third_party/jitterentropy/jitterentropy-library/src -imultiarch x86_64-linux-gnu -D_REENTRANT -D _XOPEN_SOURCE=700 -D BORINGSSL_IMPLEMENTATION=1 -D BORINGSSL_PREFIX=aws_lc_0_43_0 -D AWS_LC_STDALIGN_AVAILABLE=1 -D AWS_LC_BUILTIN_SWAP_SUPPORTED=1 -D HAVE_LINUX_RANDOM_H=1 /home/runner/.cargo/registry/src/index.crates.io-1949cf8c6b5b557f/aws-lc-sys-0.43.0/aws-lc/crypto/evp_extra/print.c -quiet -dumpdir /home/runner/work/Knossos-Harness/Knossos-Harness/knossos-rs/target/debug/build/aws-lc-sys-26b2865d50ad3e38/out/ -dumpbase 7510312e0f5aa0be-print.c -dumpbase-ext .c -m64 -mtune=generic -march=x86-64 -O0 -Wall -Wextra -Wno-unused-parameter -std=c11 -ffunction-sections -fdata-sections -fPIC -fasynchronous-unwind-tables -fstack-protector-strong -Wformat-security -fstack-clash-protection -fcf-protection -o /tmp/ccKC8SEt.s
    993     765     765       02:44 S    21560 php-fpm: pool www
    995     765     765       02:44 S    21560 php-fpm: pool www
    762       1     762       02:44 Ss   21260 /usr/bin/python3 /usr/bin/networkd-dispatcher --run-startup-triggers
    157       1     157       02:52 S<s  17688 /usr/lib/systemd/systemd-journald
   1821       1    1821       02:30 Ssl  16252 /opt/hca/hosted-compute-agent
      1       0       1       02:53 Ss   14364 /sbin/init
    798       1     798       02:44 Ssl  13784 /usr/libexec/udisks2/udisksd
    514       1     514       02:50 Ss   13264 /usr/lib/systemd/systemd-resolved
    942       1     942       02:44 Ssl  13180 /usr/sbin/ModemManager
    909       1     909       02:44 Ss   11484 /usr/lib/systemd/systemd --user
    796       1     796       02:44 Ss    9844 /usr/lib/systemd/systemd-logind
    650       1     650       02:49 Ss    9816 /usr/lib/systemd/systemd-networkd
    769       1     769       02:44 Ssl   8292 /usr/lib/polkit-1/polkitd --no-debug
    226       1     226       02:52 Ss    8072 /usr/lib/systemd/systemd-udevd
   1838    1821    1821       02:30 S     7140 sudo -n PROVJOBD_E2E=1 /tmp/provjobd1380298464
    931       1     931       02:44 Ssl   6428 /usr/sbin/rsyslogd -n -iNONE
    757       1     757       02:44 Ss    5560 @dbus-daemon --system --address=systemd: --nofork --nopidfile --systemd-activation --syslog-only
    513       1     513       02:50 Ss    5096 /usr/sbin/haveged --Foreground --verbose=1
   7294    5471    1821       00:00 R     4340 ps -eo pid,ppid,pgid,etime,stat,rss,args --sort=-rss
   6184    5477    1821       00:16 S     4328 /home/runner/work/Knossos-Harness/Knossos-Harness/knossos-rs/target/debug/build/aws-lc-sys-f2d7c36df383d263/build-script-main
    914       1     913       02:44 S     3768 /usr/sbin/chronyd -F 1
    980     909     909       02:44 S     3640 (sd-pam)
   5471    1897    1821       00:25 S     3620 /usr/bin/bash --noprofile --norc -e -o pipefail /home/runner/work/_temp/225cb038-9470-466a-a4a8-516d40a466d1.sh
    482       1     482       02:50 Ss    2968 /usr/lib/linux-tools/6.17.0-1022-azure/hv_kvp_daemon -n
    826       1     826       02:44 Ss    2888 /usr/sbin/cron -f -P
   7290    6184    1821       00:00 S     2736 cc -O0 -ffunction-sections -fdata-sections -fPIC -m64 -std=c11 -I /home/runner/.cargo/registry/src/index.crates.io-1949cf8c6b5b557f/aws-lc-sys-0.43.0/generated-include -I /home/runner/.cargo/registry/src/index.crates.io-1949cf8c6b5b557f/aws-lc-sys-0.43.0/include -I /home/runner/.cargo/registry/src/index.crates.io-1949cf8c6b5b557f/aws-lc-sys-0.43.0/aws-lc/include -I /home/runner/.cargo/registry/src/index.crates.io-1949cf8c6b5b557f/aws-lc-sys-0.43.0/aws-lc/third_party/s2n-bignum/include -I /home/runner/.cargo/registry/src/index.crates.io-1949cf8c6b5b557f/aws-lc-sys-0.43.0/aws-lc/third_party/s2n-bignum/s2n-bignum-imported/include -I /home/runner/.cargo/registry/src/index.crates.io-1949cf8c6b5b557f/aws-lc-sys-0.43.0/aws-lc/third_party/jitterentropy/jitterentropy-library -I /home/runner/.cargo/registry/src/index.crates.io-1949cf8c6b5b557f/aws-lc-sys-0.43.0/aws-lc/third_party/jitterentropy/jitterentropy-library/src -Wall -Wextra -Wno-unused-parameter -pthread -D_XOPEN_SOURCE=700 -DBORINGSSL_IMPLEMENTATION=1 -DBORINGSSL_PREFIX=aws_lc_0_43_0 -DAWS_LC_STDALIGN_AVAILABLE=1 -DAWS_LC_BUILTIN_SWAP_SUPPORTED=1 -DHAVE_LINUX_RANDOM_H=1 -o /home/runner/work/Knossos-Harness/Knossos-Harness/knossos-rs/target/debug/build/aws-lc-sys-26b2865d50ad3e38/out/7510312e0f5aa0be-print.o -c /home/runner/.cargo/registry/src/index.crates.io-1949cf8c6b5b557f/aws-lc-sys-0.43.0/aws-lc/crypto/evp_extra/print.c
   5473    5471    1821       00:25 S     2412 /usr/bin/bash --noprofile --norc -e -o pipefail /home/runner/work/_temp/225cb038-9470-466a-a4a8-516d40a466d1.sh
               total        used        free      shared  buff/cache   available
Mem:           15989        1249       10931          46        4202       14740
Swap:           3071           0        3071
Filesystem      Size  Used Avail Use% Mounted on
/dev/root       145G   60G   85G  42% /
/dev/root       145G   60G   85G  42% /
[    3.074734] mlx5_core 5de7:00:02.0 eth1: joined to eth0
[    3.081719] mlx5_core 5de7:00:02.0: MLX5E: StrdRq(1) RqSz(8) StrdSz(256) RxCqeCmprss(0 basic)
[    3.090264] workqueue: drm_fb_helper_damage_work hogged CPU for >10000us 7 times, consider switching to WQ_UNBOUND
[    3.095507] mlx5_core 5de7:00:02.0 enP24039s1: renamed from eth1
[    3.171140] MACsec IEEE 802.1AE
[    3.407437] hv_utils: KVP IC version 4.0
[    3.935479] /dev/sr0: Can't lookup blockdev
[    4.014827] mlx5_core 5de7:00:02.0 enP24039s1: Link up
[    4.045280] hv_netvsc 0022481c-6c38-0022-481c-6c380022481c eth0: Data path switched to VF: enP24039s1
[    4.045547] mlx5_core 5de7:00:02.0 mlx5_0: Port: 1 Link ACTIVE
[    4.060888] 8021q: 802.1Q VLAN Support v1.8
[    4.572949] hv_netvsc 0022481c-6c38-0022-481c-6c380022481c eth0: Data path switched from VF: enP24039s1
[    4.614746] mlx5_core 5de7:00:02.0 mlx5_0: Port: 1 Link DOWN
[    5.183631] mlx5_core 5de7:00:02.0 enP24039s1: Link up
[    5.200762] hv_netvsc 0022481c-6c38-0022-481c-6c380022481c eth0: Data path switched to VF: enP24039s1
[    5.200949] mlx5_core 5de7:00:02.0 mlx5_0: Port: 1 Link ACTIVE
[    7.794200] EXT4-fs (nvme0n1p1): resizing filesystem from 19398395 to 39059195 blocks
[    8.835287] EXT4-fs (nvme0n1p1): resized filesystem to 39059195
[    9.529099] block nvme0n1: No UUID available providing old NGUID
[    9.847718] kauditd_printk_skb: 113 callbacks suppressed
[    9.847722] audit: type=1400 audit(1789992175.827:124): apparmor="STATUS" operation="profile_replace" info="same as current profile, skipping" profile="unconfined" name="rsyslogd" pid=812 comm="apparmor_parser"
[    9.891572] evm: overlay not supported
[   10.192913] loop0: detected capacity change from 0 to 8
[   10.315602] systemd-journald[157]: /var/log/journal/58b34b8c91a94400a52c175421986a53/user-1001.journal: Journal file uses a different sequence number ID, rotating.
[   10.389624] Adding 3145724k swap on /swapfile.  Priority:-2 extents:67 across:59998204k SS
[   10.463604] audit: type=1400 audit(1789992176.443:125): apparmor="STATUS" operation="profile_replace" info="same as current profile, skipping" profile="unconfined" name="/usr/lib/snapd/snap-confine" pid=1117 comm="apparmor_parser"
[   10.559541] audit: type=1400 audit(1789992176.539:126): apparmor="STATUS" operation="profile_load" profile="unconfined" name="docker-default" pid=1247 comm="apparmor_parser"
[   11.282008] Initializing XFRM netlink socket
[   11.410748] bridge: filtering via arp/ip/ip6tables is no longer available by default. Update your scripts to load br_netfilter if you need this.
[   48.990591] hv_balloon: Max. dynamic memory size: 16384 MB
