=== phase build 13:07:05
[1m[92m   Compiling[0m proc-macro2 v1.0.107
[1m[92m   Compiling[0m unicode-ident v1.0.24
[1m[92m   Compiling[0m quote v1.0.47
[1m[92m   Compiling[0m libc v0.2.189
[1m[92m   Compiling[0m syn v2.0.119
[1m[92m   Compiling[0m jobserver v0.1.35
[1m[92m   Compiling[0m shlex v2.0.1
[1m[92m   Compiling[0m find-msvc-tools v0.1.9
[1m[92m   Compiling[0m cc v1.4.0
[1m[92m   Compiling[0m log v0.4.33
[1m[92m   Compiling[0m itoa v1.0.18
[1m[92m   Compiling[0m bytes v1.12.1
[1m[92m   Compiling[0m synstructure v0.13.2
[1m[92m   Compiling[0m pin-project-lite v0.2.17
[1m[92m   Compiling[0m pkg-config v0.3.33
[1m[92m   Compiling[0m once_cell v1.21.4
[1m[92m   Compiling[0m syn v3.0.3
[1m[92m   Compiling[0m zerofrom-derive v0.1.7
[1m[92m   Compiling[0m zerofrom v0.1.8
[1m[92m   Compiling[0m yoke-derive v0.8.2
[1m[92m   Compiling[0m futures-core v0.3.33
[1m[92m   Compiling[0m stable_deref_trait v1.2.1
[1m[92m   Compiling[0m yoke v0.8.3
[1m[92m   Compiling[0m cfg-if v1.0.4
[1m[92m   Compiling[0m zerovec-derive v0.11.3
[1m[92m   Compiling[0m mio v1.2.2
[1m[92m   Compiling[0m errno v0.3.14
[1m[92m   Compiling[0m equivalent v1.0.2
[1m[92m   Compiling[0m signal-hook-registry v1.4.8
[1m[92m   Compiling[0m zerovec v0.11.6
[1m[92m   Compiling[0m tokio-macros v2.7.1
[1m[92m   Compiling[0m displaydoc v0.2.6
[1m[92m   Compiling[0m tracing-core v0.1.36
[1m[92m   Compiling[0m http v1.4.2
[1m[92m   Compiling[0m cmake v0.1.58
[1m[92m   Compiling[0m socket2 v0.6.5
[1m[92m   Compiling[0m smallvec v1.15.2
[1m[92m   Compiling[0m dunce v1.0.5
[1m[92m   Compiling[0m memchr v2.8.3
[1m[92m   Compiling[0m fs_extra v1.3.0
[1m[92m   Compiling[0m aws-lc-sys v0.43.0
[1m[92m   Compiling[0m tokio v1.53.1
[1m[92m   Compiling[0m tracing-attributes v0.1.31
[1m[92m   Compiling[0m foldhash v0.2.0
[1m[92m   Compiling[0m version_check v0.9.5
[1m[92m   Compiling[0m futures-sink v0.3.33
[1m[92m   Compiling[0m generic-array v0.14.7
[1m[92m   Compiling[0m hashbrown v0.17.1
[1m[92m   Compiling[0m tracing v0.1.44
[1m[92m   Compiling[0m serde_core v1.0.229
[1m[92m   Compiling[0m slab v0.4.12
[1m[92m   Compiling[0m tinystr v0.8.3
[1m[92m   Compiling[0m httparse v1.10.1
[1m[92m   Compiling[0m aws-lc-rs v1.17.3
[1m[92m   Compiling[0m zeroize v1.9.0
[1m[92m   Compiling[0m typenum v1.20.1
[1m[92m   Compiling[0m writeable v0.6.3
[1m[92m   Compiling[0m zmij v1.0.23
[1m[92m   Compiling[0m litemap v0.8.2
[1m[92m   Compiling[0m icu_locale_core v2.2.0
[1m[92m   Compiling[0m http-body v1.1.0
[1m[92m   Compiling[0m zerotrie v0.2.4
[1m[92m   Compiling[0m potential_utf v0.1.5
[1m[92m   Compiling[0m futures-macro v0.3.33
[1m[92m   Compiling[0m utf8_iter v1.0.4
[1m[92m   Compiling[0m zerocopy v0.8.57
[1m[92m   Compiling[0m futures-task v0.3.33
[1m[92m   Compiling[0m getrandom v0.3.4
[1m[92m   Compiling[0m icu_properties_data v2.2.0
[1m[92m   Compiling[0m percent-encoding v2.3.2
[1m[92m   Compiling[0m icu_normalizer_data v2.2.0
[1m[92m   Compiling[0m futures-util v0.3.33
[1m[92m   Compiling[0m icu_collections v2.2.0
[1m[92m   Compiling[0m icu_provider v2.2.0
[1m[92m   Compiling[0m rustls-pki-types v1.15.1
[1m[92m   Compiling[0m indexmap v2.14.0
[1m[92m   Compiling[0m aho-corasick v1.1.4
[1m[92m   Compiling[0m regex-syntax v0.8.11
[1m[92m   Compiling[0m serde v1.0.229
[1m[92m   Compiling[0m tower-service v0.3.3
[1m[92m   Compiling[0m regex-automata v0.4.16
[1m[92m   Compiling[0m block-buffer v0.10.4
[1m[92m   Compiling[0m crypto-common v0.1.7
[1m[92m   Compiling[0m tokio-util v0.7.19
[1m[92m   Compiling[0m serde_derive v1.0.229
[1m[92m   Compiling[0m atomic-waker v1.1.2
[1m[92m   Compiling[0m thiserror v2.0.19
[1m[92m   Compiling[0m bitflags v2.13.1
[1m[92m   Compiling[0m fnv v1.0.7
[1m[92m   Compiling[0m untrusted v0.9.0
[1m[92m   Compiling[0m rustls v0.23.42
[1m[92m   Compiling[0m try-lock v0.2.5
[1m[92m   Compiling[0m tree-sitter-language v0.1.7
[1m[92m   Compiling[0m want v0.3.1
[1m[92m   Compiling[0m h2 v0.4.15
=== progress at 13:07:30, 25s into the step
    PID    PPID    PGID     ELAPSED STAT   RSS COMMAND
   7466    5526    1824       00:00 Sl   198048 /home/runner/.rustup/toolchains/stable-x86_64-unknown-linux-gnu/bin/rustc --crate-name h2 --edition=2021 /home/runner/.cargo/registry/src/index.crates.io-1949cf8c6b5b557f/h2-0.4.15/src/lib.rs --error-format=json --json=diagnostic-rendered-ansi,artifacts,future-incompat --crate-type lib --emit=dep-info,metadata,link -C embed-bitcode=no --warn=unexpected_cfgs --check-cfg cfg(fuzzing) --check-cfg cfg(docsrs,test) --check-cfg cfg(feature, values("stream", "unstable")) -C metadata=9c9e6397899db481 -C extra-filename=-34725cd5e7845c8c --out-dir /home/runner/work/Knossos-Harness/Knossos-Harness/knossos-rs/target/debug/deps -C strip=debuginfo -L dependency=/home/runner/work/Knossos-Harness/Knossos-Harness/knossos-rs/target/debug/deps --extern atomic_waker=/home/runner/work/Knossos-Harness/Knossos-Harness/knossos-rs/target/debug/deps/libatomic_waker-e5215113ebe843a0.rmeta --extern bytes=/home/runner/work/Knossos-Harness/Knossos-Harness/knossos-rs/target/debug/deps/libbytes-98b9db333d3aad57.rmeta --extern fnv=/home/runner/work/Knossos-Harness/Knossos-Harness/knossos-rs/target/debug/deps/libfnv-aa65d4096dc0a9b1.rmeta --extern futures_core=/home/runner/work/Knossos-Harness/Knossos-Harness/knossos-rs/target/debug/deps/libfutures_core-b964196e8f6f58cd.rmeta --extern futures_sink=/home/runner/work/Knossos-Harness/Knossos-Harness/knossos-rs/target/debug/deps/libfutures_sink-54ad2e8ec5f00a5b.rmeta --extern http=/home/runner/work/Knossos-Harness/Knossos-Harness/knossos-rs/target/debug/deps/libhttp-c85b6ab178bdaf64.rmeta --extern indexmap=/home/runner/work/Knossos-Harness/Knossos-Harness/knossos-rs/target/debug/deps/libindexmap-254c5268b03dc543.rmeta --extern slab=/home/runner/work/Knossos-Harness/Knossos-Harness/knossos-rs/target/debug/deps/libslab-23ba86673fd0d7a7.rmeta --extern tokio=/home/runner/work/Knossos-Harness/Knossos-Harness/knossos-rs/target/debug/deps/libtokio-fcf8d8c00d2f34a1.rmeta --extern tokio_util=/home/runner/work/Knossos-Harness/Knossos-Harness/knossos-rs/target/debug/deps/libtokio_util-a65b305016c9ac4e.rmeta --extern tracing=/home/runner/work/Knossos-Harness/Knossos-Harness/knossos-rs/target/debug/deps/libtracing-17d360482eafb033.rmeta --cap-lints allow
   1896    1876    1824       01:25 Sl   174968 /home/runner/actions-runner/cached/2.337.0/bin/Runner.Worker spawnclient 142 145
   1839    1837    1824       01:27 Sl   132040 /tmp/provjobd3774200422
   1876    1824    1824       01:26 Sl   100380 /home/runner/actions-runner/cached/2.337.0/bin/Runner.Listener run
   5526    5521    1824       00:25 Sl   82232 /home/runner/.rustup/toolchains/stable-x86_64-unknown-linux-gnu/bin/cargo build --locked --bin knossos
   1020       1    1020       01:38 Ssl  72296 /usr/bin/dockerd -H fd:// --containerd=/run/containerd/containerd.sock
    769       1     769       01:38 Ss   51620 php-fpm: master process (/etc/php/8.3/fpm/php-fpm.conf)
    849       1     849       01:38 Ssl  47808 /usr/bin/containerd
    223       1     223       01:44 SLsl 43680 /sbin/multipathd -d -s
   1173     786     786       01:38 Sl   37984 /usr/bin/python3 -u bin/WALinuxAgent-2.16.0.2-py3.12.egg -run-exthandlers
    786       1     786       01:38 Ss   31400 /usr/bin/python3 -u /usr/sbin/waagent -daemon
   7478    7477    1824       00:00 R    29060 /usr/libexec/gcc/x86_64-linux-gnu/13/cc1 -quiet -I /home/runner/.cargo/registry/src/index.crates.io-1949cf8c6b5b557f/aws-lc-sys-0.43.0/generated-include -I /home/runner/.cargo/registry/src/index.crates.io-1949cf8c6b5b557f/aws-lc-sys-0.43.0/include -I /home/runner/.cargo/registry/src/index.crates.io-1949cf8c6b5b557f/aws-lc-sys-0.43.0/aws-lc/include -I /home/runner/.cargo/registry/src/index.crates.io-1949cf8c6b5b557f/aws-lc-sys-0.43.0/aws-lc/third_party/s2n-bignum/include -I /home/runner/.cargo/registry/src/index.crates.io-1949cf8c6b5b557f/aws-lc-sys-0.43.0/aws-lc/third_party/s2n-bignum/s2n-bignum-imported/include -I /home/runner/.cargo/registry/src/index.crates.io-1949cf8c6b5b557f/aws-lc-sys-0.43.0/aws-lc/third_party/jitterentropy/jitterentropy-library -I /home/runner/.cargo/registry/src/index.crates.io-1949cf8c6b5b557f/aws-lc-sys-0.43.0/aws-lc/third_party/jitterentropy/jitterentropy-library/src -imultiarch x86_64-linux-gnu -D_REENTRANT -D _XOPEN_SOURCE=700 -D BORINGSSL_IMPLEMENTATION=1 -D BORINGSSL_PREFIX=aws_lc_0_43_0 -D AWS_LC_STDALIGN_AVAILABLE=1 -D AWS_LC_BUILTIN_SWAP_SUPPORTED=1 -D HAVE_LINUX_RANDOM_H=1 /home/runner/.cargo/registry/src/index.crates.io-1949cf8c6b5b557f/aws-lc-sys-0.43.0/aws-lc/crypto/evp_extra/p_dh.c -quiet -dumpdir /home/runner/work/Knossos-Harness/Knossos-Harness/knossos-rs/target/debug/build/aws-lc-sys-26b2865d50ad3e38/out/ -dumpbase 7510312e0f5aa0be-p_dh.c -dumpbase-ext .c -m64 -mtune=generic -march=x86-64 -O0 -Wall -Wextra -Wno-unused-parameter -std=c11 -ffunction-sections -fdata-sections -fPIC -fasynchronous-unwind-tables -fstack-protector-strong -Wformat-security -fstack-clash-protection -fcf-protection -o /tmp/cc5LLwiZ.s
   1119     769     769       01:38 S    21612 php-fpm: pool www
   1120     769     769       01:38 S    21612 php-fpm: pool www
    766       1     766       01:38 Ss   21320 /usr/bin/python3 /usr/bin/networkd-dispatcher --run-startup-triggers
   1824       1    1824       01:27 Ssl  17280 /opt/hca/hosted-compute-agent
    158       1     158       01:44 S<s  16408 /usr/lib/systemd/systemd-journald
      1       0       1       01:46 Ss   14420 /sbin/init
    785       1     785       01:38 Ssl  13896 /usr/libexec/udisks2/udisksd
    406       1     406       01:44 Ss   13312 /usr/lib/systemd/systemd-resolved
    942       1     942       01:38 Ssl  12996 /usr/sbin/ModemManager
    929       1     929       01:38 Ss   11708 /usr/lib/systemd/systemd --user
    781       1     781       01:38 Ss    9976 /usr/lib/systemd/systemd-logind
    642       1     642       01:43 Ss    9852 /usr/lib/systemd/systemd-networkd
    773       1     773       01:38 Ssl   8192 /usr/lib/polkit-1/polkitd --no-debug
    226       1     226       01:44 Ss    8044 /usr/lib/systemd/systemd-udevd
   1837    1824    1824       01:27 S     7132 sudo -n PROVJOBD_E2E=1 /tmp/provjobd3774200422
    932       1     932       01:38 Ssl   6428 /usr/sbin/rsyslogd -n -iNONE
    761       1     761       01:38 Ss    5640 @dbus-daemon --system --address=systemd: --nofork --nopidfile --systemd-activation --syslog-only
    492       1     492       01:44 Ss    5132 /usr/sbin/haveged --Foreground --verbose=1
   7481    5520    1824       00:00 R     4352 ps -eo pid,ppid,pgid,etime,stat,rss,args --sort=-rss
   6232    5526    1824       00:16 S     4284 /home/runner/work/Knossos-Harness/Knossos-Harness/knossos-rs/target/debug/build/aws-lc-sys-f2d7c36df383d263/build-script-main
    915       1     914       01:38 S     3776 /usr/sbin/chronyd -F 1
   5520    1896    1824       00:25 S     3668 /usr/bin/bash --noprofile --norc -e -o pipefail /home/runner/work/_temp/8bfc83a9-0716-4d4c-b83f-9353a42416b8.sh
    968     929     929       01:38 S     3636 (sd-pam)
    299       1     299       01:44 Ss    2972 /usr/lib/linux-tools/6.17.0-1022-azure/hv_kvp_daemon -n
    815       1     815       01:38 Ss    2892 /usr/sbin/cron -f -P
   7477    6232    1824       00:00 S     2740 cc -O0 -ffunction-sections -fdata-sections -fPIC -m64 -std=c11 -I /home/runner/.cargo/registry/src/index.crates.io-1949cf8c6b5b557f/aws-lc-sys-0.43.0/generated-include -I /home/runner/.cargo/registry/src/index.crates.io-1949cf8c6b5b557f/aws-lc-sys-0.43.0/include -I /home/runner/.cargo/registry/src/index.crates.io-1949cf8c6b5b557f/aws-lc-sys-0.43.0/aws-lc/include -I /home/runner/.cargo/registry/src/index.crates.io-1949cf8c6b5b557f/aws-lc-sys-0.43.0/aws-lc/third_party/s2n-bignum/include -I /home/runner/.cargo/registry/src/index.crates.io-1949cf8c6b5b557f/aws-lc-sys-0.43.0/aws-lc/third_party/s2n-bignum/s2n-bignum-imported/include -I /home/runner/.cargo/registry/src/index.crates.io-1949cf8c6b5b557f/aws-lc-sys-0.43.0/aws-lc/third_party/jitterentropy/jitterentropy-library -I /home/runner/.cargo/registry/src/index.crates.io-1949cf8c6b5b557f/aws-lc-sys-0.43.0/aws-lc/third_party/jitterentropy/jitterentropy-library/src -Wall -Wextra -Wno-unused-parameter -pthread -D_XOPEN_SOURCE=700 -DBORINGSSL_IMPLEMENTATION=1 -DBORINGSSL_PREFIX=aws_lc_0_43_0 -DAWS_LC_STDALIGN_AVAILABLE=1 -DAWS_LC_BUILTIN_SWAP_SUPPORTED=1 -DHAVE_LINUX_RANDOM_H=1 -o /home/runner/work/Knossos-Harness/Knossos-Harness/knossos-rs/target/debug/build/aws-lc-sys-26b2865d50ad3e38/out/7510312e0f5aa0be-p_dh.o -c /home/runner/.cargo/registry/src/index.crates.io-1949cf8c6b5b557f/aws-lc-sys-0.43.0/aws-lc/crypto/evp_extra/p_dh.c
   5522    5520    1824       00:25 S     2400 /usr/bin/bash --noprofile --norc -e -o pipefail /home/runner/work/_temp/8bfc83a9-0716-4d4c-b83f-9353a42416b8.sh
               total        used        free      shared  buff/cache   available
Mem:           15988        1328       10840          48        4214       14659
Swap:           3071           0        3071
Filesystem      Size  Used Avail Use% Mounted on
/dev/root       145G   60G   85G  42% /
/dev/root       145G   60G   85G  42% /
[    3.722999] pci 7870:00:00.0: BAR 0 [mem 0xfc2000000-0xfc3ffffff 64bit pref]: assigned
[    3.724446] pci 7870:00:00.0: BAR 4 [mem 0xfc4000000-0xfc4007fff 64bit pref]: assigned
[    3.725832] mana 7870:00:00.0: enabling device (0000 -> 0002)
[    3.734966] mana 7870:00:00.0: Microsoft Azure Network Adapter protocol version: 0.1.1
[    3.736331] hv_netvsc f8615163-0000-1000-2000-6045bde90bac eth0: VF registering: eth1
[    3.736356] mana 7870:00:00.0 eth1: joined to eth0
[    3.739371] mana 7870:00:00.0 ens1: renamed from eth1
[    3.842159] mana 7870:00:00.0 ens1: Configured vPort 0 PD 18 DB 16
[    3.846631] mana 7870:00:00.0 ens1: Configured steering vPort 0 entries 64
[    3.847183] hv_netvsc f8615163-0000-1000-2000-6045bde90bac eth0: Data path switched to VF: ens1
[    3.880119] hv_netvsc f8615163-0000-1000-2000-6045bde90bac eth0: Data path switched from VF: ens1
[    3.880254] mana 7870:00:00.0 ens1: Configured steering vPort 0 entries 64
[    4.302213] mana 7870:00:00.0 ens1: Configured vPort 0 PD 18 DB 16
[    4.306395] mana 7870:00:00.0 ens1: Configured steering vPort 0 entries 64
[    4.306861] hv_netvsc f8615163-0000-1000-2000-6045bde90bac eth0: Data path switched to VF: ens1
[    4.307024] mana 7870:00:00.0 mana_0: Port: 1 Link ACTIVE
[    7.019401] EXT4-fs (nvme0n1p1): resizing filesystem from 19398395 to 39059195 blocks
[    7.976493] EXT4-fs (nvme0n1p1): resized filesystem to 39059195
[    8.531005] block nvme0n1: No UUID available providing old NGUID
[    8.846716] evm: overlay not supported
[    8.848563] kauditd_printk_skb: 113 callbacks suppressed
[    8.848565] audit: type=1400 audit(1789995952.337:124): apparmor="STATUS" operation="profile_replace" info="same as current profile, skipping" profile="unconfined" name="rsyslogd" pid=827 comm="apparmor_parser"
[    9.065746] loop0: detected capacity change from 0 to 8
[    9.135744] systemd-journald[158]: /var/log/journal/58b34b8c91a94400a52c175421986a53/user-1001.journal: Journal file uses a different sequence number ID, rotating.
[    9.235971] audit: type=1400 audit(1789995952.724:125): apparmor="STATUS" operation="profile_replace" info="same as current profile, skipping" profile="unconfined" name="/usr/lib/snapd/snap-confine" pid=1098 comm="apparmor_parser"
[    9.408118] audit: type=1400 audit(1789995952.897:126): apparmor="STATUS" operation="profile_load" profile="unconfined" name="docker-default" pid=1228 comm="apparmor_parser"
[    9.544037] Adding 3145724k swap on /swapfile.  Priority:-2 extents:66 across:56459260k SS
[    9.715278] Initializing XFRM netlink socket
[    9.879133] bridge: filtering via arp/ip/ip6tables is no longer available by default. Update your scripts to load br_netfilter if you need this.
[   49.695065] hv_balloon: Max. dynamic memory size: 16384 MB
