[1m[92m   Compiling[0m proc-macro2 v1.0.107
[1m[92m   Compiling[0m quote v1.0.47
[1m[92m   Compiling[0m unicode-ident v1.0.24
[1m[92m   Compiling[0m libc v0.2.189
[1m[92m   Compiling[0m syn v2.0.119
[1m[92m   Compiling[0m jobserver v0.1.35
[1m[92m   Compiling[0m find-msvc-tools v0.1.9
[1m[92m   Compiling[0m shlex v2.0.1
[1m[92m   Compiling[0m cc v1.4.0
[1m[92m   Compiling[0m log v0.4.33
[1m[92m   Compiling[0m itoa v1.0.18
[1m[92m   Compiling[0m pin-project-lite v0.2.17
[1m[92m   Compiling[0m bytes v1.12.1
[1m[92m   Compiling[0m once_cell v1.21.4
[1m[92m   Compiling[0m pkg-config v0.3.33
[1m[92m   Compiling[0m synstructure v0.13.2
[1m[92m   Compiling[0m syn v3.0.3
[1m[92m   Compiling[0m zerofrom-derive v0.1.7
[1m[92m   Compiling[0m zerofrom v0.1.8
[1m[92m   Compiling[0m yoke-derive v0.8.2
[1m[92m   Compiling[0m futures-core v0.3.33
[1m[92m   Compiling[0m cfg-if v1.0.4
[1m[92m   Compiling[0m stable_deref_trait v1.2.1
[1m[92m   Compiling[0m yoke v0.8.3
[1m[92m   Compiling[0m zerovec-derive v0.11.3
[1m[92m   Compiling[0m mio v1.2.2
[1m[92m   Compiling[0m errno v0.3.14
[1m[92m   Compiling[0m equivalent v1.0.2
[1m[92m   Compiling[0m signal-hook-registry v1.4.8
[1m[92m   Compiling[0m zerovec v0.11.6
[1m[92m   Compiling[0m displaydoc v0.2.6
[1m[92m   Compiling[0m tokio-macros v2.7.1
[1m[92m   Compiling[0m tracing-core v0.1.36
[1m[92m   Compiling[0m http v1.4.2
[1m[92m   Compiling[0m cmake v0.1.58
[1m[92m   Compiling[0m socket2 v0.6.5
[1m[92m   Compiling[0m dunce v1.0.5
[1m[92m   Compiling[0m smallvec v1.15.2
[1m[92m   Compiling[0m fs_extra v1.3.0
[1m[92m   Compiling[0m memchr v2.8.3
[1m[92m   Compiling[0m aws-lc-sys v0.43.0
[1m[92m   Compiling[0m tokio v1.53.1
[1m[92m   Compiling[0m tracing-attributes v0.1.31
[1m[92m   Compiling[0m futures-sink v0.3.33
[1m[92m   Compiling[0m foldhash v0.2.0
[1m[92m   Compiling[0m version_check v0.9.5
[1m[92m   Compiling[0m generic-array v0.14.7
[1m[92m   Compiling[0m hashbrown v0.17.1
[1m[92m   Compiling[0m tracing v0.1.44
[1m[92m   Compiling[0m slab v0.4.12
[1m[92m   Compiling[0m serde_core v1.0.229
[1m[92m   Compiling[0m tinystr v0.8.3
[1m[92m   Compiling[0m typenum v1.20.1
[1m[92m   Compiling[0m aws-lc-rs v1.17.3
[1m[92m   Compiling[0m litemap v0.8.2
[1m[92m   Compiling[0m httparse v1.10.1
[1m[92m   Compiling[0m writeable v0.6.3
[1m[92m   Compiling[0m zmij v1.0.23
[1m[92m   Compiling[0m zeroize v1.9.0
[1m[92m   Compiling[0m icu_locale_core v2.2.0
[1m[92m   Compiling[0m http-body v1.1.0
[1m[92m   Compiling[0m zerotrie v0.2.4
[1m[92m   Compiling[0m potential_utf v0.1.5
[1m[92m   Compiling[0m futures-macro v0.3.33
[1m[92m   Compiling[0m icu_properties_data v2.2.0
[1m[92m   Compiling[0m zerocopy v0.8.57
[1m[92m   Compiling[0m icu_normalizer_data v2.2.0
[1m[92m   Compiling[0m utf8_iter v1.0.4
[1m[92m   Compiling[0m futures-task v0.3.33
[1m[92m   Compiling[0m getrandom v0.3.4
[1m[92m   Compiling[0m bitflags v2.13.1
[1m[92m   Compiling[0m percent-encoding v2.3.2
[1m[92m   Compiling[0m futures-util v0.3.33
[1m[92m   Compiling[0m icu_collections v2.2.0
[1m[92m   Compiling[0m icu_provider v2.2.0
[1m[92m   Compiling[0m rustls-pki-types v1.15.1
[1m[92m   Compiling[0m indexmap v2.14.0
[1m[92m   Compiling[0m aho-corasick v1.1.4
[1m[92m   Compiling[0m serde v1.0.229
[1m[92m   Compiling[0m regex-syntax v0.8.11
[1m[92m   Compiling[0m tower-service v0.3.3
[1m[92m   Compiling[0m regex-automata v0.4.16
=== progress at 07:45:57, 25s into the step
    PID    PPID    PGID     ELAPSED STAT   RSS COMMAND
   7258    5690    5690       00:02 Sl   378164 /home/runner/.rustup/toolchains/stable-x86_64-unknown-linux-gnu/bin/rustc --crate-name regex_automata --edition=2021 /home/runner/.cargo/registry/src/index.crates.io-1949cf8c6b5b557f/regex-automata-0.4.16/src/lib.rs --error-format=json --json=diagnostic-rendered-ansi,artifacts,future-incompat --crate-type lib --emit=dep-info,metadata,link -C embed-bitcode=no --allow=unexpected_cfgs --check-cfg cfg(docsrs_regex) --cfg feature="alloc" --cfg feature="dfa-build" --cfg feature="dfa-onepass" --cfg feature="dfa-search" --cfg feature="hybrid" --cfg feature="meta" --cfg feature="nfa" --cfg feature="nfa-backtrack" --cfg feature="nfa-pikevm" --cfg feature="nfa-thompson" --cfg feature="perf" --cfg feature="perf-inline" --cfg feature="perf-literal" --cfg feature="perf-literal-multisubstring" --cfg feature="perf-literal-substring" --cfg feature="std" --cfg feature="syntax" --cfg feature="unicode" --cfg feature="unicode-age" --cfg feature="unicode-bool" --cfg feature="unicode-case" --cfg feature="unicode-gencat" --cfg feature="unicode-perl" --cfg feature="unicode-script" --cfg feature="unicode-segment" --cfg feature="unicode-word-boundary" --check-cfg cfg(docsrs,test) --check-cfg cfg(feature, values("alloc", "default", "dfa", "dfa-build", "dfa-onepass", "dfa-search", "hybrid", "internal-instrument", "internal-instrument-pikevm", "logging", "meta", "nfa", "nfa-backtrack", "nfa-pikevm", "nfa-thompson", "perf", "perf-inline", "perf-literal", "perf-literal-multisubstring", "perf-literal-substring", "std", "syntax", "unicode", "unicode-age", "unicode-bool", "unicode-case", "unicode-gencat", "unicode-perl", "unicode-script", "unicode-segment", "unicode-word-boundary")) -C metadata=85dc6c17a9fb8b79 -C extra-filename=-e395964135d88009 --out-dir /home/runner/work/Knossos-Harness/Knossos-Harness/knossos-rs/target/debug/deps -C strip=debuginfo -L dependency=/home/runner/work/Knossos-Harness/Knossos-Harness/knossos-rs/target/debug/deps --extern aho_corasick=/home/runner/work/Knossos-Harness/Knossos-Harness/knossos-rs/target/debug/deps/libaho_corasick-14a51e478d192376.rmeta --extern memchr=/home/runner/work/Knossos-Harness/Knossos-Harness/knossos-rs/target/debug/deps/libmemchr-43aded205edce545.rmeta --extern regex_syntax=/home/runner/work/Knossos-Harness/Knossos-Harness/knossos-rs/target/debug/deps/libregex_syntax-808f6e5efba22395.rmeta --cap-lints allow
   2080    2061    2009       01:28 Sl   133748 /home/runner/actions-runner/cached/2.337.0/bin/Runner.Worker spawnclient 142 145
   2027    2025    2009       01:30 Sl   132932 /tmp/provjobd1018308934
   2061    2009    2009       01:29 Sl   96132 /home/runner/actions-runner/cached/2.337.0/bin/Runner.Listener run
   5690    5689    5690       00:25 Ssl  86268 /home/runner/.rustup/toolchains/stable-x86_64-unknown-linux-gnu/bin/cargo test --all-targets --locked
   1222       1    1222       01:44 Ssl  72240 /usr/bin/dockerd -H fd:// --containerd=/run/containerd/containerd.sock
    964       1     964       01:45 Ss   51704 php-fpm: master process (/etc/php/8.3/fpm/php-fpm.conf)
   1065       1    1065       01:45 Ssl  43736 /usr/bin/containerd
    222       1     222       01:53 SLsl 43712 /sbin/multipathd -d -s
   1353    1006    1006       01:44 Sl   38084 /usr/bin/python3 -u bin/WALinuxAgent-2.16.0.2-py3.12.egg -run-exthandlers
   1006       1    1006       01:45 Ss   30852 /usr/bin/python3 -u /usr/sbin/waagent -daemon
   7342    7341    5690       00:00 R    29932 /usr/libexec/gcc/x86_64-linux-gnu/13/cc1 -quiet -I /home/runner/.cargo/registry/src/index.crates.io-1949cf8c6b5b557f/aws-lc-sys-0.43.0/generated-include -I /home/runner/.cargo/registry/src/index.crates.io-1949cf8c6b5b557f/aws-lc-sys-0.43.0/include -I /home/runner/.cargo/registry/src/index.crates.io-1949cf8c6b5b557f/aws-lc-sys-0.43.0/aws-lc/include -I /home/runner/.cargo/registry/src/index.crates.io-1949cf8c6b5b557f/aws-lc-sys-0.43.0/aws-lc/third_party/s2n-bignum/include -I /home/runner/.cargo/registry/src/index.crates.io-1949cf8c6b5b557f/aws-lc-sys-0.43.0/aws-lc/third_party/s2n-bignum/s2n-bignum-imported/include -I /home/runner/.cargo/registry/src/index.crates.io-1949cf8c6b5b557f/aws-lc-sys-0.43.0/aws-lc/third_party/jitterentropy/jitterentropy-library -I /home/runner/.cargo/registry/src/index.crates.io-1949cf8c6b5b557f/aws-lc-sys-0.43.0/aws-lc/third_party/jitterentropy/jitterentropy-library/src -imultiarch x86_64-linux-gnu -D_REENTRANT -D _XOPEN_SOURCE=700 -D BORINGSSL_IMPLEMENTATION=1 -D BORINGSSL_PREFIX=aws_lc_0_43_0 -D AWS_LC_STDALIGN_AVAILABLE=1 -D AWS_LC_BUILTIN_SWAP_SUPPORTED=1 -D HAVE_LINUX_RANDOM_H=1 /home/runner/.cargo/registry/src/index.crates.io-1949cf8c6b5b557f/aws-lc-sys-0.43.0/aws-lc/crypto/des/des.c -quiet -dumpdir /home/runner/work/Knossos-Harness/Knossos-Harness/knossos-rs/target/debug/build/aws-lc-sys-26b2865d50ad3e38/out/ -dumpbase da5030c6f3330e8d-des.c -dumpbase-ext .c -m64 -mtune=generic -march=x86-64 -O0 -Wall -Wextra -Wno-unused-parameter -std=c11 -ffunction-sections -fdata-sections -fPIC -fasynchronous-unwind-tables -fstack-protector-strong -Wformat-security -fstack-clash-protection -fcf-protection -o /tmp/ccAIpDIW.s
   1174     964     964       01:44 S    21504 php-fpm: pool www
   1176     964     964       01:44 S    21504 php-fpm: pool www
    962       1     962       01:45 Ss   21064 /usr/bin/python3 /usr/bin/networkd-dispatcher --run-startup-triggers
   2009       1    2009       01:30 Ssl  17216 /opt/hca/hosted-compute-agent
    155       1     155       01:54 S<s  16284 /usr/lib/systemd/systemd-journald
      1       0       1       01:55 Ss   14348 /sbin/init
    998       1     998       01:45 Ssl  13780 /usr/libexec/udisks2/udisksd
    563       1     563       01:51 Ss   13248 /usr/lib/systemd/systemd-resolved
   1221       1    1221       01:44 Ssl  13072 /usr/sbin/ModemManager
   1277       1    1277       01:44 Ss   11608 /usr/lib/systemd/systemd --user
    995       1     995       01:45 Ss    9788 /usr/lib/systemd/systemd-logind
    721       1     721       01:49 Ss    9688 /usr/lib/systemd/systemd-networkd
    969       1     969       01:45 Ssl   8088 /usr/lib/polkit-1/polkitd --no-debug
    226       1     226       01:53 Ss    7988 /usr/lib/systemd/systemd-udevd
   2025    2009    2009       01:30 S     7072 sudo -n PROVJOBD_E2E=1 /tmp/provjobd1018308934
   1081       1    1081       01:45 Ssl   6176 /usr/sbin/rsyslogd -n -iNONE
    957       1     957       01:45 Ss    5544 @dbus-daemon --system --address=systemd: --nofork --nopidfile --systemd-activation --syslog-only
    582       1     582       01:51 Ss    5028 /usr/sbin/haveged --Foreground --verbose=1
   7346    5689    2009       00:00 R     4288 ps -eo pid,ppid,pgid,etime,stat,rss,args --sort=-rss
   6393    5690    5690       00:14 S     4200 /home/runner/work/Knossos-Harness/Knossos-Harness/knossos-rs/target/debug/build/aws-lc-sys-f2d7c36df383d263/build-script-main
   1112       1    1108       01:45 S     3660 /usr/sbin/chronyd -F 1
   5689    2080    2009       00:25 S     3608 /usr/bin/bash --noprofile --norc -e -o pipefail /home/runner/work/_temp/56481309-a46b-4056-a887-fc69b3d219ce.sh
   1302    1277    1277       01:44 S     3572 (sd-pam)
    385       1     385       01:52 Ss    2904 /usr/lib/linux-tools/6.17.0-1022-azure/hv_kvp_daemon -n
   1032       1    1032       01:45 Ss    2760 /usr/sbin/cron -f -P
   7341    6393    5690       00:00 S     2672 cc -O0 -ffunction-sections -fdata-sections -fPIC -m64 -std=c11 -I /home/runner/.cargo/registry/src/index.crates.io-1949cf8c6b5b557f/aws-lc-sys-0.43.0/generated-include -I /home/runner/.cargo/registry/src/index.crates.io-1949cf8c6b5b557f/aws-lc-sys-0.43.0/include -I /home/runner/.cargo/registry/src/index.crates.io-1949cf8c6b5b557f/aws-lc-sys-0.43.0/aws-lc/include -I /home/runner/.cargo/registry/src/index.crates.io-1949cf8c6b5b557f/aws-lc-sys-0.43.0/aws-lc/third_party/s2n-bignum/include -I /home/runner/.cargo/registry/src/index.crates.io-1949cf8c6b5b557f/aws-lc-sys-0.43.0/aws-lc/third_party/s2n-bignum/s2n-bignum-imported/include -I /home/runner/.cargo/registry/src/index.crates.io-1949cf8c6b5b557f/aws-lc-sys-0.43.0/aws-lc/third_party/jitterentropy/jitterentropy-library -I /home/runner/.cargo/registry/src/index.crates.io-1949cf8c6b5b557f/aws-lc-sys-0.43.0/aws-lc/third_party/jitterentropy/jitterentropy-library/src -Wall -Wextra -Wno-unused-parameter -pthread -D_XOPEN_SOURCE=700 -DBORINGSSL_IMPLEMENTATION=1 -DBORINGSSL_PREFIX=aws_lc_0_43_0 -DAWS_LC_STDALIGN_AVAILABLE=1 -DAWS_LC_BUILTIN_SWAP_SUPPORTED=1 -DHAVE_LINUX_RANDOM_H=1 -o /home/runner/work/Knossos-Harness/Knossos-Harness/knossos-rs/target/debug/build/aws-lc-sys-26b2865d50ad3e38/out/da5030c6f3330e8d-des.o -c /home/runner/.cargo/registry/src/index.crates.io-1949cf8c6b5b557f/aws-lc-sys-0.43.0/aws-lc/crypto/des/des.c
   5691    5689    2009       00:25 S     2440 /usr/bin/bash --noprofile --norc -e -o pipefail /home/runner/work/_temp/56481309-a46b-4056-a887-fc69b3d219ce.sh
               total        used        free      shared  buff/cache   available
Mem:           15993        1373       10850          46        4162       14620
Swap:           3071           0        3071
Filesystem      Size  Used Avail Use% Mounted on
/dev/root       145G   60G   85G  42% /
/dev/root       145G   60G   85G  42% /
[   11.240647] loop0: detected capacity change from 0 to 8
[   11.448125] audit: type=1400 audit(1789976652.644:125): apparmor="STATUS" operation="profile_replace" info="same as current profile, skipping" profile="unconfined" name="/usr/lib/snapd/snap-confine" pid=1196 comm="apparmor_parser"
[   11.558504] Adding 3145724k swap on /swapfile.  Priority:-2 extents:110 across:58449916k 
[   11.763629] systemd-journald[155]: /var/log/journal/58b34b8c91a94400a52c175421986a53/user-1001.journal: Journal file uses a different sequence number ID, rotating.
[   11.959040] audit: type=1400 audit(1789976653.155:126): apparmor="STATUS" operation="profile_load" profile="unconfined" name="docker-default" pid=1459 comm="apparmor_parser"
[   12.333841] Initializing XFRM netlink socket
[   12.515320] bridge: filtering via arp/ip/ip6tables is no longer available by default. Update your scripts to load br_netfilter if you need this.
[   15.783241] workqueue: drm_fb_helper_damage_work hogged CPU for >10000us 11 times, consider switching to WQ_UNBOUND
[   49.221746] hv_balloon: Max. dynamic memory size: 16384 MB
[   58.527766] hv_netvsc 000d3a16-cc22-000d-3a16-cc22000d3a16 eth0: VF slot 1 added
[   58.528909] hv_pci c0dd5d4f-7ba8-415f-b148-f35c00a85737: PCI VMBus probing: Using version 0x10004
[   58.530259] hv_pci c0dd5d4f-7ba8-415f-b148-f35c00a85737: PCI host bridge to bus 7ba8:00
[   58.530265] pci_bus 7ba8:00: root bus resource [mem 0xfc0000000-0xfc00fffff window]
[   58.530270] pci_bus 7ba8:00: No busn resource found for root bus, will use [bus 00-ff]
[   58.532727] pci 7ba8:00:02.0: [15b3:1016] type 00 class 0x020000 PCIe Endpoint
[   58.537057] pci 7ba8:00:02.0: BAR 0 [mem 0xfc0000000-0xfc00fffff 64bit pref]
[   58.537798] pci 7ba8:00:02.0: enabling Extended Tags
[   58.546620] pci 7ba8:00:02.0: 0.000 Gb/s available PCIe bandwidth, limited by Unknown x0 link at 7ba8:00:02.0 (capable of 63.008 Gb/s with 8.0 GT/s PCIe x8 link)
[   58.557594] pci_bus 7ba8:00: busn_res: [bus 00-ff] end is updated to 00
[   58.557608] pci 7ba8:00:02.0: BAR 0 [mem 0xfc0000000-0xfc00fffff 64bit pref]: assigned
[   59.028551] mlx5_core 7ba8:00:02.0: enabling device (0000 -> 0002)
[   59.032776] mlx5_core 7ba8:00:02.0: firmware version: 14.30.5026
[   59.172053] mlx5_core 7ba8:00:02.0: Flow counters bulk query buffer size increased, bulk_query_len(8)
[   59.254700] hv_netvsc 000d3a16-cc22-000d-3a16-cc22000d3a16 eth0: VF registering: eth1
[   59.254764] mlx5_core 7ba8:00:02.0 eth1: joined to eth0
[   59.255257] mlx5_core 7ba8:00:02.0: MLX5E: StrdRq(0) RqSz(1024) StrdSz(256) RxCqeCmprss(0 basic)
[   59.285281] mlx5_core 7ba8:00:02.0 enP31656s1: renamed from eth1
[   59.349134] MACsec IEEE 802.1AE
[   59.422029] mlx5_core 7ba8:00:02.0 enP31656s1: Link up
[   59.460909] hv_netvsc 000d3a16-cc22-000d-3a16-cc22000d3a16 eth0: Data path switched to VF: enP31656s1
