=== phase build 14:36:23
[1m[92m   Compiling[0m proc-macro2 v1.0.107
[1m[92m   Compiling[0m unicode-ident v1.0.24
[1m[92m   Compiling[0m quote v1.0.47
[1m[92m   Compiling[0m libc v0.2.189
[1m[92m   Compiling[0m syn v2.0.119
[1m[92m   Compiling[0m jobserver v0.1.35
[1m[92m   Compiling[0m shlex v2.0.1
[1m[92m   Compiling[0m find-msvc-tools v0.1.9
[1m[92m   Compiling[0m cc v1.4.0
[1m[92m   Compiling[0m log v0.4.33
[1m[92m   Compiling[0m itoa v1.0.18
[1m[92m   Compiling[0m synstructure v0.13.2
[1m[92m   Compiling[0m pin-project-lite v0.2.17
[1m[92m   Compiling[0m bytes v1.12.1
[1m[92m   Compiling[0m zerofrom-derive v0.1.7
[1m[92m   Compiling[0m once_cell v1.21.4
[1m[92m   Compiling[0m pkg-config v0.3.33
[1m[92m   Compiling[0m zerofrom v0.1.8
[1m[92m   Compiling[0m yoke-derive v0.8.2
[1m[92m   Compiling[0m syn v3.0.3
[1m[92m   Compiling[0m stable_deref_trait v1.2.1
[1m[92m   Compiling[0m futures-core v0.3.33
[1m[92m   Compiling[0m yoke v0.8.3
[1m[92m   Compiling[0m cfg-if v1.0.4
[1m[92m   Compiling[0m mio v1.2.2
[1m[92m   Compiling[0m zerovec-derive v0.11.3
[1m[92m   Compiling[0m errno v0.3.14
[1m[92m   Compiling[0m equivalent v1.0.2
[1m[92m   Compiling[0m signal-hook-registry v1.4.8
[1m[92m   Compiling[0m zerovec v0.11.6
[1m[92m   Compiling[0m tracing-core v0.1.36
[1m[92m   Compiling[0m http v1.4.2
[1m[92m   Compiling[0m cmake v0.1.58
[1m[92m   Compiling[0m displaydoc v0.2.6
[1m[92m   Compiling[0m tokio-macros v2.7.1
[1m[92m   Compiling[0m socket2 v0.6.5
[1m[92m   Compiling[0m memchr v2.8.3
[1m[92m   Compiling[0m dunce v1.0.5
[1m[92m   Compiling[0m fs_extra v1.3.0
[1m[92m   Compiling[0m smallvec v1.15.2
[1m[92m   Compiling[0m aws-lc-sys v0.43.0
[1m[92m   Compiling[0m tokio v1.53.1
[1m[92m   Compiling[0m tracing-attributes v0.1.31
[1m[92m   Compiling[0m foldhash v0.2.0
[1m[92m   Compiling[0m version_check v0.9.5
[1m[92m   Compiling[0m futures-sink v0.3.33
[1m[92m   Compiling[0m generic-array v0.14.7
[1m[92m   Compiling[0m hashbrown v0.17.1
[1m[92m   Compiling[0m tracing v0.1.44
[1m[92m   Compiling[0m serde_core v1.0.229
[1m[92m   Compiling[0m slab v0.4.12
[1m[92m   Compiling[0m tinystr v0.8.3
[1m[92m   Compiling[0m zeroize v1.9.0
[1m[92m   Compiling[0m aws-lc-rs v1.17.3
[1m[92m   Compiling[0m litemap v0.8.2
[1m[92m   Compiling[0m zmij v1.0.23
[1m[92m   Compiling[0m httparse v1.10.1
[1m[92m   Compiling[0m writeable v0.6.3
[1m[92m   Compiling[0m typenum v1.20.1
[1m[92m   Compiling[0m icu_locale_core v2.2.0
[1m[92m   Compiling[0m zerotrie v0.2.4
[1m[92m   Compiling[0m http-body v1.1.0
[1m[92m   Compiling[0m potential_utf v0.1.5
[1m[92m   Compiling[0m futures-macro v0.3.33
[1m[92m   Compiling[0m futures-task v0.3.33
[1m[92m   Compiling[0m zerocopy v0.8.57
[1m[92m   Compiling[0m icu_normalizer_data v2.2.0
[1m[92m   Compiling[0m percent-encoding v2.3.2
[1m[92m   Compiling[0m utf8_iter v1.0.4
[1m[92m   Compiling[0m getrandom v0.3.4
[1m[92m   Compiling[0m icu_properties_data v2.2.0
[1m[92m   Compiling[0m icu_collections v2.2.0
[1m[92m   Compiling[0m futures-util v0.3.33
[1m[92m   Compiling[0m icu_provider v2.2.0
[1m[92m   Compiling[0m rustls-pki-types v1.15.1
[1m[92m   Compiling[0m indexmap v2.14.0
[1m[92m   Compiling[0m aho-corasick v1.1.4
[1m[92m   Compiling[0m regex-syntax v0.8.11
[1m[92m   Compiling[0m serde v1.0.229
[1m[92m   Compiling[0m tower-service v0.3.3
[1m[92m   Compiling[0m regex-automata v0.4.16
[1m[92m   Compiling[0m crypto-common v0.1.7
[1m[92m   Compiling[0m block-buffer v0.10.4
[1m[92m   Compiling[0m tokio-util v0.7.19
[1m[92m   Compiling[0m serde_derive v1.0.229
[1m[92m   Compiling[0m bitflags v2.13.1
[1m[92m   Compiling[0m thiserror v2.0.19
[1m[92m   Compiling[0m tree-sitter-language v0.1.7
[1m[92m   Compiling[0m atomic-waker v1.1.2
[1m[92m   Compiling[0m try-lock v0.2.5
[1m[92m   Compiling[0m rustls v0.23.42
[1m[92m   Compiling[0m fnv v1.0.7
[1m[92m   Compiling[0m untrusted v0.9.0
[1m[92m   Compiling[0m rustls-webpki v0.103.13
[1m[92m   Compiling[0m h2 v0.4.15
[1m[92m   Compiling[0m want v0.3.1
[1m[92m   Compiling[0m digest v0.10.7
[1m[92m   Compiling[0m icu_properties v2.2.0
[1m[92m   Compiling[0m rand_core v0.9.5
[1m[92m   Compiling[0m icu_normalizer v2.2.0
[1m[92m   Compiling[0m ppv-lite86 v0.2.21
[1m[92m   Compiling[0m form_urlencoded v1.2.2
[1m[92m   Compiling[0m sync_wrapper v1.0.2
[1m[92m   Compiling[0m futures-channel v0.3.33
[1m[92m   Compiling[0m thiserror-impl v2.0.19
[1m[92m   Compiling[0m cpufeatures v0.2.17
[1m[92m   Compiling[0m crossbeam-utils v0.8.22
[1m[92m   Compiling[0m serde_json v1.0.151
[1m[92m   Compiling[0m httpdate v1.0.3
[1m[92m   Compiling[0m subtle v2.6.1
[1m[92m   Compiling[0m tower-layer v0.3.3
[1m[92m   Compiling[0m hyper v1.11.0
[1m[92m   Compiling[0m rand_chacha v0.9.0
[1m[92m   Compiling[0m idna_adapter v1.2.2
[1m[92m   Compiling[0m utf8parse v0.2.2
[1m[92m   Compiling[0m inotify-sys v0.1.8
[1m[92m   Compiling[0m base64 v0.22.1
[1m[92m   Compiling[0m crossbeam-epoch v0.9.20
[1m[92m   Compiling[0m autocfg v1.5.1
[1m[92m   Compiling[0m vcpkg v0.2.15
[1m[92m   Compiling[0m ipnet v2.12.0
[1m[92m   Compiling[0m hyper-util v0.1.20
[1m[92m   Compiling[0m libsqlite3-sys v0.38.2
[1m[92m   Compiling[0m num-traits v0.2.19
[1m[92m   Compiling[0m anstyle-parse v1.0.0
[1m[92m   Compiling[0m idna v1.1.0
[1m[92m   Compiling[0m rand v0.9.5
[1m[92m   Compiling[0m tower v0.5.3
[1m[92m   Compiling[0m sha1 v0.10.7
[1m[92m   Compiling[0m http-body-util v0.1.4
[1m[92m   Compiling[0m colorchoice v1.0.5
[1m[92m   Compiling[0m crossbeam-deque v0.8.7
[1m[92m   Compiling[0m same-file v1.0.6
[1m[92m   Compiling[0m ryu v1.0.23
[1m[92m   Compiling[0m data-encoding v2.11.1
[1m[92m   Compiling[0m mime v0.3.17
[1m[92m   Compiling[0m is_terminal_polyfill v1.70.2
[1m[92m   Compiling[0m anstyle v1.0.14
[1m[92m   Compiling[0m openssl-probe v0.2.1
[1m[92m   Compiling[0m anstyle-query v1.1.5
[1m[92m   Compiling[0m anstream v1.0.0
[1m[92m   Compiling[0m rustls-native-certs v0.8.4
[1m[92m   Compiling[0m tungstenite v0.29.0
[1m[92m   Compiling[0m walkdir v2.5.0
[1m[92m   Compiling[0m url v2.5.8
[1m[92m   Compiling[0m tree-sitter v0.26.11
[1m[92m   Compiling[0m tokio-rustls v0.26.4
[1m[92m   Compiling[0m bstr v1.13.0
[1m[92m   Compiling[0m tree-sitter-rust v0.24.2
=== progress at 14:38:22, 119s into the step
    PID    PPID    PGID     ELAPSED STAT   RSS COMMAND
  10011    5876    2013       00:00 SNl  143336 /home/runner/.rustup/toolchains/1.97.0-x86_64-unknown-linux-gnu/bin/rustc --crate-name build_script_build --edition=2021 /home/runner/.cargo/registry/src/index.crates.io-1949cf8c6b5b557f/tree-sitter-rust-0.24.2/bindings/rust/build.rs --error-format=json --json=diagnostic-rendered-ansi,artifacts,future-incompat --crate-type bin --emit=dep-info,link -C embed-bitcode=no --check-cfg cfg(docsrs,test) --check-cfg cfg(feature, values()) -C metadata=b84b55752007d60d -C extra-filename=-bccdfcf15ce11230 --out-dir /mnt/knossos-target/debug/build/tree-sitter-rust-bccdfcf15ce11230 -C strip=debuginfo -L dependency=/mnt/knossos-target/debug/deps --extern cc=/mnt/knossos-target/debug/deps/libcc-ed9aa1441fdc3e91.rlib --cap-lints allow
   2087    2066    2013       03:22 Sl   141636 /home/runner/actions-runner/cached/2.337.0/bin/Runner.Worker spawnclient 142 145
   2030    2027    2013       03:26 Sl   137876 /tmp/provjobd354528372
   2066    2013    2013       03:25 Sl   98900 /home/runner/actions-runner/cached/2.337.0/bin/Runner.Listener run
  10041   10040    2013       00:00 SNl  96288 /home/runner/.rustup/toolchains/1.97.0-x86_64-unknown-linux-gnu/lib/rustlib/x86_64-unknown-linux-gnu/bin/rust-lld -flavor gnu -plugin /usr/libexec/gcc/x86_64-linux-gnu/13/liblto_plugin.so -plugin-opt=/usr/libexec/gcc/x86_64-linux-gnu/13/lto-wrapper -plugin-opt=-fresolution=/tmp/ccil6sZB.res --build-id --eh-frame-hdr -m elf_x86_64 --hash-style=gnu --as-needed -dynamic-linker /lib64/ld-linux-x86-64.so.2 -pie -z now -z relro -o /mnt/knossos-target/debug/build/tree-sitter-rust-bccdfcf15ce11230/build_script_build-bccdfcf15ce11230 /usr/lib/gcc/x86_64-linux-gnu/13/../../../x86_64-linux-gnu/Scrt1.o /usr/lib/gcc/x86_64-linux-gnu/13/../../../x86_64-linux-gnu/crti.o /usr/lib/gcc/x86_64-linux-gnu/13/crtbeginS.o -L/mnt/knossos-target/debug/build/tree-sitter-rust-bccdfcf15ce11230/rustcthbRYz/raw-dylibs -L/home/runner/.rustup/toolchains/1.97.0-x86_64-unknown-linux-gnu/lib/rustlib/x86_64-unknown-linux-gnu/lib -L/home/runner/.rustup/toolchains/1.97.0-x86_64-unknown-linux-gnu/lib/rustlib/x86_64-unknown-linux-gnu/bin/gcc-ld -L/usr/lib/gcc/x86_64-linux-gnu/13 -L/usr/lib/gcc/x86_64-linux-gnu/13/../../../x86_64-linux-gnu -L/usr/lib/gcc/x86_64-linux-gnu/13/../../../../lib -L/lib/x86_64-linux-gnu -L/lib/../lib -L/usr/lib/x86_64-linux-gnu -L/usr/lib/../lib -L/usr/lib/gcc/x86_64-linux-gnu/13/../../.. /mnt/knossos-target/debug/build/tree-sitter-rust-bccdfcf15ce11230/rustcthbRYz/symbols.o /mnt/knossos-target/debug/build/tree-sitter-rust-bccdfcf15ce11230/build_script_build-bccdfcf15ce11230.build_script_build.592a10e260e5193a-cgu.0.rcgu.o /mnt/knossos-target/debug/build/tree-sitter-rust-bccdfcf15ce11230/build_script_build-bccdfcf15ce11230.7j1k1wgh1v5nxisd3kootdwzw.rcgu.o --as-needed -Bstatic /mnt/knossos-target/debug/deps/libcc-ed9aa1441fdc3e91.rlib /mnt/knossos-target/debug/deps/libfind_msvc_tools-9873afef2235e50b.rlib /mnt/knossos-target/debug/deps/libjobserver-a313f61eb998c2f8.rlib /mnt/knossos-target/debug/deps/liblibc-32218af845c4b9c3.rlib /mnt/knossos-target/debug/deps/libshlex-83da31fcfda91d02.rlib /home/runner/.rustup/toolchains/1.97.0-x86_64-unknown-linux-gnu/lib/rustlib/x86_64-unknown-linux-gnu/lib/libstd-ca8536218e109c03.rlib /home/runner/.rustup/toolchains/1.97.0-x86_64-unknown-linux-gnu/lib/rustlib/x86_64-unknown-linux-gnu/lib/libpanic_unwind-1ca038c4336dd688.rlib /home/runner/.rustup/toolchains/1.97.0-x86_64-unknown-linux-gnu/lib/rustlib/x86_64-unknown-linux-gnu/lib/libobject-9464813eb8f4d63d.rlib /home/runner/.rustup/toolchains/1.97.0-x86_64-unknown-linux-gnu/lib/rustlib/x86_64-unknown-linux-gnu/lib/libmemchr-d8125620bde8e2fe.rlib /home/runner/.rustup/toolchains/1.97.0-x86_64-unknown-linux-gnu/lib/rustlib/x86_64-unknown-linux-gnu/lib/libaddr2line-ff25e65c5cc03713.rlib /home/runner/.rustup/toolchains/1.97.0-x86_64-unknown-linux-gnu/lib/rustlib/x86_64-unknown-linux-gnu/lib/libgimli-51bc00ab056f6d22.rlib /home/runner/.rustup/toolchains/1.97.0-x86_64-unknown-linux-gnu/lib/rustlib/x86_64-unknown-linux-gnu/lib/libcfg_if-8b02fd84319a1e08.rlib /home/runner/.rustup/toolchains/1.97.0-x86_64-unknown-linux-gnu/lib/rustlib/x86_64-unknown-linux-gnu/lib/librustc_demangle-53f98de42e68a2c1.rlib /home/runner/.rustup/toolchains/1.97.0-x86_64-unknown-linux-gnu/lib/rustlib/x86_64-unknown-linux-gnu/lib/libstd_detect-8deff3798f535b60.rlib /home/runner/.rustup/toolchains/1.97.0-x86_64-unknown-linux-gnu/lib/rustlib/x86_64-unknown-linux-gnu/lib/libhashbrown-1252279445b02f61.rlib /home/runner/.rustup/toolchains/1.97.0-x86_64-unknown-linux-gnu/lib/rustlib/x86_64-unknown-linux-gnu/lib/librustc_std_workspace_alloc-84f3762cd9ec3059.rlib /home/runner/.rustup/toolchains/1.97.0-x86_64-unknown-linux-gnu/lib/rustlib/x86_64-unknown-linux-gnu/lib/libminiz_oxide-1841f7d7ec10f3aa.rlib /home/runner/.rustup/toolchains/1.97.0-x86_64-unknown-linux-gnu/lib/rustlib/x86_64-unknown-linux-gnu/lib/libadler2-01e756bb64875137.rlib /home/runner/.rustup/toolchains/1.97.0-x86_64-unknown-linux-gnu/lib/rustlib/x86_64-unknown-linux-gnu/lib/libunwind-6c84d4415d304087.rlib /home/runner/.rustup/toolchains/1.97.0-x86_64-unknown-linux-gnu/lib/rustlib/x86_64-unknown-linux-gnu/lib/liblibc-fbfa92332758dd67.rlib /home/runner/.rustup/toolchains/1.97.0-x86_64-unknown-linux-gnu/lib/rustlib/x86_64-unknown-linux-gnu/lib/librustc_std_workspace_core-530cca9f1e441165.rlib /home/runner/.rustup/toolchains/1.97.0-x86_64-unknown-linux-gnu/lib/rustlib/x86_64-unknown-linux-gnu/lib/liballoc-d5238ef8bbdabd19.rlib /home/runner/.rustup/toolchains/1.97.0-x86_64-unknown-linux-gnu/lib/rustlib/x86_64-unknown-linux-gnu/lib/libcore-e2798d8a0cf2374b.rlib /home/runner/.rustup/toolchains/1.97.0-x86_64-unknown-linux-gnu/lib/rustlib/x86_64-unknown-linux-gnu/lib/libcompiler_builtins-c85e6da4caf4bf8a.rlib -Bdynamic -lgcc_s -lutil -lrt -lpthread -lm -ldl -lc --eh-frame-hdr -z noexecstack --gc-sections -z relro -z now --strip-debug /usr/lib/gcc/x86_64-linux-gnu/13/crtendS.o /usr/lib/gcc/x86_64-linux-gnu/13/../../../x86_64-linux-gnu/crtn.o
   5876    5868    2013       01:58 SNl  83784 /home/runner/.rustup/toolchains/1.97.0-x86_64-unknown-linux-gnu/bin/cargo build --locked --bin knossos
   1185       1    1185       03:41 Ssl  72536 /usr/bin/dockerd -H fd:// --containerd=/run/containerd/containerd.sock
    963       1     963       03:42 Ss   51660 php-fpm: master process (/etc/php/8.3/fpm/php-fpm.conf)
   1049       1    1049       03:41 Ssl  48588 /usr/bin/containerd
    223       1     223       03:50 SLsl 43712 /sbin/multipathd -d -s
   1311     998     998       03:41 Sl   37156 /usr/bin/python3 -u bin/WALinuxAgent-2.16.0.2-py3.12.egg -run-exthandlers
    998       1     998       03:42 Ss   30708 /usr/bin/python3 -u /usr/sbin/waagent -daemon
   1175     963     963       03:41 S    21460 php-fpm: pool www
   1177     963     963       03:41 S    21460 php-fpm: pool www
    961       1     961       03:42 Ss   21020 /usr/bin/python3 /usr/bin/networkd-dispatcher --run-startup-triggers
    158       1     158       03:50 S<s  17816 /usr/lib/systemd/systemd-journald
   2013       1    2013       03:26 Ssl  16424 /opt/hca/hosted-compute-agent
      1       0       1       03:52 Ss   14408 /sbin/init
    997       1     997       03:42 Ssl  13772 /usr/libexec/udisks2/udisksd
    567       1     567       03:48 Ss   13264 /usr/lib/systemd/systemd-resolved
   1165       1    1165       03:41 Ssl  13056 /usr/sbin/ModemManager
   1172       1    1172       03:41 Ss   11456 /usr/lib/systemd/systemd --user
    995       1     995       03:42 Ss    9796 /usr/lib/systemd/systemd-logind
    720       1     720       03:46 Ss    9756 /usr/lib/systemd/systemd-networkd
    968       1     968       03:42 Ssl   8132 /usr/lib/polkit-1/polkitd --no-debug
    228       1     228       03:50 Ss    7996 /usr/lib/systemd/systemd-udevd
   2027    2013    2013       03:26 S     6928 sudo -n PROVJOBD_E2E=1 /tmp/provjobd354528372
   1075       1    1075       03:41 Ssl   6388 /usr/sbin/rsyslogd -n -iNONE
    956       1     956       03:42 Ss    5552 @dbus-daemon --system --address=systemd: --nofork --nopidfile --systemd-activation --syslog-only
    580       1     580       03:48 Ss    5036 /usr/sbin/haveged --Foreground --verbose=1
  10048    5860    2013       00:00 R     4320 ps -eo pid,ppid,pgid,etime,stat,rss,args --sort=-rss
   1117       1    1115       03:41 S     3736 /usr/sbin/chronyd -F 1
   5860    2087    2013       01:58 S     3584 /usr/bin/bash --noprofile --norc -e -o pipefail /home/runner/work/_temp/5b0f3c2d-0f5a-4b86-bdd9-6e656c4c494b.sh
   1184    1172    1172       03:41 S     3576 (sd-pam)
  10036    5872    2013       00:00 S     3324 vmstat 1 2
    389       1     389       03:48 Ss    2904 /usr/lib/linux-tools/6.17.0-1022-azure/hv_kvp_daemon -n
   1022       1    1022       03:42 Ss    2756 /usr/sbin/cron -f -P
  10039   10011    2013       00:00 SN    2636 cc -m64 /mnt/knossos-target/debug/build/tree-sitter-rust-bccdfcf15ce11230/rustcthbRYz/symbols.o /mnt/knossos-target/debug/build/tree-sitter-rust-bccdfcf15ce11230/build_script_build-bccdfcf15ce11230.build_script_build.592a10e260e5193a-cgu.0.rcgu.o /mnt/knossos-target/debug/build/tree-sitter-rust-bccdfcf15ce11230/build_script_build-bccdfcf15ce11230.7j1k1wgh1v5nxisd3kootdwzw.rcgu.o -Wl,--as-needed -Wl,-Bstatic /mnt/knossos-target/debug/deps/libcc-ed9aa1441fdc3e91.rlib /mnt/knossos-target/debug/deps/libfind_msvc_tools-9873afef2235e50b.rlib /mnt/knossos-target/debug/deps/libjobserver-a313f61eb998c2f8.rlib /mnt/knossos-target/debug/deps/liblibc-32218af845c4b9c3.rlib /mnt/knossos-target/debug/deps/libshlex-83da31fcfda91d02.rlib /home/runner/.rustup/toolchains/1.97.0-x86_64-unknown-linux-gnu/lib/rustlib/x86_64-unknown-linux-gnu/lib/libstd-ca8536218e109c03.rlib /home/runner/.rustup/toolchains/1.97.0-x86_64-unknown-linux-gnu/lib/rustlib/x86_64-unknown-linux-gnu/lib/libpanic_unwind-1ca038c4336dd688.rlib /home/runner/.rustup/toolchains/1.97.0-x86_64-unknown-linux-gnu/lib/rustlib/x86_64-unknown-linux-gnu/lib/libobject-9464813eb8f4d63d.rlib /home/runner/.rustup/toolchains/1.97.0-x86_64-unknown-linux-gnu/lib/rustlib/x86_64-unknown-linux-gnu/lib/libmemchr-d8125620bde8e2fe.rlib /home/runner/.rustup/toolchains/1.97.0-x86_64-unknown-linux-gnu/lib/rustlib/x86_64-unknown-linux-gnu/lib/libaddr2line-ff25e65c5cc03713.rlib /home/runner/.rustup/toolchains/1.97.0-x86_64-unknown-linux-gnu/lib/rustlib/x86_64-unknown-linux-gnu/lib/libgimli-51bc00ab056f6d22.rlib /home/runner/.rustup/toolchains/1.97.0-x86_64-unknown-linux-gnu/lib/rustlib/x86_64-unknown-linux-gnu/lib/libcfg_if-8b02fd84319a1e08.rlib /home/runner/.rustup/toolchains/1.97.0-x86_64-unknown-linux-gnu/lib/rustlib/x86_64-unknown-linux-gnu/lib/librustc_demangle-53f98de42e68a2c1.rlib /home/runner/.rustup/toolchains/1.97.0-x86_64-unknown-linux-gnu/lib/rustlib/x86_64-unknown-linux-gnu/lib/libstd_detect-8deff3798f535b60.rlib /home/runner/.rustup/toolchains/1.97.0-x86_64-unknown-linux-gnu/lib/rustlib/x86_64-unknown-linux-gnu/lib/libhashbrown-1252279445b02f61.rlib /home/runner/.rustup/toolchains/1.97.0-x86_64-unknown-linux-gnu/lib/rustlib/x86_64-unknown-linux-gnu/lib/librustc_std_workspace_alloc-84f3762cd9ec3059.rlib /home/runner/.rustup/toolchains/1.97.0-x86_64-unknown-linux-gnu/lib/rustlib/x86_64-unknown-linux-gnu/lib/libminiz_oxide-1841f7d7ec10f3aa.rlib /home/runner/.rustup/toolchains/1.97.0-x86_64-unknown-linux-gnu/lib/rustlib/x86_64-unknown-linux-gnu/lib/libadler2-01e756bb64875137.rlib /home/runner/.rustup/toolchains/1.97.0-x86_64-unknown-linux-gnu/lib/rustlib/x86_64-unknown-linux-gnu/lib/libunwind-6c84d4415d304087.rlib /home/runner/.rustup/toolchains/1.97.0-x86_64-unknown-linux-gnu/lib/rustlib/x86_64-unknown-linux-gnu/lib/liblibc-fbfa92332758dd67.rlib /home/runner/.rustup/toolchains/1.97.0-x86_64-unknown-linux-gnu/lib/rustlib/x86_64-unknown-linux-gnu/lib/librustc_std_workspace_core-530cca9f1e441165.rlib /home/runner/.rustup/toolchains/1.97.0-x86_64-unknown-linux-gnu/lib/rustlib/x86_64-unknown-linux-gnu/lib/liballoc-d5238ef8bbdabd19.rlib /home/runner/.rustup/toolchains/1.97.0-x86_64-unknown-linux-gnu/lib/rustlib/x86_64-unknown-linux-gnu/lib/libcore-e2798d8a0cf2374b.rlib /home/runner/.rustup/toolchains/1.97.0-x86_64-unknown-linux-gnu/lib/rustlib/x86_64-unknown-linux-gnu/lib/libcompiler_builtins-c85e6da4caf4bf8a.rlib -Wl,-Bdynamic -lgcc_s -lutil -lrt -lpthread -lm -ldl -lc -L /mnt/knossos-target/debug/build/tree-sitter-rust-bccdfcf15ce11230/rustcthbRYz/raw-dylibs -B/home/runner/.rustup/toolchains/1.97.0-x86_64-unknown-linux-gnu/lib/rustlib/x86_64-unknown-linux-gnu/bin/gcc-ld -fuse-ld=lld -Wl,--eh-frame-hdr -Wl,-z,noexecstack -L /home/runner/.rustup/toolchains/1.97.0-x86_64-unknown-linux-gnu/lib/rustlib/x86_64-unknown-linux-gnu/lib -o /mnt/knossos-target/debug/build/tree-sitter-rust-bccdfcf15ce11230/build_script_build-bccdfcf15ce11230 -Wl,--gc-sections -pie -Wl,-z,relro,-z,now -Wl,--strip-debug -nodefaultlibs
   5872    5860    2013       01:58 S     2432 /usr/bin/bash --noprofile --norc -e -o pipefail /home/runner/work/_temp/5b0f3c2d-0f5a-4b86-bdd9-6e656c4c494b.sh
               total        used        free      shared  buff/cache   available
Mem:           15989        1164       10421          49        4799       14824
Swap:           3071           0        3071
Filesystem      Size  Used Avail Use% Mounted on
/dev/root       145G   61G   85G  42% /
/dev/root       145G   61G   85G  42% /
[   11.599520] loop0: detected capacity change from 0 to 8
[   11.760326] systemd-journald[158]: /var/log/journal/58b34b8c91a94400a52c175421986a53/user-1001.journal: Journal file uses a different sequence number ID, rotating.
[   11.960487] audit: type=1400 audit(1790001281.043:125): apparmor="STATUS" operation="profile_replace" info="same as current profile, skipping" profile="unconfined" name="/usr/lib/snapd/snap-confine" pid=1297 comm="apparmor_parser"
[   12.016514] audit: type=1400 audit(1790001281.099:126): apparmor="STATUS" operation="profile_load" profile="unconfined" name="docker-default" pid=1392 comm="apparmor_parser"
[   12.021413] Adding 3145724k swap on /swapfile.  Priority:-2 extents:110 across:54919164k 
[   12.499670] Initializing XFRM netlink socket
[   12.687732] bridge: filtering via arp/ip/ip6tables is no longer available by default. Update your scripts to load br_netfilter if you need this.
[   30.542964] hv_netvsc 7ced8d6e-ac2b-7ced-8d6e-ac2b7ced8d6e eth0: VF slot 1 added
[   30.544474] hv_pci bfa7d687-f540-4fbe-abb4-89bb77ec2f10: PCI VMBus probing: Using version 0x10004
[   30.546047] hv_pci bfa7d687-f540-4fbe-abb4-89bb77ec2f10: PCI host bridge to bus f540:00
[   30.546052] pci_bus f540:00: root bus resource [mem 0xfc0000000-0xfc00fffff window]
[   30.546057] pci_bus f540:00: No busn resource found for root bus, will use [bus 00-ff]
[   30.550139] pci f540:00:02.0: [15b3:1016] type 00 class 0x020000 PCIe Endpoint
[   30.554622] pci f540:00:02.0: BAR 0 [mem 0xfc0000000-0xfc00fffff 64bit pref]
[   30.555429] pci f540:00:02.0: enabling Extended Tags
[   30.565328] pci f540:00:02.0: 0.000 Gb/s available PCIe bandwidth, limited by Unknown x0 link at f540:00:02.0 (capable of 63.008 Gb/s with 8.0 GT/s PCIe x8 link)
[   30.573477] pci_bus f540:00: busn_res: [bus 00-ff] end is updated to 00
[   30.573493] pci f540:00:02.0: BAR 0 [mem 0xfc0000000-0xfc00fffff 64bit pref]: assigned
[   30.827679] mlx5_core f540:00:02.0: enabling device (0000 -> 0002)
[   30.831430] mlx5_core f540:00:02.0: firmware version: 14.30.5026
[   30.967715] mlx5_core f540:00:02.0: Flow counters bulk query buffer size increased, bulk_query_len(8)
[   31.053119] hv_netvsc 7ced8d6e-ac2b-7ced-8d6e-ac2b7ced8d6e eth0: VF registering: eth1
[   31.053223] mlx5_core f540:00:02.0 eth1: joined to eth0
[   31.054142] mlx5_core f540:00:02.0: MLX5E: StrdRq(0) RqSz(1024) StrdSz(256) RxCqeCmprss(0 basic)
[   31.073538] mlx5_core f540:00:02.0 enP62784s1: renamed from eth1
[   31.129401] MACsec IEEE 802.1AE
[   31.222042] mlx5_core f540:00:02.0 enP62784s1: Link up
[   31.248660] hv_netvsc 7ced8d6e-ac2b-7ced-8d6e-ac2b7ced8d6e eth0: Data path switched to VF: enP62784s1
[   31.248898] mlx5_core f540:00:02.0 mlx5_0: Port: 1 Link ACTIVE
[   49.232587] hv_balloon: Max. dynamic memory size: 16384 MB
