=== phase build 12:19:54
[1m[92m   Compiling[0m proc-macro2 v1.0.107
[1m[92m   Compiling[0m quote v1.0.47
[1m[92m   Compiling[0m unicode-ident v1.0.24
[1m[92m   Compiling[0m libc v0.2.189
[1m[92m   Compiling[0m syn v2.0.119
[1m[92m   Compiling[0m jobserver v0.1.35
[1m[92m   Compiling[0m find-msvc-tools v0.1.9
[1m[92m   Compiling[0m shlex v2.0.1
[1m[92m   Compiling[0m cc v1.4.0
[1m[92m   Compiling[0m log v0.4.33
[1m[92m   Compiling[0m itoa v1.0.18
[1m[92m   Compiling[0m bytes v1.12.1
[1m[92m   Compiling[0m pin-project-lite v0.2.17
[1m[92m   Compiling[0m once_cell v1.21.4
[1m[92m   Compiling[0m pkg-config v0.3.33
[1m[92m   Compiling[0m synstructure v0.13.2
[1m[92m   Compiling[0m syn v3.0.3
[1m[92m   Compiling[0m zerofrom-derive v0.1.7
[1m[92m   Compiling[0m zerofrom v0.1.8
[1m[92m   Compiling[0m yoke-derive v0.8.2
[1m[92m   Compiling[0m stable_deref_trait v1.2.1
[1m[92m   Compiling[0m futures-core v0.3.33
[1m[92m   Compiling[0m yoke v0.8.3
[1m[92m   Compiling[0m cfg-if v1.0.4
[1m[92m   Compiling[0m zerovec-derive v0.11.3
[1m[92m   Compiling[0m mio v1.2.2
[1m[92m   Compiling[0m errno v0.3.14
[1m[92m   Compiling[0m equivalent v1.0.2
[1m[92m   Compiling[0m signal-hook-registry v1.4.8
[1m[92m   Compiling[0m zerovec v0.11.6
[1m[92m   Compiling[0m displaydoc v0.2.6
[1m[92m   Compiling[0m tokio-macros v2.7.1
[1m[92m   Compiling[0m tracing-core v0.1.36
[1m[92m   Compiling[0m http v1.4.2
[1m[92m   Compiling[0m cmake v0.1.58
[1m[92m   Compiling[0m socket2 v0.6.5
[1m[92m   Compiling[0m memchr v2.8.3
[1m[92m   Compiling[0m smallvec v1.15.2
[1m[92m   Compiling[0m dunce v1.0.5
[1m[92m   Compiling[0m fs_extra v1.3.0
[1m[92m   Compiling[0m aws-lc-sys v0.43.0
[1m[92m   Compiling[0m tokio v1.53.1
[1m[92m   Compiling[0m tracing-attributes v0.1.31
[1m[92m   Compiling[0m version_check v0.9.5
[1m[92m   Compiling[0m futures-sink v0.3.33
[1m[92m   Compiling[0m foldhash v0.2.0
[1m[92m   Compiling[0m hashbrown v0.17.1
[1m[92m   Compiling[0m generic-array v0.14.7
[1m[92m   Compiling[0m tracing v0.1.44
[1m[92m   Compiling[0m slab v0.4.12
[1m[92m   Compiling[0m serde_core v1.0.229
[1m[92m   Compiling[0m tinystr v0.8.3
[1m[92m   Compiling[0m aws-lc-rs v1.17.3
[1m[92m   Compiling[0m writeable v0.6.3
[1m[92m   Compiling[0m zmij v1.0.23
[1m[92m   Compiling[0m litemap v0.8.2
[1m[92m   Compiling[0m typenum v1.20.1
[1m[92m   Compiling[0m httparse v1.10.1
[1m[92m   Compiling[0m zeroize v1.9.0
[1m[92m   Compiling[0m icu_locale_core v2.2.0
[1m[92m   Compiling[0m http-body v1.1.0
[1m[92m   Compiling[0m zerotrie v0.2.4
[1m[92m   Compiling[0m potential_utf v0.1.5
[1m[92m   Compiling[0m futures-macro v0.3.33
[1m[92m   Compiling[0m utf8_iter v1.0.4
[1m[92m   Compiling[0m icu_normalizer_data v2.2.0
[1m[92m   Compiling[0m percent-encoding v2.3.2
[1m[92m   Compiling[0m icu_properties_data v2.2.0
[1m[92m   Compiling[0m zerocopy v0.8.57
[1m[92m   Compiling[0m futures-task v0.3.33
[1m[92m   Compiling[0m getrandom v0.3.4
[1m[92m   Compiling[0m futures-util v0.3.33
[1m[92m   Compiling[0m icu_collections v2.2.0
[1m[92m   Compiling[0m icu_provider v2.2.0
[1m[92m   Compiling[0m rustls-pki-types v1.15.1
[1m[92m   Compiling[0m indexmap v2.14.0
[1m[92m   Compiling[0m aho-corasick v1.1.4
[1m[92m   Compiling[0m regex-syntax v0.8.11
[1m[92m   Compiling[0m serde v1.0.229
[1m[92m   Compiling[0m tower-service v0.3.3
[1m[92m   Compiling[0m regex-automata v0.4.16
=== progress at 12:20:19, 25s into the step
    PID    PPID    PGID     ELAPSED STAT   RSS COMMAND
   1836    1816    1761       01:37 Sl   133920 /home/runner/actions-runner/cached/2.337.0/bin/Runner.Worker spawnclient 142 145
   1778    1776    1761       03:43 Sl   128492 /tmp/provjobd3464302349
   7070    5425    1761       00:00 Sl   106920 /home/runner/.rustup/toolchains/stable-x86_64-unknown-linux-gnu/bin/rustc --crate-name regex_automata --edition=2021 /home/runner/.cargo/registry/src/index.crates.io-1949cf8c6b5b557f/regex-automata-0.4.16/src/lib.rs --error-format=json --json=diagnostic-rendered-ansi,artifacts,future-incompat --crate-type lib --emit=dep-info,metadata,link -C embed-bitcode=no --allow=unexpected_cfgs --check-cfg cfg(docsrs_regex) --cfg feature="alloc" --cfg feature="dfa-build" --cfg feature="dfa-onepass" --cfg feature="dfa-search" --cfg feature="hybrid" --cfg feature="meta" --cfg feature="nfa" --cfg feature="nfa-backtrack" --cfg feature="nfa-pikevm" --cfg feature="nfa-thompson" --cfg feature="perf" --cfg feature="perf-inline" --cfg feature="perf-literal" --cfg feature="perf-literal-multisubstring" --cfg feature="perf-literal-substring" --cfg feature="std" --cfg feature="syntax" --cfg feature="unicode" --cfg feature="unicode-age" --cfg feature="unicode-bool" --cfg feature="unicode-case" --cfg feature="unicode-gencat" --cfg feature="unicode-perl" --cfg feature="unicode-script" --cfg feature="unicode-segment" --cfg feature="unicode-word-boundary" --check-cfg cfg(docsrs,test) --check-cfg cfg(feature, values("alloc", "default", "dfa", "dfa-build", "dfa-onepass", "dfa-search", "hybrid", "internal-instrument", "internal-instrument-pikevm", "logging", "meta", "nfa", "nfa-backtrack", "nfa-pikevm", "nfa-thompson", "perf", "perf-inline", "perf-literal", "perf-literal-multisubstring", "perf-literal-substring", "std", "syntax", "unicode", "unicode-age", "unicode-bool", "unicode-case", "unicode-gencat", "unicode-perl", "unicode-script", "unicode-segment", "unicode-word-boundary")) -C metadata=85dc6c17a9fb8b79 -C extra-filename=-e395964135d88009 --out-dir /home/runner/work/Knossos-Harness/Knossos-Harness/knossos-rs/target/debug/deps -C strip=debuginfo -L dependency=/home/runner/work/Knossos-Harness/Knossos-Harness/knossos-rs/target/debug/deps --extern aho_corasick=/home/runner/work/Knossos-Harness/Knossos-Harness/knossos-rs/target/debug/deps/libaho_corasick-14a51e478d192376.rmeta --extern memchr=/home/runner/work/Knossos-Harness/Knossos-Harness/knossos-rs/target/debug/deps/libmemchr-43aded205edce545.rmeta --extern regex_syntax=/home/runner/work/Knossos-Harness/Knossos-Harness/knossos-rs/target/debug/deps/libregex_syntax-808f6e5efba22395.rmeta --cap-lints allow
   1816    1761    1761       01:39 Sl   95384 /home/runner/actions-runner/cached/2.337.0/bin/Runner.Listener run
   5425    5420    1761       00:25 Sl   82732 /home/runner/.rustup/toolchains/stable-x86_64-unknown-linux-gnu/bin/cargo build --locked --bin knossos
    914       1     914       03:58 Ssl  70700 /usr/bin/dockerd -H fd:// --containerd=/run/containerd/containerd.sock
    712       1     712       03:59 Ss   48548 php-fpm: master process (/etc/php/8.1/fpm/php-fpm.conf)
    199       1     199       04:05 SLsl 44052 /sbin/multipathd -d -s
    755       1     755       03:59 Ssl  42240 /usr/bin/containerd
    839       1     838       03:58 Sl   41636 /usr/bin/mono /usr/lib/mono/4.5/xsp4.exe --port 8084 --address 0.0.0.0 --appconfigdir /etc/xsp4 --nonstop
    734       1     734       03:59 Ssl  41480 /usr/lib/snapd/snapd
   1165     754     754       03:58 Sl   32148 /usr/bin/python3 -u bin/WALinuxAgent-2.16.0.2-py3.12.egg -run-exthandlers
    754       1     754       03:59 Ss   27960 /usr/bin/python3 -u /usr/sbin/waagent -daemon
    704       1     704       03:59 Ss   19980 /usr/bin/python3 /usr/bin/networkd-dispatcher --run-startup-triggers
   1030     712     712       03:58 S    19016 php-fpm: pool www
   1032     712     712       03:58 S    19016 php-fpm: pool www
    159       1     159       04:06 S<s  17140 /lib/systemd/systemd-journald
   1761       1    1761       03:43 Ssl  15168 /opt/hca/hosted-compute-agent
   7076    7075    1761       00:00 R    14304 /usr/lib/gcc/x86_64-linux-gnu/11/cc1 -quiet -I /home/runner/.cargo/registry/src/index.crates.io-1949cf8c6b5b557f/aws-lc-sys-0.43.0/generated-include -I /home/runner/.cargo/registry/src/index.crates.io-1949cf8c6b5b557f/aws-lc-sys-0.43.0/include -I /home/runner/.cargo/registry/src/index.crates.io-1949cf8c6b5b557f/aws-lc-sys-0.43.0/aws-lc/include -I /home/runner/.cargo/registry/src/index.crates.io-1949cf8c6b5b557f/aws-lc-sys-0.43.0/aws-lc/third_party/s2n-bignum/include -I /home/runner/.cargo/registry/src/index.crates.io-1949cf8c6b5b557f/aws-lc-sys-0.43.0/aws-lc/third_party/s2n-bignum/s2n-bignum-imported/include -I /home/runner/.cargo/registry/src/index.crates.io-1949cf8c6b5b557f/aws-lc-sys-0.43.0/aws-lc/third_party/jitterentropy/jitterentropy-library -I /home/runner/.cargo/registry/src/index.crates.io-1949cf8c6b5b557f/aws-lc-sys-0.43.0/aws-lc/third_party/jitterentropy/jitterentropy-library/src -imultiarch x86_64-linux-gnu -D_REENTRANT -D _XOPEN_SOURCE=700 -D BORINGSSL_IMPLEMENTATION=1 -D BORINGSSL_PREFIX=aws_lc_0_43_0 -D AWS_LC_STDALIGN_AVAILABLE=1 -D AWS_LC_BUILTIN_SWAP_SUPPORTED=1 -D HAVE_LINUX_RANDOM_H=1 /home/runner/.cargo/registry/src/index.crates.io-1949cf8c6b5b557f/aws-lc-sys-0.43.0/aws-lc/crypto/console/console.c -quiet -dumpdir /home/runner/work/Knossos-Harness/Knossos-Harness/knossos-rs/target/debug/build/aws-lc-sys-26b2865d50ad3e38/out/ -dumpbase 763c374fde874a6d-console.c -dumpbase-ext .c -m64 -mtune=generic -march=x86-64 -O0 -Wall -Wextra -Wno-unused-parameter -std=c11 -ffunction-sections -fdata-sections -fPIC -fasynchronous-unwind-tables -fstack-protector-strong -Wformat-security -fstack-clash-protection -fcf-protection -o /tmp/ccoIRqLt.s
    502       1     502       04:03 Ss   13660 /lib/systemd/systemd-resolved
      1       0       1       04:07 Ss   13336 /sbin/init
    859       1     859       03:58 Ss    9976 /lib/systemd/systemd --user
    781       1     781       03:59 Ss    9304 sshd: /usr/sbin/sshd -D [listener] 0 of 10-100 startups
    499       1     499       04:03 Ss    8496 /lib/systemd/systemd-networkd
    752       1     752       03:59 Ss    8744 /lib/systemd/systemd-logind
    203       1     203       04:05 Ss    6664 /lib/systemd/systemd-udevd
    722       1     722       03:59 Ssl   6240 /usr/sbin/rsyslogd -n -iNONE
    872     859     859       03:58 S     5648 (sd-pam)
   1776    1761    1761       03:43 S     5664 sudo -n PROVJOBD_E2E=1 /tmp/provjobd3464302349
    412       1     412       04:04 Ss    5084 /usr/sbin/haveged --Foreground --verbose=1
    697       1     697       03:59 Ss    4972 @dbus-daemon --system --address=systemd: --nofork --nopidfile --systemd-activation --syslog-only
   1597     859    1597       03:53 Ss    4600 /usr/bin/dbus-daemon --session --address=systemd: --nofork --nopidfile --systemd-activation --syslog-only
   6135    5425    1761       00:13 S     4232 /home/runner/work/Knossos-Harness/Knossos-Harness/knossos-rs/target/debug/build/aws-lc-sys-f2d7c36df383d263/build-script-main
    703       1     703       03:59 Ssl   4096 /usr/sbin/irqbalance --foreground
   7079    5419    1761       00:00 R     3624 ps -eo pid,ppid,pgid,etime,stat,rss,args --sort=-rss
   5419    1836    1761       00:25 S     3444 /usr/bin/bash --noprofile --norc -e -o pipefail /home/runner/work/_temp/33c2ac32-b423-4d72-8e7b-294cdb58afb1.sh
    718       1     717       03:59 S     3616 /usr/sbin/chronyd -F 1
   1064     859    1062       03:58 S     3152 /usr/bin/podman
    333       1     333       04:04 Ss    2956 /usr/lib/linux-tools/6.8.0-1064-azure/hv_kvp_daemon -n
               total        used        free      shared  buff/cache   available
Mem:           15988         729       11071          46        4187       14865
Swap:           3071           0        3071
Filesystem      Size  Used Avail Use% Mounted on
/dev/root       146G   60G   86G  42% /
/dev/root       146G   60G   86G  42% /
[    9.810252] overlayfs: fs on '/home/runner/.local/share/containers/storage/overlay/metacopy-check1609868178/l1' does not support file handles, falling back to xino=off.
[    9.820611] overlayfs: fs on '/home/runner/.local/share/containers/storage/overlay/opaque-bug-check2402310259/l2' does not support file handles, falling back to xino=off.
[   10.146267] kauditd_printk_skb: 33 callbacks suppressed
[   10.146272] audit: type=1400 audit(1789992981.598:44): apparmor="STATUS" operation="profile_replace" info="same as current profile, skipping" profile="unconfined" name="/usr/lib/snapd/snap-confine" pid=1135 comm="apparmor_parser"
[   10.197044] audit: type=1400 audit(1789992981.650:45): apparmor="STATUS" operation="profile_load" profile="unconfined" name="docker-default" pid=1218 comm="apparmor_parser"
[   10.255418] Initializing XFRM netlink socket
[   10.272171] Adding 3145724k swap on /swapfile.  Priority:-2 extents:129 across:58425344k 
[   10.538935] bridge: filtering via arp/ip/ip6tables is no longer available by default. Update your scripts to load br_netfilter if you need this.
[   20.949478] hv_netvsc 6045bdc7-62b9-6045-bdc7-62b96045bdc7 eth0: VF slot 1 added
[   20.950823] hv_pci 59da54b7-2ae2-4cca-b02b-4d26ba6238c5: PCI VMBus probing: Using version 0x10004
[   20.952293] hv_pci 59da54b7-2ae2-4cca-b02b-4d26ba6238c5: PCI host bridge to bus 2ae2:00
[   20.952297] pci_bus 2ae2:00: root bus resource [mem 0xfc0000000-0xfc00fffff window]
[   20.952301] pci_bus 2ae2:00: No busn resource found for root bus, will use [bus 00-ff]
[   20.955663] pci 2ae2:00:02.0: [15b3:1016] type 00 class 0x020000 PCIe Endpoint
[   20.960294] pci 2ae2:00:02.0: BAR 0 [mem 0xfc0000000-0xfc00fffff 64bit pref]
[   20.961267] pci 2ae2:00:02.0: enabling Extended Tags
[   20.969871] pci 2ae2:00:02.0: 0.000 Gb/s available PCIe bandwidth, limited by Unknown x0 link at 2ae2:00:02.0 (capable of 63.008 Gb/s with 8.0 GT/s PCIe x8 link)
[   20.978054] pci_bus 2ae2:00: busn_res: [bus 00-ff] end is updated to 00
[   20.978063] pci 2ae2:00:02.0: BAR 0 [mem 0xfc0000000-0xfc00fffff 64bit pref]: assigned
[   21.129547] mlx5_core 2ae2:00:02.0: enabling device (0000 -> 0002)
[   21.131988] mlx5_core 2ae2:00:02.0: firmware version: 14.30.5026
[   21.346612] hv_netvsc 6045bdc7-62b9-6045-bdc7-62b96045bdc7 eth0: VF registering: eth1
[   21.346666] mlx5_core 2ae2:00:02.0 eth1: joined to eth0
[   21.347235] mlx5_core 2ae2:00:02.0: MLX5E: StrdRq(0) RqSz(1024) StrdSz(256) RxCqeCmprss(0 basic)
[   21.347287] mlx5_core 2ae2:00:02.0: is_dpll_supported:213:(pid 66): Missing SyncE capability
[   21.367246] mlx5_core 2ae2:00:02.0 enP10978s1: renamed from eth1
[   21.400961] MACsec IEEE 802.1AE
[   21.524744] mlx5_core 2ae2:00:02.0 enP10978s1: Link up
[   21.550252] hv_netvsc 6045bdc7-62b9-6045-bdc7-62b96045bdc7 eth0: Data path switched to VF: enP10978s1
[   49.236046] hv_balloon: Max. dynamic memory size: 16384 MB
