[1m[92m   Compiling[0m proc-macro2 v1.0.107
[1m[92m   Compiling[0m quote v1.0.47
[1m[92m   Compiling[0m unicode-ident v1.0.24
[1m[92m   Compiling[0m libc v0.2.189
[1m[92m   Compiling[0m syn v2.0.119
[1m[92m   Compiling[0m jobserver v0.1.35
[1m[92m   Compiling[0m find-msvc-tools v0.1.9
[1m[92m   Compiling[0m shlex v2.0.1
[1m[92m   Compiling[0m cc v1.4.0
[1m[92m   Compiling[0m log v0.4.33
[1m[92m   Compiling[0m itoa v1.0.18
[1m[92m   Compiling[0m once_cell v1.21.4
[1m[92m   Compiling[0m pin-project-lite v0.2.17
[1m[92m   Compiling[0m bytes v1.12.1
[1m[92m   Compiling[0m pkg-config v0.3.33
[1m[92m   Compiling[0m synstructure v0.13.2
[1m[92m   Compiling[0m syn v3.0.3
[1m[92m   Compiling[0m zerofrom-derive v0.1.7
[1m[92m   Compiling[0m zerofrom v0.1.8
[1m[92m   Compiling[0m yoke-derive v0.8.2
[1m[92m   Compiling[0m futures-core v0.3.33
[1m[92m   Compiling[0m cfg-if v1.0.4
[1m[92m   Compiling[0m stable_deref_trait v1.2.1
[1m[92m   Compiling[0m yoke v0.8.3
[1m[92m   Compiling[0m zerovec-derive v0.11.3
[1m[92m   Compiling[0m mio v1.2.2
[1m[92m   Compiling[0m errno v0.3.14
[1m[92m   Compiling[0m equivalent v1.0.2
[1m[92m   Compiling[0m signal-hook-registry v1.4.8
[1m[92m   Compiling[0m zerovec v0.11.6
[1m[92m   Compiling[0m tokio-macros v2.7.1
[1m[92m   Compiling[0m displaydoc v0.2.6
[1m[92m   Compiling[0m http v1.4.2
[1m[92m   Compiling[0m tracing-core v0.1.36
[1m[92m   Compiling[0m cmake v0.1.58
[1m[92m   Compiling[0m socket2 v0.6.5
[1m[92m   Compiling[0m fs_extra v1.3.0
[1m[92m   Compiling[0m dunce v1.0.5
[1m[92m   Compiling[0m memchr v2.8.3
[1m[92m   Compiling[0m smallvec v1.15.2
[1m[92m   Compiling[0m aws-lc-sys v0.43.0
[1m[92m   Compiling[0m tokio v1.53.1
[1m[92m   Compiling[0m tracing-attributes v0.1.31
[1m[92m   Compiling[0m futures-sink v0.3.33
[1m[92m   Compiling[0m foldhash v0.2.0
[1m[92m   Compiling[0m version_check v0.9.5
[1m[92m   Compiling[0m generic-array v0.14.7
[1m[92m   Compiling[0m hashbrown v0.17.1
[1m[92m   Compiling[0m tracing v0.1.44
[1m[92m   Compiling[0m serde_core v1.0.229
[1m[92m   Compiling[0m slab v0.4.12
[1m[92m   Compiling[0m tinystr v0.8.3
[1m[92m   Compiling[0m httparse v1.10.1
[1m[92m   Compiling[0m litemap v0.8.2
[1m[92m   Compiling[0m zmij v1.0.23
[1m[92m   Compiling[0m zeroize v1.9.0
[1m[92m   Compiling[0m writeable v0.6.3
[1m[92m   Compiling[0m typenum v1.20.1
[1m[92m   Compiling[0m aws-lc-rs v1.17.3
[1m[92m   Compiling[0m icu_locale_core v2.2.0
[1m[92m   Compiling[0m http-body v1.1.0
[1m[92m   Compiling[0m zerotrie v0.2.4
[1m[92m   Compiling[0m potential_utf v0.1.5
[1m[92m   Compiling[0m futures-macro v0.3.33
[1m[92m   Compiling[0m bitflags v2.13.1
[1m[92m   Compiling[0m utf8_iter v1.0.4
[1m[92m   Compiling[0m percent-encoding v2.3.2
[1m[92m   Compiling[0m icu_properties_data v2.2.0
[1m[92m   Compiling[0m zerocopy v0.8.57
[1m[92m   Compiling[0m getrandom v0.3.4
[1m[92m   Compiling[0m icu_normalizer_data v2.2.0
[1m[92m   Compiling[0m futures-task v0.3.33
[1m[92m   Compiling[0m futures-util v0.3.33
[1m[92m   Compiling[0m icu_collections v2.2.0
[1m[92m   Compiling[0m icu_provider v2.2.0
[1m[92m   Compiling[0m rustls-pki-types v1.15.1
[1m[92m   Compiling[0m indexmap v2.14.0
[1m[92m   Compiling[0m aho-corasick v1.1.4
[1m[92m   Compiling[0m tower-service v0.3.3
[1m[92m   Compiling[0m regex-syntax v0.8.11
[1m[92m   Compiling[0m serde v1.0.229
[1m[92m   Compiling[0m regex-automata v0.4.16
=== progress at 07:43:30, 25s into the step
    PID    PPID    PGID     ELAPSED STAT   RSS COMMAND
   7263    5699    5699       00:02 Sl   380864 /home/runner/.rustup/toolchains/stable-x86_64-unknown-linux-gnu/bin/rustc --crate-name regex_automata --edition=2021 /home/runner/.cargo/registry/src/index.crates.io-1949cf8c6b5b557f/regex-automata-0.4.16/src/lib.rs --error-format=json --json=diagnostic-rendered-ansi,artifacts,future-incompat --crate-type lib --emit=dep-info,metadata,link -C embed-bitcode=no --allow=unexpected_cfgs --check-cfg cfg(docsrs_regex) --cfg feature="alloc" --cfg feature="dfa-build" --cfg feature="dfa-onepass" --cfg feature="dfa-search" --cfg feature="hybrid" --cfg feature="meta" --cfg feature="nfa" --cfg feature="nfa-backtrack" --cfg feature="nfa-pikevm" --cfg feature="nfa-thompson" --cfg feature="perf" --cfg feature="perf-inline" --cfg feature="perf-literal" --cfg feature="perf-literal-multisubstring" --cfg feature="perf-literal-substring" --cfg feature="std" --cfg feature="syntax" --cfg feature="unicode" --cfg feature="unicode-age" --cfg feature="unicode-bool" --cfg feature="unicode-case" --cfg feature="unicode-gencat" --cfg feature="unicode-perl" --cfg feature="unicode-script" --cfg feature="unicode-segment" --cfg feature="unicode-word-boundary" --check-cfg cfg(docsrs,test) --check-cfg cfg(feature, values("alloc", "default", "dfa", "dfa-build", "dfa-onepass", "dfa-search", "hybrid", "internal-instrument", "internal-instrument-pikevm", "logging", "meta", "nfa", "nfa-backtrack", "nfa-pikevm", "nfa-thompson", "perf", "perf-inline", "perf-literal", "perf-literal-multisubstring", "perf-literal-substring", "std", "syntax", "unicode", "unicode-age", "unicode-bool", "unicode-case", "unicode-gencat", "unicode-perl", "unicode-script", "unicode-segment", "unicode-word-boundary")) -C metadata=85dc6c17a9fb8b79 -C extra-filename=-e395964135d88009 --out-dir /home/runner/work/Knossos-Harness/Knossos-Harness/knossos-rs/target/debug/deps -C strip=debuginfo -L dependency=/home/runner/work/Knossos-Harness/Knossos-Harness/knossos-rs/target/debug/deps --extern aho_corasick=/home/runner/work/Knossos-Harness/Knossos-Harness/knossos-rs/target/debug/deps/libaho_corasick-14a51e478d192376.rmeta --extern memchr=/home/runner/work/Knossos-Harness/Knossos-Harness/knossos-rs/target/debug/deps/libmemchr-43aded205edce545.rmeta --extern regex_syntax=/home/runner/work/Knossos-Harness/Knossos-Harness/knossos-rs/target/debug/deps/libregex_syntax-808f6e5efba22395.rmeta --cap-lints allow
   2066    2064    2050       01:39 Sl   146080 /tmp/provjobd2724873847
   2123    2087    2050       01:36 Sl   129824 /home/runner/actions-runner/cached/2.337.0/bin/Runner.Worker spawnclient 142 145
   2087    2050    2050       01:38 Sl   96700 /home/runner/actions-runner/cached/2.337.0/bin/Runner.Listener run
   5699    5698    5699       00:25 Ssl  86152 /home/runner/.rustup/toolchains/stable-x86_64-unknown-linux-gnu/bin/cargo test --all-targets --locked
   1206       1    1206       01:50 Ssl  72992 /usr/bin/dockerd -H fd:// --containerd=/run/containerd/containerd.sock
    989       1     989       01:51 Ss   51660 php-fpm: master process (/etc/php/8.3/fpm/php-fpm.conf)
   1092       1    1092       01:51 Ssl  44212 /usr/bin/containerd
    225       1     225       02:00 SLsl 43712 /sbin/multipathd -d -s
   1357    1025    1025       01:50 Sl   37964 /usr/bin/python3 -u bin/WALinuxAgent-2.16.0.2-py3.12.egg -run-exthandlers
   7355    7354    5699       00:00 R    37568 /usr/libexec/gcc/x86_64-linux-gnu/13/cc1 -quiet -I /home/runner/.cargo/registry/src/index.crates.io-1949cf8c6b5b557f/aws-lc-sys-0.43.0/generated-include -I /home/runner/.cargo/registry/src/index.crates.io-1949cf8c6b5b557f/aws-lc-sys-0.43.0/include -I /home/runner/.cargo/registry/src/index.crates.io-1949cf8c6b5b557f/aws-lc-sys-0.43.0/aws-lc/include -I /home/runner/.cargo/registry/src/index.crates.io-1949cf8c6b5b557f/aws-lc-sys-0.43.0/aws-lc/third_party/s2n-bignum/include -I /home/runner/.cargo/registry/src/index.crates.io-1949cf8c6b5b557f/aws-lc-sys-0.43.0/aws-lc/third_party/s2n-bignum/s2n-bignum-imported/include -I /home/runner/.cargo/registry/src/index.crates.io-1949cf8c6b5b557f/aws-lc-sys-0.43.0/aws-lc/third_party/jitterentropy/jitterentropy-library -I /home/runner/.cargo/registry/src/index.crates.io-1949cf8c6b5b557f/aws-lc-sys-0.43.0/aws-lc/third_party/jitterentropy/jitterentropy-library/src -imultiarch x86_64-linux-gnu -D_REENTRANT -D _XOPEN_SOURCE=700 -D BORINGSSL_IMPLEMENTATION=1 -D BORINGSSL_PREFIX=aws_lc_0_43_0 -D AWS_LC_STDALIGN_AVAILABLE=1 -D AWS_LC_BUILTIN_SWAP_SUPPORTED=1 -D HAVE_LINUX_RANDOM_H=1 /home/runner/.cargo/registry/src/index.crates.io-1949cf8c6b5b557f/aws-lc-sys-0.43.0/aws-lc/crypto/des/des.c -quiet -dumpdir /home/runner/work/Knossos-Harness/Knossos-Harness/knossos-rs/target/debug/build/aws-lc-sys-26b2865d50ad3e38/out/ -dumpbase da5030c6f3330e8d-des.c -dumpbase-ext .c -m64 -mtune=generic -march=x86-64 -O0 -Wall -Wextra -Wno-unused-parameter -std=c11 -ffunction-sections -fdata-sections -fPIC -fasynchronous-unwind-tables -fstack-protector-strong -Wformat-security -fstack-clash-protection -fcf-protection -o /tmp/ccuebGNe.s
   1025       1    1025       01:51 Ss   31576 /usr/bin/python3 -u /usr/sbin/waagent -daemon
   1216     989     989       01:50 S    21256 php-fpm: pool www
   1232     989     989       01:50 S    21256 php-fpm: pool www
    986       1     986       01:51 Ss   20852 /usr/bin/python3 /usr/bin/networkd-dispatcher --run-startup-triggers
   2050       1    2050       01:39 Ssl  18080 /opt/hca/hosted-compute-agent
    157       1     157       02:01 S<s  17720 /usr/lib/systemd/systemd-journald
      1       0       1       02:02 Ss   14436 /sbin/init
   1024       1    1024       01:51 Ssl  13632 /usr/libexec/udisks2/udisksd
    562       1     562       01:59 Ss   13188 /usr/lib/systemd/systemd-resolved
   1203       1    1203       01:50 Ssl  12780 /usr/sbin/ModemManager
   1153       1    1153       01:51 Ss   11660 /usr/lib/systemd/systemd --user
    744       1     744       01:56 Ss    9796 /usr/lib/systemd/systemd-networkd
   1022       1    1022       01:51 Ss    9780 /usr/lib/systemd/systemd-logind
    993       1     993       01:51 Ssl   8172 /usr/lib/polkit-1/polkitd --no-debug
    231       1     231       02:00 Ss    7980 /usr/lib/systemd/systemd-udevd
   2064    2050    2050       01:39 S     7060 sudo -n PROVJOBD_E2E=1 /tmp/provjobd2724873847
   1122       1    1122       01:51 Ssl   6152 /usr/sbin/rsyslogd -n -iNONE
    981       1     981       01:51 Ss    5524 @dbus-daemon --system --address=systemd: --nofork --nopidfile --systemd-activation --syslog-only
    603       1     603       01:58 Ss    5036 /usr/sbin/haveged --Foreground --verbose=1
   7359    5698    2050       00:00 R     4288 ps -eo pid,ppid,pgid,etime,stat,rss,args --sort=-rss
   6401    5699    5699       00:14 S     4180 /home/runner/work/Knossos-Harness/Knossos-Harness/knossos-rs/target/debug/build/aws-lc-sys-f2d7c36df383d263/build-script-main
   1156       1    1155       01:51 S     3724 /usr/sbin/chronyd -F 1
   5698    2123    2050       00:25 S     3596 /usr/bin/bash --noprofile --norc -e -o pipefail /home/runner/work/_temp/c168b957-9ba8-4939-8ba7-871269617e73.sh
   1161    1153    1153       01:51 S     3576 (sd-pam)
    398       1     398       01:59 Ss    2904 /usr/lib/linux-tools/6.17.0-1022-azure/hv_kvp_daemon -n
   1057       1    1057       01:51 Ss    2752 /usr/sbin/cron -f -P
   7354    6401    5699       00:00 S     2672 cc -O0 -ffunction-sections -fdata-sections -fPIC -m64 -std=c11 -I /home/runner/.cargo/registry/src/index.crates.io-1949cf8c6b5b557f/aws-lc-sys-0.43.0/generated-include -I /home/runner/.cargo/registry/src/index.crates.io-1949cf8c6b5b557f/aws-lc-sys-0.43.0/include -I /home/runner/.cargo/registry/src/index.crates.io-1949cf8c6b5b557f/aws-lc-sys-0.43.0/aws-lc/include -I /home/runner/.cargo/registry/src/index.crates.io-1949cf8c6b5b557f/aws-lc-sys-0.43.0/aws-lc/third_party/s2n-bignum/include -I /home/runner/.cargo/registry/src/index.crates.io-1949cf8c6b5b557f/aws-lc-sys-0.43.0/aws-lc/third_party/s2n-bignum/s2n-bignum-imported/include -I /home/runner/.cargo/registry/src/index.crates.io-1949cf8c6b5b557f/aws-lc-sys-0.43.0/aws-lc/third_party/jitterentropy/jitterentropy-library -I /home/runner/.cargo/registry/src/index.crates.io-1949cf8c6b5b557f/aws-lc-sys-0.43.0/aws-lc/third_party/jitterentropy/jitterentropy-library/src -Wall -Wextra -Wno-unused-parameter -pthread -D_XOPEN_SOURCE=700 -DBORINGSSL_IMPLEMENTATION=1 -DBORINGSSL_PREFIX=aws_lc_0_43_0 -DAWS_LC_STDALIGN_AVAILABLE=1 -DAWS_LC_BUILTIN_SWAP_SUPPORTED=1 -DHAVE_LINUX_RANDOM_H=1 -o /home/runner/work/Knossos-Harness/Knossos-Harness/knossos-rs/target/debug/build/aws-lc-sys-26b2865d50ad3e38/out/da5030c6f3330e8d-des.o -c /home/runner/.cargo/registry/src/index.crates.io-1949cf8c6b5b557f/aws-lc-sys-0.43.0/aws-lc/crypto/des/des.c
   5700    5698    2050       00:25 S     2424 /usr/bin/bash --noprofile --norc -e -o pipefail /home/runner/work/_temp/c168b957-9ba8-4939-8ba7-871269617e73.sh
               total        used        free      shared  buff/cache   available
Mem:           15989        1356       10863          46        4162       14633
Swap:           3071           0        3071
Filesystem      Size  Used Avail Use% Mounted on
/dev/root       145G   60G   85G  42% /
/dev/root       145G   60G   85G  42% /
[    4.254078] audit: type=1400 audit(1789976491.616:5): apparmor="STATUS" operation="profile_load" profile="unconfined" name="QtWebEngineProcess" pid=478 comm="apparmor_parser"
[    4.257435] audit: type=1400 audit(1789976491.620:6): apparmor="STATUS" operation="profile_load" profile="unconfined" name="buildah" pid=484 comm="apparmor_parser"
[    4.260544] audit: type=1400 audit(1789976491.623:7): apparmor="STATUS" operation="profile_load" profile="unconfined" name="brave" pid=483 comm="apparmor_parser"
[    4.260694] audit: type=1400 audit(1789976491.623:8): apparmor="STATUS" operation="profile_load" profile="unconfined" name="balena-etcher" pid=482 comm="apparmor_parser"
[    4.261729] audit: type=1400 audit(1789976491.624:9): apparmor="STATUS" operation="profile_load" profile="unconfined" name="cam" pid=485 comm="apparmor_parser"
[    4.262567] audit: type=1400 audit(1789976491.625:10): apparmor="STATUS" operation="profile_load" profile="unconfined" name="ch-checkns" pid=486 comm="apparmor_parser"
[    4.914509] /dev/sr0: Can't lookup blockdev
[    5.017193] mlx5_core 1fe0:00:02.0 enP8160s1: Link up
[    5.045318] hv_netvsc 000d3a3b-718f-000d-3a3b-718f000d3a3b eth0: Data path switched to VF: enP8160s1
[    5.046217] mlx5_core 1fe0:00:02.0 mlx5_0: Port: 1 Link ACTIVE
[    5.061028] 8021q: 802.1Q VLAN Support v1.8
[    6.716733] hv_netvsc 000d3a3b-718f-000d-3a3b-718f000d3a3b eth0: Data path switched from VF: enP8160s1
[    6.751641] mlx5_core 1fe0:00:02.0 mlx5_0: Port: 1 Link DOWN
[    7.417554] mlx5_core 1fe0:00:02.0 enP8160s1: Link up
[    7.467524] hv_netvsc 000d3a3b-718f-000d-3a3b-718f000d3a3b eth0: Data path switched to VF: enP8160s1
[    7.467836] mlx5_core 1fe0:00:02.0 mlx5_0: Port: 1 Link ACTIVE
[    9.878271] EXT4-fs (sda1): resizing filesystem from 19398395 to 39059195 blocks
[   10.811566] EXT4-fs (sda1): resized filesystem to 39059195
[   12.035585] evm: overlay not supported
[   12.058410] kauditd_printk_skb: 113 callbacks suppressed
[   12.058415] audit: type=1400 audit(1789976499.421:124): apparmor="STATUS" operation="profile_replace" info="same as current profile, skipping" profile="unconfined" name="rsyslogd" pid=1041 comm="apparmor_parser"
[   12.638634] systemd-journald[157]: /var/log/journal/58b34b8c91a94400a52c175421986a53/user-1001.journal: Journal file uses a different sequence number ID, rotating.
[   12.671208] loop0: detected capacity change from 0 to 8
[   12.879135] audit: type=1400 audit(1789976500.241:125): apparmor="STATUS" operation="profile_replace" info="same as current profile, skipping" profile="unconfined" name="/usr/lib/snapd/snap-confine" pid=1392 comm="apparmor_parser"
[   12.898735] audit: type=1400 audit(1789976500.261:126): apparmor="STATUS" operation="profile_load" profile="unconfined" name="docker-default" pid=1445 comm="apparmor_parser"
[   12.903831] Adding 3145724k swap on /swapfile.  Priority:-2 extents:110 across:54919164k 
[   13.140374] Initializing XFRM netlink socket
[   13.299075] bridge: filtering via arp/ip/ip6tables is no longer available by default. Update your scripts to load br_netfilter if you need this.
[   16.753137] workqueue: drm_fb_helper_damage_work hogged CPU for >10000us 11 times, consider switching to WQ_UNBOUND
[   49.160917] hv_balloon: Max. dynamic memory size: 16384 MB
