=== phase build 13:56:50
[1m[92m   Compiling[0m proc-macro2 v1.0.107
[1m[92m   Compiling[0m quote v1.0.47
[1m[92m   Compiling[0m unicode-ident v1.0.24
[1m[92m   Compiling[0m libc v0.2.189
[1m[92m   Compiling[0m syn v2.0.119
[1m[92m   Compiling[0m jobserver v0.1.35
[1m[92m   Compiling[0m find-msvc-tools v0.1.9
[1m[92m   Compiling[0m shlex v2.0.1
[1m[92m   Compiling[0m cc v1.4.0
[1m[92m   Compiling[0m log v0.4.33
[1m[92m   Compiling[0m itoa v1.0.18
[1m[92m   Compiling[0m synstructure v0.13.2
[1m[92m   Compiling[0m pin-project-lite v0.2.17
[1m[92m   Compiling[0m bytes v1.12.1
[1m[92m   Compiling[0m zerofrom-derive v0.1.7
[1m[92m   Compiling[0m pkg-config v0.3.33
[1m[92m   Compiling[0m once_cell v1.21.4
[1m[92m   Compiling[0m zerofrom v0.1.8
[1m[92m   Compiling[0m yoke-derive v0.8.2
[1m[92m   Compiling[0m syn v3.0.3
[1m[92m   Compiling[0m stable_deref_trait v1.2.1
[1m[92m   Compiling[0m futures-core v0.3.33
[1m[92m   Compiling[0m yoke v0.8.3
[1m[92m   Compiling[0m cfg-if v1.0.4
[1m[92m   Compiling[0m mio v1.2.2
[1m[92m   Compiling[0m zerovec-derive v0.11.3
[1m[92m   Compiling[0m errno v0.3.14
[1m[92m   Compiling[0m equivalent v1.0.2
[1m[92m   Compiling[0m signal-hook-registry v1.4.8
[1m[92m   Compiling[0m zerovec v0.11.6
[1m[92m   Compiling[0m tracing-core v0.1.36
[1m[92m   Compiling[0m http v1.4.2
[1m[92m   Compiling[0m cmake v0.1.58
[1m[92m   Compiling[0m tokio-macros v2.7.1
[1m[92m   Compiling[0m displaydoc v0.2.6
[1m[92m   Compiling[0m socket2 v0.6.5
[1m[92m   Compiling[0m smallvec v1.15.2
[1m[92m   Compiling[0m dunce v1.0.5
[1m[92m   Compiling[0m memchr v2.8.3
[1m[92m   Compiling[0m fs_extra v1.3.0
[1m[92m   Compiling[0m aws-lc-sys v0.43.0
[1m[92m   Compiling[0m tokio v1.53.1
[1m[92m   Compiling[0m tracing-attributes v0.1.31
[1m[92m   Compiling[0m futures-sink v0.3.33
[1m[92m   Compiling[0m foldhash v0.2.0
[1m[92m   Compiling[0m version_check v0.9.5
[1m[92m   Compiling[0m generic-array v0.14.7
[1m[92m   Compiling[0m hashbrown v0.17.1
[1m[92m   Compiling[0m tracing v0.1.44
=== progress at 13:57:15, 25s into the step
    PID    PPID    PGID     ELAPSED STAT   RSS COMMAND
   2058    2056    2043       04:37 Sl   137096 /tmp/provjobd3615054143
   2121    2102    2043       01:33 Sl   136008 /home/runner/actions-runner/cached/2.337.0/bin/Runner.Worker spawnclient 142 145
   2102    2043    2043       01:34 Sl   96300 /home/runner/actions-runner/cached/2.337.0/bin/Runner.Listener run
   5743    5738    2043       00:25 SNl  81828 /home/runner/.rustup/toolchains/stable-x86_64-unknown-linux-gnu/bin/cargo build --locked --bin knossos
   1310       1    1310       04:52 Ssl  71792 /usr/bin/dockerd -H fd:// --containerd=/run/containerd/containerd.sock
    982       1     982       04:53 Ss   51856 php-fpm: master process (/etc/php/8.3/fpm/php-fpm.conf)
   1078       1    1078       04:52 Ssl  47620 /usr/bin/containerd
    219       1     219       05:00 SLsl 43712 /sbin/multipathd -d -s
   1335    1013    1013       04:52 Sl   37304 /usr/bin/python3 -u bin/WALinuxAgent-2.16.0.2-py3.12.egg -run-exthandlers
   1013       1    1013       04:53 Ss   30792 /usr/bin/python3 -u /usr/sbin/waagent -daemon
   1385     982     982       04:51 S    21544 php-fpm: pool www
   1388     982     982       04:51 S    21544 php-fpm: pool www
    979       1     979       04:53 Ss   21040 /usr/bin/python3 /usr/bin/networkd-dispatcher --run-startup-triggers
    155       1     155       05:00 S<s  17652 /usr/lib/systemd/systemd-journald
   2043       1    2043       04:37 Ssl  17352 /opt/hca/hosted-compute-agent
      1       0       1       05:02 Ss   14400 /sbin/init
   1012       1    1012       04:53 Ssl  13788 /usr/libexec/udisks2/udisksd
    529       1     529       04:58 Ss   13192 /usr/lib/systemd/systemd-resolved
   1169       1    1169       04:52 Ssl  13052 /usr/sbin/ModemManager
   1122       1    1122       04:52 Ss   11420 /usr/lib/systemd/systemd --user
   1010       1    1010       04:53 Ss   10004 /usr/lib/systemd/systemd-logind
    737       1     737       04:57 Ss    9776 /usr/lib/systemd/systemd-networkd
    986       1     986       04:53 Ssl   8232 /usr/lib/polkit-1/polkitd --no-debug
    225       1     225       05:00 Ss    7972 /usr/lib/systemd/systemd-udevd
   2056    2043    2043       04:37 S     7028 sudo -n PROVJOBD_E2E=1 /tmp/provjobd3615054143
   1158       1    1158       04:52 Ssl   6240 /usr/sbin/rsyslogd -n -iNONE
    975       1     975       04:53 Ss    5608 @dbus-daemon --system --address=systemd: --nofork --nopidfile --systemd-activation --syslog-only
    596       1     596       04:58 Ss    5028 /usr/sbin/haveged --Foreground --verbose=1
   6714    5737    2043       00:00 R     4268 ps -eo pid,ppid,pgid,etime,stat,rss,args --sort=-rss
   6519    5743    2043       00:03 SN    4112 /home/runner/work/Knossos-Harness/Knossos-Harness/knossos-rs/target/debug/build/aws-lc-sys-f2d7c36df383d263/build-script-main
   1118       1    1116       04:52 S     3640 /usr/sbin/chronyd -F 1
   1168    1122    1122       04:52 S     3592 (sd-pam)
   5737    2121    2043       00:25 S     3564 /usr/bin/bash --noprofile --norc -e -o pipefail /home/runner/work/_temp/479f5d4d-23a4-45ff-a5fd-59be20c77491.sh
    405       1     405       04:59 Ss    2908 /usr/lib/linux-tools/6.17.0-1022-azure/hv_kvp_daemon -n
   1039       1    1039       04:53 Ss    2756 /usr/sbin/cron -f -P
   5739    5737    2043       00:25 S     2424 /usr/bin/bash --noprofile --norc -e -o pipefail /home/runner/work/_temp/479f5d4d-23a4-45ff-a5fd-59be20c77491.sh
   5738    5737    2043       00:25 S     2256 /usr/bin/bash --noprofile --norc -e -o pipefail /home/runner/work/_temp/479f5d4d-23a4-45ff-a5fd-59be20c77491.sh
   1094       1    1094       04:52 Ss+   2164 /sbin/agetty -o -p -- \u --keep-baud 115200,57600,38400,9600 - vt220
   1137       1    1137       04:52 Ss+   2044 /sbin/agetty -o -p -- \u --noclear - linux
               total        used        free      shared  buff/cache   available
Mem:           15989        1174       11120          48        4089       14815
Swap:           3071           0        3071
Filesystem      Size  Used Avail Use% Mounted on
/dev/root       145G   60G   86G  42% /
/dev/root       145G   60G   86G  42% /
[    3.906537] audit: type=1400 audit(1789998736.738:4): apparmor="STATUS" operation="profile_load" profile="unconfined" name="QtWebEngineProcess" pid=473 comm="apparmor_parser"
[    3.910398] audit: type=1400 audit(1789998736.738:5): apparmor="STATUS" operation="profile_load" profile="unconfined" name=4D6F6E676F444220436F6D70617373 pid=471 comm="apparmor_parser"
[    3.910405] audit: type=1400 audit(1789998736.738:6): apparmor="STATUS" operation="profile_load" profile="unconfined" name="brave" pid=477 comm="apparmor_parser"
[    3.910409] audit: type=1400 audit(1789998736.738:7): apparmor="STATUS" operation="profile_load" profile="unconfined" name="cam" pid=479 comm="apparmor_parser"
[    3.910413] audit: type=1400 audit(1789998736.738:8): apparmor="STATUS" operation="profile_load" profile="unconfined" name="buildah" pid=478 comm="apparmor_parser"
[    3.912121] audit: type=1400 audit(1789998736.743:9): apparmor="STATUS" operation="profile_load" profile="unconfined" name="ch-run" pid=481 comm="apparmor_parser"
[    3.912166] audit: type=1400 audit(1789998736.743:10): apparmor="STATUS" operation="profile_load" profile="unconfined" name="chrome" pid=482 comm="apparmor_parser"
[    4.450670] /dev/sr0: Can't lookup blockdev
[    4.540795] mlx5_core 61e0:00:02.0 enP25056s1: Link up
[    4.570886] hv_netvsc 7ced8d4d-efbc-7ced-8d4d-efbc7ced8d4d eth0: Data path switched to VF: enP25056s1
[    4.571478] mlx5_core 61e0:00:02.0 mlx5_0: Port: 1 Link ACTIVE
[    4.589251] 8021q: 802.1Q VLAN Support v1.8
[    4.901124] hv_netvsc 7ced8d4d-efbc-7ced-8d4d-efbc7ced8d4d eth0: Data path switched from VF: enP25056s1
[    4.933508] mlx5_core 61e0:00:02.0 mlx5_0: Port: 1 Link DOWN
[    5.570468] mlx5_core 61e0:00:02.0 enP25056s1: Link up
[    5.587273] hv_netvsc 7ced8d4d-efbc-7ced-8d4d-efbc7ced8d4d eth0: Data path switched to VF: enP25056s1
[    5.587471] mlx5_core 61e0:00:02.0 mlx5_0: Port: 1 Link ACTIVE
[    7.562388] EXT4-fs (sda1): resizing filesystem from 19398395 to 39059195 blocks
[    8.479888] EXT4-fs (sda1): resized filesystem to 39059195
[    9.845005] evm: overlay not supported
[   10.139317] kauditd_printk_skb: 113 callbacks suppressed
[   10.139321] audit: type=1400 audit(1789998742.970:124): apparmor="STATUS" operation="profile_replace" info="same as current profile, skipping" profile="unconfined" name="rsyslogd" pid=1113 comm="apparmor_parser"
[   10.531362] systemd-journald[155]: /var/log/journal/58b34b8c91a94400a52c175421986a53/user-1001.journal: Journal file uses a different sequence number ID, rotating.
[   10.568773] loop0: detected capacity change from 0 to 8
[   10.796214] audit: type=1400 audit(1789998743.627:125): apparmor="STATUS" operation="profile_replace" info="same as current profile, skipping" profile="unconfined" name="/usr/lib/snapd/snap-confine" pid=1352 comm="apparmor_parser"
[   11.157102] audit: type=1400 audit(1789998743.987:126): apparmor="STATUS" operation="profile_load" profile="unconfined" name="docker-default" pid=1470 comm="apparmor_parser"
[   11.480813] Initializing XFRM netlink socket
[   11.658011] bridge: filtering via arp/ip/ip6tables is no longer available by default. Update your scripts to load br_netfilter if you need this.
[   12.377644] Adding 3145724k swap on /swapfile.  Priority:-2 extents:110 across:54919164k 
[   49.116021] hv_balloon: Max. dynamic memory size: 16384 MB
